2026-02-05 13:22:22,385 - __main__ - INFO - ============================================================
2026-02-05 13:22:22,428 - __main__ - INFO - EARTHQUAKE DATA CLEANING
2026-02-05 13:22:22,440 - __main__ - INFO - ============================================================
2026-02-05 13:22:22,471 - __main__ - INFO - Project root: C:\Users\woodn\OneDrive\Desktop\MAPOU_LAB_CAPSTONE\earthquake-flood-alert
2026-02-05 13:22:22,486 - __main__ - INFO - Loading data from C:\Users\woodn\OneDrive\Desktop\MAPOU_LAB_CAPSTONE\earthquake-flood-alert\data\raw\earthquakes\california_training_data.csv
2026-02-05 13:22:22,864 - __main__ - INFO - Loaded 13,284 raw records
2026-02-05 13:22:22,864 - __main__ - INFO - Starting data cleaning...
2026-02-05 13:22:22,993 - __main__ - INFO - Removed 0 duplicate rows
2026-02-05 13:22:23,029 - __main__ - INFO - After dropping missing critical values: 13284 rows (was 13284)
2026-02-05 13:22:23,034 - __main__ - WARNING - Removing 219 invalid depth values (<0 or >700km)
2026-02-05 13:22:23,053 - __main__ - INFO - Parsing 'time' column to datetime...
2026-02-05 13:22:23,232 - __main__ - WARNING - Removing 106 rows with unparseable timestamps
2026-02-05 13:22:23,340 - __main__ - INFO - Adding derived features...
2026-02-05 13:22:25,630 - src.utils.helpers - INFO - Saved cleaned earthquake data: C:\Users\woodn\OneDrive\Desktop\MAPOU_LAB_CAPSTONE\earthquake-flood-alert\data\processed\earthquake_cleaned.csv (12959 records)
2026-02-05 13:22:25,652 - __main__ - INFO - 
============================================================
2026-02-05 13:22:25,703 - __main__ - INFO - CLEANING SUMMARY
2026-02-05 13:22:25,733 - __main__ - INFO - ============================================================
2026-02-05 13:22:25,799 - __main__ - INFO - Original records: 13,284
2026-02-05 13:22:25,837 - __main__ - INFO - Cleaned records: 12,959
2026-02-05 13:22:25,897 - __main__ - INFO - Retention rate: 97.6%
2026-02-05 13:22:25,942 - __main__ - INFO - Significant earthquakes (mag >= 5.0): 35
2026-02-05 13:22:25,971 - __main__ - INFO - Date range: 2015-01-01 08:43:07.260000+00:00 to 2023-12-31 20:28:15.190000+00:00
2026-02-05 19:12:19,057 - __main__ - INFO - ============================================================
2026-02-05 19:12:19,062 - __main__ - INFO - EARTHQUAKE DATA CLEANING
2026-02-05 19:12:19,063 - __main__ - INFO - ============================================================
2026-02-05 19:12:19,063 - __main__ - INFO - Project root: C:\Users\woodn\OneDrive\Desktop\MAPOU_LAB_CAPSTONE\earthquake-flood-alert
2026-02-05 19:12:19,065 - __main__ - INFO - Loading data from C:\Users\woodn\OneDrive\Desktop\MAPOU_LAB_CAPSTONE\earthquake-flood-alert\data\raw\earthquakes\california_training_data.csv
2026-02-05 19:12:19,432 - __main__ - INFO - Loaded 13,284 raw records
2026-02-05 19:12:19,433 - __main__ - INFO - Starting data cleaning...
2026-02-05 19:12:19,539 - __main__ - INFO - Removed 0 duplicate rows
2026-02-05 19:12:19,564 - __main__ - INFO - After dropping missing critical values: 13284 rows (was 13284)
2026-02-05 19:12:19,569 - __main__ - WARNING - Removing 219 invalid depth values (<0 or >700km)
2026-02-05 19:12:19,594 - __main__ - INFO - Parsing 'time' column to datetime...
2026-02-05 19:12:19,743 - __main__ - WARNING - Removing 106 rows with unparseable timestamps
2026-02-05 19:12:19,893 - __main__ - INFO - Adding derived features...
2026-02-05 19:12:22,305 - src.utils.helpers - INFO - Saved cleaned earthquake data: C:\Users\woodn\OneDrive\Desktop\MAPOU_LAB_CAPSTONE\earthquake-flood-alert\data\processed\earthquake_cleaned.csv (12959 records)
2026-02-05 19:12:22,316 - __main__ - INFO - 
============================================================
2026-02-05 19:12:22,320 - __main__ - INFO - CLEANING SUMMARY
2026-02-05 19:12:22,324 - __main__ - INFO - ============================================================
2026-02-05 19:12:22,350 - __main__ - INFO - Original records: 13,284
2026-02-05 19:12:22,361 - __main__ - INFO - Cleaned records: 12,959
2026-02-05 19:12:22,381 - __main__ - INFO - Retention rate: 97.6%
2026-02-05 19:12:22,393 - __main__ - INFO - Significant earthquakes (mag >= 5.0): 35
2026-02-05 19:12:22,406 - __main__ - INFO - Date range: 2015-01-01 08:43:07.260000+00:00 to 2023-12-31 20:28:15.190000+00:00
2026-02-05 19:38:06,936 - __main__ - INFO - ============================================================
2026-02-05 19:38:06,940 - __main__ - INFO - EARTHQUAKE DATA CLEANING
2026-02-05 19:38:06,942 - __main__ - INFO - ============================================================
2026-02-05 19:38:06,943 - __main__ - INFO - Project root: C:\Users\woodn\OneDrive\Desktop\MAPOU_LAB_CAPSTONE\earthquake-flood-alert
2026-02-05 19:38:06,945 - __main__ - INFO - Loading data from C:\Users\woodn\OneDrive\Desktop\MAPOU_LAB_CAPSTONE\earthquake-flood-alert\data\raw\earthquakes\california_training_data.csv
2026-02-05 19:38:07,193 - __main__ - INFO - Loaded 13,284 raw records
2026-02-05 19:38:07,195 - __main__ - INFO - Starting data cleaning...
2026-02-05 19:38:07,292 - __main__ - INFO - Removed 0 duplicate rows
2026-02-05 19:38:07,318 - __main__ - INFO - After dropping missing critical values: 13284 rows (was 13284)
2026-02-05 19:38:07,345 - __main__ - WARNING - Removing 219 invalid depth values (<0 or >700km)
2026-02-05 19:38:07,370 - __main__ - INFO - Parsing 'time' column to datetime...
2026-02-05 19:38:07,487 - __main__ - WARNING - Removing 106 rows with unparseable timestamps
2026-02-05 19:38:07,550 - __main__ - INFO - Adding derived features...
2026-02-05 19:38:08,751 - src.utils.helpers - INFO - Saved cleaned earthquake data: C:\Users\woodn\OneDrive\Desktop\MAPOU_LAB_CAPSTONE\earthquake-flood-alert\data\processed\earthquake_cleaned.csv (12959 records)
2026-02-05 19:38:08,752 - __main__ - INFO - 
============================================================
2026-02-05 19:38:08,755 - __main__ - INFO - CLEANING SUMMARY
2026-02-05 19:38:08,756 - __main__ - INFO - ============================================================
2026-02-05 19:38:08,757 - __main__ - INFO - Original records: 13,284
2026-02-05 19:38:08,765 - __main__ - INFO - Cleaned records: 12,959
2026-02-05 19:38:08,771 - __main__ - INFO - Retention rate: 97.6%
2026-02-05 19:38:08,776 - __main__ - INFO - Significant earthquakes (mag >= 5.0): 35
2026-02-05 19:38:08,779 - __main__ - INFO - Date range: 2015-01-01 08:43:07.260000+00:00 to 2023-12-31 20:28:15.190000+00:00
2026-02-05 19:44:45,158 - __main__ - INFO - ============================================================
2026-02-05 19:44:45,161 - __main__ - INFO - EARTHQUAKE DATA CLEANING
2026-02-05 19:44:45,162 - __main__ - INFO - ============================================================
2026-02-05 19:44:45,163 - __main__ - INFO - Project root: C:\Users\woodn\OneDrive\Desktop\MAPOU_LAB_CAPSTONE\earthquake-flood-alert
2026-02-05 19:44:45,165 - __main__ - INFO - Loading data from C:\Users\woodn\OneDrive\Desktop\MAPOU_LAB_CAPSTONE\earthquake-flood-alert\data\raw\earthquakes\california_training_data.csv
2026-02-05 19:44:45,416 - __main__ - INFO - Loaded 13,284 raw records
2026-02-05 19:44:45,417 - __main__ - INFO - Starting data cleaning...
2026-02-05 19:44:45,514 - __main__ - INFO - Removed 0 duplicate rows
2026-02-05 19:44:45,545 - __main__ - INFO - After dropping missing critical values: 13284 rows (was 13284)
2026-02-05 19:44:45,552 - __main__ - WARNING - Removing 219 invalid depth values (<0 or >700km)
2026-02-05 19:44:45,570 - __main__ - INFO - Parsing 'time' column to datetime...
2026-02-05 19:44:45,681 - __main__ - WARNING - Removing 106 rows with unparseable timestamps
2026-02-05 19:44:45,736 - __main__ - INFO - Adding derived features...
2026-02-05 19:44:47,801 - src.utils.helpers - INFO - Saved cleaned earthquake data: C:\Users\woodn\OneDrive\Desktop\MAPOU_LAB_CAPSTONE\earthquake-flood-alert\data\processed\earthquake_cleaned.csv (12959 records)
2026-02-05 19:44:47,815 - __main__ - INFO - 
============================================================
2026-02-05 19:44:47,828 - __main__ - INFO - CLEANING SUMMARY
2026-02-05 19:44:47,835 - __main__ - INFO - ============================================================
2026-02-05 19:44:47,839 - __main__ - INFO - Original records: 13,284
2026-02-05 19:44:47,840 - __main__ - INFO - Cleaned records: 12,959
2026-02-05 19:44:47,843 - __main__ - INFO - Retention rate: 97.6%
2026-02-05 19:44:47,850 - __main__ - INFO - Significant earthquakes (mag >= 5.0): 35
2026-02-05 19:44:47,856 - __main__ - INFO - Date range: 2015-01-01 08:43:07.260000+00:00 to 2023-12-31 20:28:15.190000+00:00
2026-02-05 19:49:30,586 - __main__ - INFO - ============================================================
2026-02-05 19:49:30,590 - __main__ - INFO - EARTHQUAKE DATA CLEANING
2026-02-05 19:49:30,591 - __main__ - INFO - ============================================================
2026-02-05 19:49:30,592 - __main__ - INFO - Project root: C:\Users\woodn\OneDrive\Desktop\MAPOU_LAB_CAPSTONE\earthquake-flood-alert
2026-02-05 19:49:30,593 - __main__ - INFO - Loading data from C:\Users\woodn\OneDrive\Desktop\MAPOU_LAB_CAPSTONE\earthquake-flood-alert\data\raw\earthquakes\california_training_data.csv
2026-02-05 19:49:30,946 - __main__ - INFO - Loaded 13,284 raw records
2026-02-05 19:49:30,948 - __main__ - INFO - Starting data cleaning...
2026-02-05 19:49:31,095 - __main__ - INFO - Removed 0 duplicate rows
2026-02-05 19:49:31,127 - __main__ - INFO - After dropping missing critical values: 13284 rows (was 13284)
2026-02-05 19:49:31,133 - __main__ - WARNING - Removing 219 invalid depth values (<0 or >700km)
2026-02-05 19:49:31,159 - __main__ - INFO - Parsing 'time' column to datetime...
2026-02-05 19:49:31,343 - __main__ - WARNING - Removing 106 rows with unparseable timestamps
2026-02-05 19:49:31,428 - __main__ - INFO - Adding derived features...
2026-02-05 19:49:33,340 - src.utils.helpers - INFO - Saved cleaned earthquake data: C:\Users\woodn\OneDrive\Desktop\MAPOU_LAB_CAPSTONE\earthquake-flood-alert\data\processed\earthquake_cleaned.csv (12959 records)
2026-02-05 19:49:33,343 - __main__ - INFO - 
============================================================
2026-02-05 19:49:33,365 - __main__ - INFO - CLEANING SUMMARY
2026-02-05 19:49:33,367 - __main__ - INFO - ============================================================
2026-02-05 19:49:33,379 - __main__ - INFO - Original records: 13,284
2026-02-05 19:49:33,397 - __main__ - INFO - Cleaned records: 12,959
2026-02-05 19:49:33,399 - __main__ - INFO - Retention rate: 97.6%
2026-02-05 19:49:33,426 - __main__ - INFO - Significant earthquakes (mag >= 5.0): 35
2026-02-05 19:49:33,433 - __main__ - INFO - Date range: 2015-01-01 08:43:07.260000+00:00 to 2023-12-31 20:28:15.190000+00:00
2026-02-07 23:32:45,450 - __main__ - INFO - ============================================================
2026-02-07 23:32:45,454 - __main__ - INFO - EARTHQUAKE DATA CLEANING
2026-02-07 23:32:45,454 - __main__ - INFO - ============================================================
2026-02-07 23:32:45,456 - __main__ - INFO - Project root: C:\Users\woodn\OneDrive\Desktop\MAPOU_LAB_CAPSTONE\earthquake-flood-alert
2026-02-07 23:32:45,458 - __main__ - INFO - Loading data from C:\Users\woodn\OneDrive\Desktop\MAPOU_LAB_CAPSTONE\earthquake-flood-alert\data\raw\earthquakes\california_training_data.csv
2026-02-07 23:32:45,737 - __main__ - INFO - Loaded 13,284 raw records
2026-02-07 23:32:45,737 - __main__ - INFO - Starting data cleaning...
2026-02-07 23:32:45,827 - __main__ - INFO - Removed 0 duplicate rows
2026-02-07 23:32:45,859 - __main__ - INFO - After dropping missing critical values: 13284 rows (was 13284)
2026-02-07 23:32:45,865 - __main__ - WARNING - Removing 219 invalid depth values (<0 or >700km)
2026-02-07 23:32:45,889 - __main__ - INFO - Parsing 'time' column to datetime...
2026-02-07 23:32:46,017 - __main__ - WARNING - Removing 106 rows with unparseable timestamps
2026-02-07 23:32:46,055 - __main__ - INFO - OK Cleaning complete. Final rows: 12959 (from original 13284)
2026-02-07 23:32:46,057 - __main__ - INFO - Adding derived features...
2026-02-07 23:32:46,138 - __main__ - INFO - OK Added 9 derived features
2026-02-07 23:32:47,371 - src.utils.helpers - INFO - Saved cleaned earthquake data: C:\Users\woodn\OneDrive\Desktop\MAPOU_LAB_CAPSTONE\earthquake-flood-alert\data\processed\earthquake_cleaned.csv (12959 records)
2026-02-07 23:32:47,373 - __main__ - INFO - 
============================================================
2026-02-07 23:32:47,375 - __main__ - INFO - CLEANING SUMMARY
2026-02-07 23:32:47,377 - __main__ - INFO - ============================================================
2026-02-07 23:32:47,377 - __main__ - INFO - Original records: 13,284
2026-02-07 23:32:47,381 - __main__ - INFO - Cleaned records: 12,959
2026-02-07 23:32:47,381 - __main__ - INFO - Retention rate: 97.6%
2026-02-07 23:32:47,389 - __main__ - INFO - Significant earthquakes (mag >= 5.0): 35
2026-02-07 23:32:47,393 - __main__ - INFO - Date range: 2015-01-01 08:43:07.260000+00:00 to 2023-12-31 20:28:15.190000+00:00
2026-02-07 23:32:47,395 - __main__ - INFO - OK Cleaned data saved to: C:\Users\woodn\OneDrive\Desktop\MAPOU_LAB_CAPSTONE\earthquake-flood-alert\data\processed\earthquake_cleaned.csv
2026-02-07 23:36:27,891 - __main__ - INFO - ============================================================
2026-02-07 23:36:27,901 - __main__ - INFO - EARTHQUAKE DATA CLEANING
2026-02-07 23:36:27,911 - __main__ - INFO - ============================================================
2026-02-07 23:36:27,983 - __main__ - INFO - Project root: C:\Users\woodn\OneDrive\Desktop\MAPOU_LAB_CAPSTONE\earthquake-flood-alert
2026-02-07 23:36:28,008 - __main__ - INFO - Loading data from C:\Users\woodn\OneDrive\Desktop\MAPOU_LAB_CAPSTONE\earthquake-flood-alert\data\raw\earthquakes\california_training_data.csv
2026-02-07 23:36:28,514 - __main__ - INFO - Loaded 13,284 raw records
2026-02-07 23:36:28,827 - __main__ - INFO - After dropping missing critical values: 13284 rows (was 13284)
2026-02-07 23:36:28,910 - __main__ - WARNING - Removing 219 invalid depth values (<0 or >700km)
2026-02-07 23:36:29,032 - __main__ - INFO - Parsing 'time' column to datetime...
2026-02-07 23:36:29,453 - __main__ - WARNING - Removing 106 rows with unparseable timestamps
2026-02-07 23:36:29,610 - __main__ - INFO - OK Cleaning complete. Final rows: 12959 (from original 13284)
2026-02-07 23:36:29,660 - __main__ - INFO - Adding derived features...
2026-02-07 23:36:29,840 - __main__ - INFO - OK Added 9 derived features
2026-02-07 23:36:32,358 - src.utils.helpers - INFO - Saved cleaned earthquake data: C:\Users\woodn\OneDrive\Desktop\MAPOU_LAB_CAPSTONE\earthquake-flood-alert\data\processed\earthquake_cleaned.csv (12959 records)
2026-02-07 23:36:32,368 - __main__ - INFO - 
============================================================
2026-02-07 23:36:32,410 - __main__ - INFO - CLEANING SUMMARY
2026-02-07 23:36:32,443 - __main__ - INFO - ============================================================
2026-02-07 23:36:32,505 - __main__ - INFO - Original records: 13,284
2026-02-07 23:36:32,533 - __main__ - INFO - Cleaned records: 12,959
2026-02-07 23:36:32,608 - __main__ - INFO - Retention rate: 97.6%
2026-02-07 23:36:32,685 - __main__ - INFO - Significant earthquakes (mag >= 5.0): 35
2026-02-07 23:36:32,754 - __main__ - INFO - Date range: 2015-01-01 08:43:07.260000+00:00 to 2023-12-31 20:28:15.190000+00:00
2026-02-07 23:36:32,809 - __main__ - INFO - OK Cleaned data saved to: C:\Users\woodn\OneDrive\Desktop\MAPOU_LAB_CAPSTONE\earthquake-flood-alert\data\processed\earthquake_cleaned.csv
2026-02-07 23:39:17,307 - __main__ - INFO - 

2026-02-07 23:39:17,315 - __main__ - INFO - EARTHQUAKE DATA CLEANING
2026-02-07 23:39:17,341 - __main__ - INFO - Loading data from C:\Users\woodn\OneDrive\Desktop\MAPOU_LAB_CAPSTONE\earthquake-flood-alert\data\raw\earthquakes\california_training_data.csv
2026-02-07 23:39:18,029 - __main__ - INFO - Loaded 13,284 raw records
2026-02-07 23:39:18,240 - __main__ - INFO - After dropping missing critical values: 13284 rows (was 13284)
2026-02-07 23:39:18,264 - __main__ - WARNING - Removing 219 invalid depth values (<0 or >700km)
2026-02-07 23:39:18,326 - __main__ - INFO - Parsing 'time' column to datetime...
2026-02-07 23:39:18,495 - __main__ - WARNING - Removing 106 rows with unparseable timestamps
2026-02-07 23:39:18,575 - __main__ - INFO - OK Cleaning complete. Final rows: 12959 (from original 13284)
2026-02-07 23:39:18,579 - __main__ - INFO - Adding derived features...
2026-02-07 23:39:18,680 - __main__ - INFO - OK Added 9 derived features
2026-02-07 23:39:19,673 - src.utils.helpers - INFO - Saved cleaned earthquake data: C:\Users\woodn\OneDrive\Desktop\MAPOU_LAB_CAPSTONE\earthquake-flood-alert\data\processed\earthquake_cleaned.csv (12959 records)
2026-02-07 23:39:19,673 - __main__ - INFO - 

2026-02-07 23:39:19,673 - __main__ - INFO - CLEANING SUMMARY
2026-02-07 23:39:19,673 - __main__ - INFO - Cleaned records: 12,959
2026-02-07 23:39:19,673 - __main__ - INFO - Retention rate: 97.6%
2026-02-07 23:39:19,675 - __main__ - INFO - Significant earthquakes (mag >= 5.0): 35
2026-02-07 23:39:19,677 - __main__ - INFO - Date range: 2015-01-01 08:43:07.260000+00:00 to 2023-12-31 20:28:15.190000+00:00
2026-02-07 23:39:19,677 - __main__ - INFO - OK Cleaned data saved to: C:\Users\woodn\OneDrive\Desktop\MAPOU_LAB_CAPSTONE\earthquake-flood-alert\data\processed\earthquake_cleaned.csv
2026-02-07 23:41:45,009 - __main__ - INFO - 

2026-02-07 23:41:45,009 - __main__ - INFO - EARTHQUAKE DATA CLEANING
2026-02-07 23:41:45,245 - __main__ - INFO - After dropping missing critical values: 13284 rows (was 13284)
2026-02-07 23:41:45,255 - __main__ - WARNING - Removing 219 invalid depth values (<0 or >700km)
2026-02-07 23:41:45,300 - __main__ - INFO - Parsing 'time' column to datetime...
2026-02-07 23:41:45,428 - __main__ - WARNING - Removing 106 rows with unparseable timestamps
2026-02-07 23:41:45,487 - __main__ - INFO - OK Cleaning complete. Final rows: 12959 (from original 13284)
2026-02-07 23:41:45,499 - __main__ - INFO - Adding derived features...
2026-02-07 23:41:45,580 - __main__ - INFO - OK Added 9 derived features
2026-02-07 23:41:47,405 - src.utils.helpers - INFO - Saved cleaned earthquake data: C:\Users\woodn\OneDrive\Desktop\MAPOU_LAB_CAPSTONE\earthquake-flood-alert\data\processed\earthquake_cleaned.csv (12959 records)
2026-02-07 23:44:36,862 - __main__ - INFO - After dropping missing critical values: 13284 rows (was 13284)
2026-02-07 23:44:36,880 - __main__ - WARNING - Removing 219 invalid depth values (<0 or >700km)
2026-02-07 23:44:36,934 - __main__ - INFO - Parsing 'time' column to datetime...
2026-02-07 23:44:37,105 - __main__ - WARNING - Removing 106 rows with unparseable timestamps
2026-02-07 23:44:37,188 - __main__ - INFO - OK Cleaning complete. Final rows: 12959 (from original 13284)
2026-02-07 23:44:37,201 - __main__ - INFO - Adding derived features...
2026-02-07 23:44:37,281 - __main__ - INFO - OK Added 9 derived features
2026-02-07 23:44:38,542 - src.utils.helpers - INFO - Saved cleaned earthquake data: C:\Users\woodn\OneDrive\Desktop\MAPOU_LAB_CAPSTONE\earthquake-flood-alert\data\processed\earthquake_cleaned.csv (12959 records)
2026-02-07 23:49:29,314 - src.utils.helpers - INFO - Saved cleaned earthquake data: C:\Users\woodn\OneDrive\Desktop\MAPOU_LAB_CAPSTONE\earthquake-flood-alert\data\processed\earthquake_cleaned.csv (12959 records)
2026-02-07 23:52:00,577 - src.utils.helpers - INFO - Saved cleaned earthquake data: C:\Users\woodn\OneDrive\Desktop\MAPOU_LAB_CAPSTONE\earthquake-flood-alert\data\processed\earthquake_cleaned.csv (12959 records)
2026-02-07 23:54:24,571 - src.utils.helpers - INFO - Saved cleaned earthquake data: C:\Users\woodn\OneDrive\Desktop\MAPOU_LAB_CAPSTONE\earthquake-flood-alert\data\processed\earthquake_cleaned.csv (12959 records)
