2026-02-05 13:26:15,557 - __main__ - INFO - Cleaning data for 5 monitoring sites...
2026-02-05 13:26:15,559 - __main__ - INFO - 
============================================================
2026-02-05 13:26:15,560 - __main__ - INFO - Processing site 07374000: Mississippi River at Baton Rouge, LA
2026-02-05 13:26:15,560 - __main__ - INFO - ============================================================
2026-02-05 13:26:15,591 - __main__ - INFO - ============================================================
2026-02-05 13:26:15,592 - __main__ - INFO - FLOOD DATA CLEANING - Site 07374000
2026-02-05 13:26:15,594 - __main__ - INFO - ============================================================
2026-02-05 13:26:15,595 - __main__ - INFO - Project root: C:\Users\woodn\OneDrive\Desktop\MAPOU_LAB_CAPSTONE\earthquake-flood-alert
2026-02-05 13:26:15,605 - __main__ - INFO - Loading data from C:\Users\woodn\OneDrive\Desktop\MAPOU_LAB_CAPSTONE\earthquake-flood-alert\data\raw\floods\07374000_Mississippi_River_at_Baton_Rouge_LA_training.csv
2026-02-05 13:26:15,785 - __main__ - INFO - Loaded 5,081 raw records
2026-02-05 13:26:15,792 - __main__ - INFO - Starting data cleaning for site 07374000...
2026-02-05 13:26:15,808 - __main__ - INFO - Parsing 'date' column to datetime...
2026-02-05 13:26:15,895 - __main__ - INFO - Using discharge column: 00060_Mean
2026-02-05 13:26:15,977 - __main__ - INFO - Adding derived features...
2026-02-05 13:26:16,141 - __main__ - INFO - Creating flood labels (threshold: 95th percentile)...
2026-02-05 13:26:16,242 - __main__ - INFO -   Flood threshold: 1,180,000.00 cfs
2026-02-05 13:26:18,643 - src.utils.helpers - INFO - Saved cleaned flood data for site 07374000: C:\Users\woodn\OneDrive\Desktop\MAPOU_LAB_CAPSTONE\earthquake-flood-alert\data\processed\flood_cleaned_07374000.csv (5081 records)
2026-02-05 13:26:18,645 - __main__ - INFO - 
============================================================
2026-02-05 13:26:18,647 - __main__ - INFO - CLEANING SUMMARY
2026-02-05 13:26:18,649 - __main__ - INFO - ============================================================
2026-02-05 13:26:18,649 - __main__ - INFO - Original records: 5,081
2026-02-05 13:26:18,651 - __main__ - INFO - Cleaned records: 5,081
2026-02-05 13:26:18,651 - __main__ - INFO - Retention rate: 100.0%
2026-02-05 13:26:18,653 - __main__ - INFO - Flood events (>95th percentile): 233
2026-02-05 13:26:18,659 - __main__ - INFO - Date range: 2010-01-01 00:00:00+00:00 to 2024-01-01 00:00:00+00:00
2026-02-05 13:26:18,667 - __main__ - INFO - Discharge range: 131,000.00 - 1,430,000.00 cfs
2026-02-05 13:26:18,719 - __main__ - INFO - 
============================================================
2026-02-05 13:26:18,734 - __main__ - INFO - Processing site 01646500: Potomac River at Little Falls, MD
2026-02-05 13:26:18,740 - __main__ - INFO - ============================================================
2026-02-05 13:26:18,806 - __main__ - INFO - ============================================================
2026-02-05 13:26:18,806 - __main__ - INFO - FLOOD DATA CLEANING - Site 01646500
2026-02-05 13:26:18,808 - __main__ - INFO - ============================================================
2026-02-05 13:26:18,808 - __main__ - INFO - Project root: C:\Users\woodn\OneDrive\Desktop\MAPOU_LAB_CAPSTONE\earthquake-flood-alert
2026-02-05 13:26:18,821 - __main__ - INFO - Loading data from C:\Users\woodn\OneDrive\Desktop\MAPOU_LAB_CAPSTONE\earthquake-flood-alert\data\raw\floods\01646500_Potomac_River_at_Little_Falls_MD_training.csv
2026-02-05 13:26:19,078 - __main__ - INFO - Loaded 5,114 raw records
2026-02-05 13:26:19,080 - __main__ - INFO - Starting data cleaning for site 01646500...
2026-02-05 13:26:19,080 - __main__ - INFO - Parsing 'date' column to datetime...
2026-02-05 13:26:19,141 - __main__ - INFO - Using discharge column: 00060_Mean
2026-02-05 13:26:19,208 - __main__ - INFO - Adding derived features...
2026-02-05 13:26:19,370 - __main__ - INFO - Creating flood labels (threshold: 95th percentile)...
2026-02-05 13:26:19,523 - __main__ - INFO -   Flood threshold: 37,205.00 cfs
2026-02-05 13:26:20,772 - src.utils.helpers - INFO - Saved cleaned flood data for site 01646500: C:\Users\woodn\OneDrive\Desktop\MAPOU_LAB_CAPSTONE\earthquake-flood-alert\data\processed\flood_cleaned_01646500.csv (5114 records)
2026-02-05 13:26:20,778 - __main__ - INFO - 
============================================================
2026-02-05 13:26:20,780 - __main__ - INFO - CLEANING SUMMARY
2026-02-05 13:26:20,780 - __main__ - INFO - ============================================================
2026-02-05 13:26:20,782 - __main__ - INFO - Original records: 5,114
2026-02-05 13:26:20,782 - __main__ - INFO - Cleaned records: 5,114
2026-02-05 13:26:20,784 - __main__ - INFO - Retention rate: 100.0%
2026-02-05 13:26:20,784 - __main__ - INFO - Flood events (>95th percentile): 256
2026-02-05 13:26:20,788 - __main__ - INFO - Date range: 2010-01-01 00:00:00+00:00 to 2024-01-01 00:00:00+00:00
2026-02-05 13:26:20,789 - __main__ - INFO - Discharge range: 405.00 - 192,000.00 cfs
2026-02-05 13:26:20,836 - __main__ - INFO - 
============================================================
2026-02-05 13:26:20,837 - __main__ - INFO - Processing site 14211720: Willamette River at Portland, OR
2026-02-05 13:26:20,838 - __main__ - INFO - ============================================================
2026-02-05 13:26:20,951 - __main__ - INFO - ============================================================
2026-02-05 13:26:20,964 - __main__ - INFO - FLOOD DATA CLEANING - Site 14211720
2026-02-05 13:26:20,973 - __main__ - INFO - ============================================================
2026-02-05 13:26:21,017 - __main__ - INFO - Project root: C:\Users\woodn\OneDrive\Desktop\MAPOU_LAB_CAPSTONE\earthquake-flood-alert
2026-02-05 13:26:21,057 - __main__ - INFO - Loading data from C:\Users\woodn\OneDrive\Desktop\MAPOU_LAB_CAPSTONE\earthquake-flood-alert\data\raw\floods\14211720_Willamette_River_at_Portland_OR_training.csv
2026-02-05 13:26:21,363 - __main__ - INFO - Loaded 5,114 raw records
2026-02-05 13:26:21,372 - __main__ - INFO - Starting data cleaning for site 14211720...
2026-02-05 13:26:21,401 - __main__ - INFO - Parsing 'date' column to datetime...
2026-02-05 13:26:21,488 - __main__ - INFO - Using discharge column: 00060_Mean
2026-02-05 13:26:21,571 - __main__ - INFO - Adding derived features...
2026-02-05 13:26:21,723 - __main__ - INFO - Creating flood labels (threshold: 95th percentile)...
2026-02-05 13:26:21,850 - __main__ - INFO -   Flood threshold: 95,700.00 cfs
2026-02-05 13:26:22,773 - src.utils.helpers - INFO - Saved cleaned flood data for site 14211720: C:\Users\woodn\OneDrive\Desktop\MAPOU_LAB_CAPSTONE\earthquake-flood-alert\data\processed\flood_cleaned_14211720.csv (5114 records)
2026-02-05 13:26:22,780 - __main__ - INFO - 
============================================================
2026-02-05 13:26:22,782 - __main__ - INFO - CLEANING SUMMARY
2026-02-05 13:26:22,782 - __main__ - INFO - ============================================================
2026-02-05 13:26:22,784 - __main__ - INFO - Original records: 5,114
2026-02-05 13:26:22,784 - __main__ - INFO - Cleaned records: 5,114
2026-02-05 13:26:22,784 - __main__ - INFO - Retention rate: 100.0%
2026-02-05 13:26:22,787 - __main__ - INFO - Flood events (>95th percentile): 254
2026-02-05 13:26:22,796 - __main__ - INFO - Date range: 2010-01-01 00:00:00+00:00 to 2024-01-01 00:00:00+00:00
2026-02-05 13:26:22,800 - __main__ - INFO - Discharge range: 1,840.00 - 200,000.00 cfs
2026-02-05 13:26:22,888 - __main__ - INFO - 
============================================================
2026-02-05 13:26:22,900 - __main__ - INFO - Processing site 08067000: Neches River at Evadale, TX
2026-02-05 13:26:22,905 - __main__ - INFO - ============================================================
2026-02-05 13:26:22,978 - __main__ - INFO - ============================================================
2026-02-05 13:26:22,982 - __main__ - INFO - FLOOD DATA CLEANING - Site 08067000
2026-02-05 13:26:22,982 - __main__ - INFO - ============================================================
2026-02-05 13:26:22,985 - __main__ - INFO - Project root: C:\Users\woodn\OneDrive\Desktop\MAPOU_LAB_CAPSTONE\earthquake-flood-alert
2026-02-05 13:26:23,001 - __main__ - INFO - Loading data from C:\Users\woodn\OneDrive\Desktop\MAPOU_LAB_CAPSTONE\earthquake-flood-alert\data\raw\floods\08067000_Neches_River_at_Evadale_TX_training.csv
2026-02-05 13:26:23,184 - __main__ - INFO - Loaded 5,082 raw records
2026-02-05 13:26:23,188 - __main__ - INFO - Starting data cleaning for site 08067000...
2026-02-05 13:26:23,188 - __main__ - INFO - Parsing 'date' column to datetime...
2026-02-05 13:26:23,248 - __main__ - INFO - Using discharge column: 00060_Mean
2026-02-05 13:26:23,254 - __main__ - WARNING - Missing discharge values: 2312 (45.49%)
2026-02-05 19:50:24,346 - __main__ - INFO - Cleaning data for 5 monitoring sites...
2026-02-05 19:50:24,355 - __main__ - INFO - 
============================================================
2026-02-05 19:50:24,365 - __main__ - INFO - Processing site 07374000: Mississippi River at Baton Rouge, LA
2026-02-05 19:50:24,371 - __main__ - INFO - ============================================================
2026-02-05 19:50:24,466 - __main__ - INFO - ============================================================
2026-02-05 19:50:24,470 - __main__ - INFO - FLOOD DATA CLEANING - Site 07374000
2026-02-05 19:50:24,505 - __main__ - INFO - ============================================================
2026-02-05 19:50:24,569 - __main__ - INFO - Project root: C:\Users\woodn\OneDrive\Desktop\MAPOU_LAB_CAPSTONE\earthquake-flood-alert
2026-02-05 19:50:24,634 - __main__ - INFO - Loading data from C:\Users\woodn\OneDrive\Desktop\MAPOU_LAB_CAPSTONE\earthquake-flood-alert\data\raw\floods\07374000_Mississippi_River_at_Baton_Rouge_LA_training.csv
2026-02-05 19:50:24,850 - __main__ - INFO - Loaded 5,081 raw records
2026-02-05 19:50:24,852 - __main__ - INFO - Starting data cleaning for site 07374000...
2026-02-05 19:50:24,860 - __main__ - INFO - Parsing 'date' column to datetime...
2026-02-05 19:50:24,980 - __main__ - INFO - Using discharge column: 00060_Mean
2026-02-05 19:50:25,100 - __main__ - INFO - Adding derived features...
2026-02-05 19:50:25,282 - __main__ - INFO - Creating flood labels (threshold: 95th percentile)...
2026-02-05 19:50:25,336 - __main__ - INFO -   Flood threshold: 1,180,000.00 cfs
2026-02-05 19:50:26,627 - src.utils.helpers - INFO - Saved cleaned flood data for site 07374000: C:\Users\woodn\OneDrive\Desktop\MAPOU_LAB_CAPSTONE\earthquake-flood-alert\data\processed\flood_cleaned_07374000.csv (5081 records)
2026-02-05 19:50:26,629 - __main__ - INFO - 
============================================================
2026-02-05 19:50:26,631 - __main__ - INFO - CLEANING SUMMARY
2026-02-05 19:50:26,633 - __main__ - INFO - ============================================================
2026-02-05 19:50:26,641 - __main__ - INFO - Original records: 5,081
2026-02-05 19:50:26,646 - __main__ - INFO - Cleaned records: 5,081
2026-02-05 19:50:26,651 - __main__ - INFO - Retention rate: 100.0%
2026-02-05 19:50:26,657 - __main__ - INFO - Flood events (>95th percentile): 233
2026-02-05 19:50:26,663 - __main__ - INFO - Date range: 2010-01-01 00:00:00+00:00 to 2024-01-01 00:00:00+00:00
2026-02-05 19:50:26,667 - __main__ - INFO - Discharge range: 131,000.00 - 1,430,000.00 cfs
2026-02-05 19:50:26,716 - __main__ - INFO - 
============================================================
2026-02-05 19:50:26,718 - __main__ - INFO - Processing site 01646500: Potomac River at Little Falls, MD
2026-02-05 19:50:26,722 - __main__ - INFO - ============================================================
2026-02-05 19:50:26,791 - __main__ - INFO - ============================================================
2026-02-05 19:50:26,793 - __main__ - INFO - FLOOD DATA CLEANING - Site 01646500
2026-02-05 19:50:26,796 - __main__ - INFO - ============================================================
2026-02-05 19:50:26,798 - __main__ - INFO - Project root: C:\Users\woodn\OneDrive\Desktop\MAPOU_LAB_CAPSTONE\earthquake-flood-alert
2026-02-05 19:50:26,807 - __main__ - INFO - Loading data from C:\Users\woodn\OneDrive\Desktop\MAPOU_LAB_CAPSTONE\earthquake-flood-alert\data\raw\floods\01646500_Potomac_River_at_Little_Falls_MD_training.csv
2026-02-05 19:50:27,178 - __main__ - INFO - Loaded 5,114 raw records
2026-02-05 19:50:27,196 - __main__ - INFO - Starting data cleaning for site 01646500...
2026-02-05 19:50:27,216 - __main__ - INFO - Parsing 'date' column to datetime...
2026-02-05 19:50:27,401 - __main__ - INFO - Using discharge column: 00060_Mean
2026-02-05 19:50:27,502 - __main__ - INFO - Adding derived features...
2026-02-05 19:50:27,814 - __main__ - INFO - Creating flood labels (threshold: 95th percentile)...
2026-02-05 19:50:27,940 - __main__ - INFO -   Flood threshold: 37,205.00 cfs
2026-02-05 19:50:29,212 - src.utils.helpers - INFO - Saved cleaned flood data for site 01646500: C:\Users\woodn\OneDrive\Desktop\MAPOU_LAB_CAPSTONE\earthquake-flood-alert\data\processed\flood_cleaned_01646500.csv (5114 records)
2026-02-05 19:50:29,217 - __main__ - INFO - 
============================================================
2026-02-05 19:50:29,226 - __main__ - INFO - CLEANING SUMMARY
2026-02-05 19:50:29,230 - __main__ - INFO - ============================================================
2026-02-05 19:50:29,249 - __main__ - INFO - Original records: 5,114
2026-02-05 19:50:29,261 - __main__ - INFO - Cleaned records: 5,114
2026-02-05 19:50:29,283 - __main__ - INFO - Retention rate: 100.0%
2026-02-05 19:50:29,312 - __main__ - INFO - Flood events (>95th percentile): 256
2026-02-05 19:50:29,379 - __main__ - INFO - Date range: 2010-01-01 00:00:00+00:00 to 2024-01-01 00:00:00+00:00
2026-02-05 19:50:29,479 - __main__ - INFO - Discharge range: 405.00 - 192,000.00 cfs
2026-02-05 19:50:29,870 - __main__ - INFO - 
============================================================
2026-02-05 19:50:29,932 - __main__ - INFO - Processing site 14211720: Willamette River at Portland, OR
2026-02-05 19:50:29,943 - __main__ - INFO - ============================================================
2026-02-05 19:50:30,172 - __main__ - INFO - ============================================================
2026-02-05 19:50:30,174 - __main__ - INFO - FLOOD DATA CLEANING - Site 14211720
2026-02-05 19:50:30,176 - __main__ - INFO - ============================================================
2026-02-05 19:50:30,178 - __main__ - INFO - Project root: C:\Users\woodn\OneDrive\Desktop\MAPOU_LAB_CAPSTONE\earthquake-flood-alert
2026-02-05 19:50:30,187 - __main__ - INFO - Loading data from C:\Users\woodn\OneDrive\Desktop\MAPOU_LAB_CAPSTONE\earthquake-flood-alert\data\raw\floods\14211720_Willamette_River_at_Portland_OR_training.csv
2026-02-05 19:50:30,414 - __main__ - INFO - Loaded 5,114 raw records
2026-02-05 19:50:30,421 - __main__ - INFO - Starting data cleaning for site 14211720...
2026-02-05 19:50:30,443 - __main__ - INFO - Parsing 'date' column to datetime...
2026-02-05 19:50:30,573 - __main__ - INFO - Using discharge column: 00060_Mean
2026-02-05 19:50:30,647 - __main__ - INFO - Adding derived features...
2026-02-05 19:50:31,127 - __main__ - INFO - Creating flood labels (threshold: 95th percentile)...
2026-02-05 19:50:31,380 - __main__ - INFO -   Flood threshold: 95,700.00 cfs
2026-02-05 19:50:33,088 - src.utils.helpers - INFO - Saved cleaned flood data for site 14211720: C:\Users\woodn\OneDrive\Desktop\MAPOU_LAB_CAPSTONE\earthquake-flood-alert\data\processed\flood_cleaned_14211720.csv (5114 records)
2026-02-05 19:50:33,091 - __main__ - INFO - 
============================================================
2026-02-05 19:50:33,094 - __main__ - INFO - CLEANING SUMMARY
2026-02-05 19:50:33,095 - __main__ - INFO - ============================================================
2026-02-05 19:50:33,096 - __main__ - INFO - Original records: 5,114
2026-02-05 19:50:33,100 - __main__ - INFO - Cleaned records: 5,114
2026-02-05 19:50:33,101 - __main__ - INFO - Retention rate: 100.0%
2026-02-05 19:50:33,102 - __main__ - INFO - Flood events (>95th percentile): 254
2026-02-05 19:50:33,120 - __main__ - INFO - Date range: 2010-01-01 00:00:00+00:00 to 2024-01-01 00:00:00+00:00
2026-02-05 19:50:33,128 - __main__ - INFO - Discharge range: 1,840.00 - 200,000.00 cfs
2026-02-05 19:50:33,162 - __main__ - INFO - 
============================================================
2026-02-05 19:50:33,166 - __main__ - INFO - Processing site 08067000: Neches River at Evadale, TX
2026-02-05 19:50:33,167 - __main__ - INFO - ============================================================
2026-02-05 19:50:33,237 - __main__ - INFO - ============================================================
2026-02-05 19:50:33,239 - __main__ - INFO - FLOOD DATA CLEANING - Site 08067000
2026-02-05 19:50:33,241 - __main__ - INFO - ============================================================
2026-02-05 19:50:33,243 - __main__ - INFO - Project root: C:\Users\woodn\OneDrive\Desktop\MAPOU_LAB_CAPSTONE\earthquake-flood-alert
2026-02-05 19:50:33,280 - __main__ - INFO - Loading data from C:\Users\woodn\OneDrive\Desktop\MAPOU_LAB_CAPSTONE\earthquake-flood-alert\data\raw\floods\08067000_Neches_River_at_Evadale_TX_training.csv
2026-02-05 19:50:33,495 - __main__ - INFO - Loaded 5,082 raw records
2026-02-05 19:50:33,496 - __main__ - INFO - Starting data cleaning for site 08067000...
2026-02-05 19:50:33,499 - __main__ - INFO - Parsing 'date' column to datetime...
2026-02-05 19:50:33,571 - __main__ - INFO - Using discharge column: 00060_Mean
2026-02-05 19:50:33,583 - __main__ - WARNING - Missing discharge values: 2312 (45.49%)
2026-02-05 19:59:49,930 - __main__ - INFO - Cleaning data for 5 monitoring sites...
2026-02-05 19:59:49,933 - __main__ - INFO - 
============================================================
2026-02-05 19:59:49,935 - __main__ - INFO - Processing site 07374000: Mississippi River at Baton Rouge, LA
2026-02-05 19:59:49,936 - __main__ - INFO - ============================================================
2026-02-05 19:59:49,981 - __main__ - INFO - ============================================================
2026-02-05 19:59:49,982 - __main__ - INFO - FLOOD DATA CLEANING - Site 07374000
2026-02-05 19:59:49,985 - __main__ - INFO - ============================================================
2026-02-05 19:59:50,000 - __main__ - INFO - Project root: C:\Users\woodn\OneDrive\Desktop\MAPOU_LAB_CAPSTONE\earthquake-flood-alert
2026-02-05 19:59:50,019 - __main__ - INFO - Loading data from C:\Users\woodn\OneDrive\Desktop\MAPOU_LAB_CAPSTONE\earthquake-flood-alert\data\raw\floods\07374000_Mississippi_River_at_Baton_Rouge_LA_training.csv
2026-02-05 19:59:50,189 - __main__ - INFO - Loaded 5,081 raw records
2026-02-05 19:59:50,192 - __main__ - INFO - Starting data cleaning for site 07374000...
2026-02-05 19:59:50,199 - __main__ - INFO - Parsing 'date' column to datetime...
2026-02-05 19:59:50,292 - __main__ - INFO - Using discharge column: 00060_Mean
2026-02-05 19:59:50,357 - __main__ - INFO - Adding derived features...
2026-02-05 19:59:50,514 - __main__ - INFO - Creating flood labels (threshold: 95th percentile)...
2026-02-05 19:59:50,617 - __main__ - INFO -   Flood threshold: 1,180,000.00 cfs
2026-02-05 19:59:51,961 - src.utils.helpers - INFO - Saved cleaned flood data for site 07374000: C:\Users\woodn\OneDrive\Desktop\MAPOU_LAB_CAPSTONE\earthquake-flood-alert\data\processed\flood_cleaned_07374000.csv (5081 records)
2026-02-05 19:59:51,963 - __main__ - INFO - 
============================================================
2026-02-05 19:59:51,965 - __main__ - INFO - CLEANING SUMMARY
2026-02-05 19:59:51,966 - __main__ - INFO - ============================================================
2026-02-05 19:59:51,967 - __main__ - INFO - Original records: 5,081
2026-02-05 19:59:51,973 - __main__ - INFO - Cleaned records: 5,081
2026-02-05 19:59:51,974 - __main__ - INFO - Retention rate: 100.0%
2026-02-05 19:59:51,977 - __main__ - INFO - Flood events (>95th percentile): 233
2026-02-05 19:59:51,982 - __main__ - INFO - Date range: 2010-01-01 00:00:00+00:00 to 2024-01-01 00:00:00+00:00
2026-02-05 19:59:51,990 - __main__ - INFO - Discharge range: 131,000.00 - 1,430,000.00 cfs
2026-02-05 19:59:52,028 - __main__ - INFO - 
============================================================
2026-02-05 19:59:52,028 - __main__ - INFO - Processing site 01646500: Potomac River at Little Falls, MD
2026-02-05 19:59:52,031 - __main__ - INFO - ============================================================
2026-02-05 19:59:52,130 - __main__ - INFO - ============================================================
2026-02-05 19:59:52,131 - __main__ - INFO - FLOOD DATA CLEANING - Site 01646500
2026-02-05 19:59:52,134 - __main__ - INFO - ============================================================
2026-02-05 19:59:52,146 - __main__ - INFO - Project root: C:\Users\woodn\OneDrive\Desktop\MAPOU_LAB_CAPSTONE\earthquake-flood-alert
2026-02-05 19:59:52,150 - __main__ - INFO - Loading data from C:\Users\woodn\OneDrive\Desktop\MAPOU_LAB_CAPSTONE\earthquake-flood-alert\data\raw\floods\01646500_Potomac_River_at_Little_Falls_MD_training.csv
2026-02-05 19:59:52,260 - __main__ - INFO - Loaded 5,114 raw records
2026-02-05 19:59:52,261 - __main__ - INFO - Starting data cleaning for site 01646500...
2026-02-05 19:59:52,262 - __main__ - INFO - Parsing 'date' column to datetime...
2026-02-05 19:59:52,328 - __main__ - INFO - Using discharge column: 00060_Mean
2026-02-05 19:59:52,352 - __main__ - INFO - Adding derived features...
2026-02-05 19:59:52,507 - __main__ - INFO - Creating flood labels (threshold: 95th percentile)...
2026-02-05 19:59:52,547 - __main__ - INFO -   Flood threshold: 37,205.00 cfs
2026-02-05 19:59:53,758 - src.utils.helpers - INFO - Saved cleaned flood data for site 01646500: C:\Users\woodn\OneDrive\Desktop\MAPOU_LAB_CAPSTONE\earthquake-flood-alert\data\processed\flood_cleaned_01646500.csv (5114 records)
2026-02-05 19:59:53,839 - __main__ - INFO - 
============================================================
2026-02-05 19:59:53,892 - __main__ - INFO - CLEANING SUMMARY
2026-02-05 19:59:53,965 - __main__ - INFO - ============================================================
2026-02-05 19:59:53,998 - __main__ - INFO - Original records: 5,114
2026-02-05 19:59:54,017 - __main__ - INFO - Cleaned records: 5,114
2026-02-05 19:59:54,048 - __main__ - INFO - Retention rate: 100.0%
2026-02-05 19:59:54,075 - __main__ - INFO - Flood events (>95th percentile): 256
2026-02-05 19:59:54,157 - __main__ - INFO - Date range: 2010-01-01 00:00:00+00:00 to 2024-01-01 00:00:00+00:00
2026-02-05 19:59:54,221 - __main__ - INFO - Discharge range: 405.00 - 192,000.00 cfs
2026-02-05 19:59:54,389 - __main__ - INFO - 
============================================================
2026-02-05 19:59:54,397 - __main__ - INFO - Processing site 14211720: Willamette River at Portland, OR
2026-02-05 19:59:54,398 - __main__ - INFO - ============================================================
2026-02-05 19:59:54,478 - __main__ - INFO - ============================================================
2026-02-05 19:59:54,480 - __main__ - INFO - FLOOD DATA CLEANING - Site 14211720
2026-02-05 19:59:54,482 - __main__ - INFO - ============================================================
2026-02-05 19:59:54,490 - __main__ - INFO - Project root: C:\Users\woodn\OneDrive\Desktop\MAPOU_LAB_CAPSTONE\earthquake-flood-alert
2026-02-05 19:59:54,496 - __main__ - INFO - Loading data from C:\Users\woodn\OneDrive\Desktop\MAPOU_LAB_CAPSTONE\earthquake-flood-alert\data\raw\floods\14211720_Willamette_River_at_Portland_OR_training.csv
2026-02-05 19:59:54,612 - __main__ - INFO - Loaded 5,114 raw records
2026-02-05 19:59:54,612 - __main__ - INFO - Starting data cleaning for site 14211720...
2026-02-05 19:59:54,614 - __main__ - INFO - Parsing 'date' column to datetime...
2026-02-05 19:59:54,676 - __main__ - INFO - Using discharge column: 00060_Mean
2026-02-05 19:59:54,697 - __main__ - INFO - Adding derived features...
2026-02-05 19:59:54,811 - __main__ - INFO - Creating flood labels (threshold: 95th percentile)...
2026-02-05 19:59:54,842 - __main__ - INFO -   Flood threshold: 95,700.00 cfs
2026-02-05 19:59:55,774 - src.utils.helpers - INFO - Saved cleaned flood data for site 14211720: C:\Users\woodn\OneDrive\Desktop\MAPOU_LAB_CAPSTONE\earthquake-flood-alert\data\processed\flood_cleaned_14211720.csv (5114 records)
2026-02-05 19:59:55,775 - __main__ - INFO - 
============================================================
2026-02-05 19:59:55,776 - __main__ - INFO - CLEANING SUMMARY
2026-02-05 19:59:55,777 - __main__ - INFO - ============================================================
2026-02-05 19:59:55,778 - __main__ - INFO - Original records: 5,114
2026-02-05 19:59:55,778 - __main__ - INFO - Cleaned records: 5,114
2026-02-05 19:59:55,780 - __main__ - INFO - Retention rate: 100.0%
2026-02-05 19:59:55,780 - __main__ - INFO - Flood events (>95th percentile): 254
2026-02-05 19:59:55,782 - __main__ - INFO - Date range: 2010-01-01 00:00:00+00:00 to 2024-01-01 00:00:00+00:00
2026-02-05 19:59:55,788 - __main__ - INFO - Discharge range: 1,840.00 - 200,000.00 cfs
2026-02-05 19:59:55,857 - __main__ - INFO - 
============================================================
2026-02-05 19:59:55,859 - __main__ - INFO - Processing site 08067000: Neches River at Evadale, TX
2026-02-05 19:59:55,860 - __main__ - INFO - ============================================================
2026-02-05 19:59:55,906 - __main__ - INFO - ============================================================
2026-02-05 19:59:55,908 - __main__ - INFO - FLOOD DATA CLEANING - Site 08067000
2026-02-05 19:59:55,909 - __main__ - INFO - ============================================================
2026-02-05 19:59:55,910 - __main__ - INFO - Project root: C:\Users\woodn\OneDrive\Desktop\MAPOU_LAB_CAPSTONE\earthquake-flood-alert
2026-02-05 19:59:55,920 - __main__ - INFO - Loading data from C:\Users\woodn\OneDrive\Desktop\MAPOU_LAB_CAPSTONE\earthquake-flood-alert\data\raw\floods\08067000_Neches_River_at_Evadale_TX_training.csv
2026-02-05 19:59:56,056 - __main__ - INFO - Loaded 5,082 raw records
2026-02-05 19:59:56,058 - __main__ - INFO - Starting data cleaning for site 08067000...
2026-02-05 19:59:56,059 - __main__ - INFO - Parsing 'date' column to datetime...
2026-02-05 19:59:56,141 - __main__ - INFO - Using discharge column: 00060_Mean
2026-02-05 19:59:56,156 - __main__ - WARNING - Missing discharge values: 2312 (45.49%)
2026-02-05 20:20:38,164 - __main__ - INFO - Cleaning data for 5 monitoring sites...
2026-02-05 20:20:38,174 - __main__ - INFO - 
============================================================
2026-02-05 20:20:38,176 - __main__ - INFO - Processing site 07374000: Mississippi River at Baton Rouge, LA
2026-02-05 20:20:38,178 - __main__ - INFO - ============================================================
2026-02-05 20:20:38,211 - __main__ - INFO - ============================================================
2026-02-05 20:20:38,222 - __main__ - INFO - FLOOD DATA CLEANING - Site 07374000
2026-02-05 20:20:38,240 - __main__ - INFO - ============================================================
2026-02-05 20:20:38,256 - __main__ - INFO - Project root: C:\Users\woodn\OneDrive\Desktop\MAPOU_LAB_CAPSTONE\earthquake-flood-alert
2026-02-05 20:20:38,304 - __main__ - INFO - Loading data from C:\Users\woodn\OneDrive\Desktop\MAPOU_LAB_CAPSTONE\earthquake-flood-alert\data\raw\floods\07374000_Mississippi_River_at_Baton_Rouge_LA_training.csv
2026-02-05 20:20:38,459 - __main__ - INFO - Loaded 5,081 raw records
2026-02-05 20:20:38,461 - __main__ - INFO - Starting data cleaning for site 07374000...
2026-02-05 20:20:38,465 - __main__ - INFO - Parsing 'date' column to datetime...
2026-02-05 20:20:38,596 - __main__ - INFO - Using discharge column: 00060_Mean
2026-02-05 20:20:38,626 - __main__ - INFO - OK Cleaning complete. Final rows: 5,081 (from original 5,081)
2026-02-05 20:20:38,650 - __main__ - INFO - Adding derived features...
2026-02-05 20:20:38,863 - __main__ - INFO - OK Added 20+ derived features
2026-02-05 20:20:38,865 - __main__ - INFO - Creating flood labels (threshold: 95th percentile)...
2026-02-05 20:20:38,886 - __main__ - INFO - OK Identified 233 flood events (4.59%)
2026-02-05 20:20:38,891 - __main__ - INFO -   Flood threshold: 1,180,000.00 cfs
2026-02-05 20:20:40,503 - src.utils.helpers - INFO - Saved cleaned flood data for site 07374000: C:\Users\woodn\OneDrive\Desktop\MAPOU_LAB_CAPSTONE\earthquake-flood-alert\data\processed\flood_cleaned_07374000.csv (5081 records)
2026-02-05 20:20:40,524 - __main__ - INFO - 
============================================================
2026-02-05 20:20:40,539 - __main__ - INFO - CLEANING SUMMARY
2026-02-05 20:20:40,571 - __main__ - INFO - ============================================================
2026-02-05 20:20:40,620 - __main__ - INFO - Original records: 5,081
2026-02-05 20:20:40,686 - __main__ - INFO - Cleaned records: 5,081
2026-02-05 20:20:40,707 - __main__ - INFO - Retention rate: 100.0%
2026-02-05 20:20:40,735 - __main__ - INFO - Flood events (>95th percentile): 233
2026-02-05 20:20:40,745 - __main__ - INFO - Date range: 2010-01-01 00:00:00+00:00 to 2024-01-01 00:00:00+00:00
2026-02-05 20:20:40,754 - __main__ - INFO - Discharge range: 131,000.00 - 1,430,000.00 cfs
2026-02-05 20:20:40,771 - __main__ - INFO - OK Cleaned data saved to: C:\Users\woodn\OneDrive\Desktop\MAPOU_LAB_CAPSTONE\earthquake-flood-alert\data\processed\flood_cleaned_07374000.csv
2026-02-05 20:20:40,775 - __main__ - INFO - OK Successfully cleaned data for 07374000
2026-02-05 20:20:40,790 - __main__ - INFO - 
============================================================
2026-02-05 20:20:40,842 - __main__ - INFO - Processing site 01646500: Potomac River at Little Falls, MD
2026-02-05 20:20:40,870 - __main__ - INFO - ============================================================
2026-02-05 20:20:40,929 - __main__ - INFO - ============================================================
2026-02-05 20:20:40,941 - __main__ - INFO - FLOOD DATA CLEANING - Site 01646500
2026-02-05 20:20:40,951 - __main__ - INFO - ============================================================
2026-02-05 20:20:40,965 - __main__ - INFO - Project root: C:\Users\woodn\OneDrive\Desktop\MAPOU_LAB_CAPSTONE\earthquake-flood-alert
2026-02-05 20:20:40,997 - __main__ - INFO - Loading data from C:\Users\woodn\OneDrive\Desktop\MAPOU_LAB_CAPSTONE\earthquake-flood-alert\data\raw\floods\01646500_Potomac_River_at_Little_Falls_MD_training.csv
2026-02-05 20:20:41,071 - __main__ - INFO - Loaded 5,114 raw records
2026-02-05 20:20:41,081 - __main__ - INFO - Starting data cleaning for site 01646500...
2026-02-05 20:20:41,085 - __main__ - INFO - Parsing 'date' column to datetime...
2026-02-05 20:20:41,167 - __main__ - INFO - Using discharge column: 00060_Mean
2026-02-05 20:20:41,182 - __main__ - INFO - OK Cleaning complete. Final rows: 5,114 (from original 5,114)
2026-02-05 20:20:41,201 - __main__ - INFO - Adding derived features...
2026-02-05 20:20:41,506 - __main__ - INFO - OK Added 20+ derived features
2026-02-05 20:20:41,546 - __main__ - INFO - Creating flood labels (threshold: 95th percentile)...
2026-02-05 20:20:41,638 - __main__ - INFO - OK Identified 256 flood events (5.01%)
2026-02-05 20:20:41,662 - __main__ - INFO -   Flood threshold: 37,205.00 cfs
2026-02-05 20:20:42,973 - src.utils.helpers - INFO - Saved cleaned flood data for site 01646500: C:\Users\woodn\OneDrive\Desktop\MAPOU_LAB_CAPSTONE\earthquake-flood-alert\data\processed\flood_cleaned_01646500.csv (5114 records)
2026-02-05 20:20:42,981 - __main__ - INFO - 
============================================================
2026-02-05 20:20:42,985 - __main__ - INFO - CLEANING SUMMARY
2026-02-05 20:20:42,987 - __main__ - INFO - ============================================================
2026-02-05 20:20:42,991 - __main__ - INFO - Original records: 5,114
2026-02-05 20:20:42,999 - __main__ - INFO - Cleaned records: 5,114
2026-02-05 20:20:43,001 - __main__ - INFO - Retention rate: 100.0%
2026-02-05 20:20:43,005 - __main__ - INFO - Flood events (>95th percentile): 256
2026-02-05 20:20:43,009 - __main__ - INFO - Date range: 2010-01-01 00:00:00+00:00 to 2024-01-01 00:00:00+00:00
2026-02-05 20:20:43,017 - __main__ - INFO - Discharge range: 405.00 - 192,000.00 cfs
2026-02-05 20:20:43,023 - __main__ - INFO - OK Cleaned data saved to: C:\Users\woodn\OneDrive\Desktop\MAPOU_LAB_CAPSTONE\earthquake-flood-alert\data\processed\flood_cleaned_01646500.csv
2026-02-05 20:20:43,034 - __main__ - INFO - OK Successfully cleaned data for 01646500
2026-02-05 20:20:43,036 - __main__ - INFO - 
============================================================
2026-02-05 20:20:43,050 - __main__ - INFO - Processing site 14211720: Willamette River at Portland, OR
2026-02-05 20:20:43,057 - __main__ - INFO - ============================================================
2026-02-05 20:20:43,141 - __main__ - INFO - ============================================================
2026-02-05 20:20:43,144 - __main__ - INFO - FLOOD DATA CLEANING - Site 14211720
2026-02-05 20:20:43,148 - __main__ - INFO - ============================================================
2026-02-05 20:20:43,150 - __main__ - INFO - Project root: C:\Users\woodn\OneDrive\Desktop\MAPOU_LAB_CAPSTONE\earthquake-flood-alert
2026-02-05 20:20:43,156 - __main__ - INFO - Loading data from C:\Users\woodn\OneDrive\Desktop\MAPOU_LAB_CAPSTONE\earthquake-flood-alert\data\raw\floods\14211720_Willamette_River_at_Portland_OR_training.csv
2026-02-05 20:20:43,238 - __main__ - INFO - Loaded 5,114 raw records
2026-02-05 20:20:43,239 - __main__ - INFO - Starting data cleaning for site 14211720...
2026-02-05 20:20:43,244 - __main__ - INFO - Parsing 'date' column to datetime...
2026-02-05 20:20:43,301 - __main__ - INFO - Using discharge column: 00060_Mean
2026-02-05 20:20:43,313 - __main__ - INFO - OK Cleaning complete. Final rows: 5,114 (from original 5,114)
2026-02-05 20:20:43,313 - __main__ - INFO - Adding derived features...
2026-02-05 20:20:43,418 - __main__ - INFO - OK Added 20+ derived features
2026-02-05 20:20:43,418 - __main__ - INFO - Creating flood labels (threshold: 95th percentile)...
2026-02-05 20:20:43,434 - __main__ - INFO - OK Identified 254 flood events (4.97%)
2026-02-05 20:20:43,436 - __main__ - INFO -   Flood threshold: 95,700.00 cfs
2026-02-05 20:20:44,407 - src.utils.helpers - INFO - Saved cleaned flood data for site 14211720: C:\Users\woodn\OneDrive\Desktop\MAPOU_LAB_CAPSTONE\earthquake-flood-alert\data\processed\flood_cleaned_14211720.csv (5114 records)
2026-02-05 20:20:44,407 - __main__ - INFO - 
============================================================
2026-02-05 20:20:44,410 - __main__ - INFO - CLEANING SUMMARY
2026-02-05 20:20:44,412 - __main__ - INFO - ============================================================
2026-02-05 20:20:44,413 - __main__ - INFO - Original records: 5,114
2026-02-05 20:20:44,413 - __main__ - INFO - Cleaned records: 5,114
2026-02-05 20:20:44,415 - __main__ - INFO - Retention rate: 100.0%
2026-02-05 20:20:44,415 - __main__ - INFO - Flood events (>95th percentile): 254
2026-02-05 20:20:44,418 - __main__ - INFO - Date range: 2010-01-01 00:00:00+00:00 to 2024-01-01 00:00:00+00:00
2026-02-05 20:20:44,420 - __main__ - INFO - Discharge range: 1,840.00 - 200,000.00 cfs
2026-02-05 20:20:44,421 - __main__ - INFO - OK Cleaned data saved to: C:\Users\woodn\OneDrive\Desktop\MAPOU_LAB_CAPSTONE\earthquake-flood-alert\data\processed\flood_cleaned_14211720.csv
2026-02-05 20:20:44,423 - __main__ - INFO - OK Successfully cleaned data for 14211720
2026-02-05 20:20:44,423 - __main__ - INFO - 
============================================================
2026-02-05 20:20:44,425 - __main__ - INFO - Processing site 08067000: Neches River at Evadale, TX
2026-02-05 20:20:44,425 - __main__ - INFO - ============================================================
2026-02-05 20:20:44,473 - __main__ - INFO - ============================================================
2026-02-05 20:20:44,475 - __main__ - INFO - FLOOD DATA CLEANING - Site 08067000
2026-02-05 20:20:44,477 - __main__ - INFO - ============================================================
2026-02-05 20:20:44,477 - __main__ - INFO - Project root: C:\Users\woodn\OneDrive\Desktop\MAPOU_LAB_CAPSTONE\earthquake-flood-alert
2026-02-05 20:20:44,483 - __main__ - INFO - Loading data from C:\Users\woodn\OneDrive\Desktop\MAPOU_LAB_CAPSTONE\earthquake-flood-alert\data\raw\floods\08067000_Neches_River_at_Evadale_TX_training.csv
2026-02-05 20:20:44,552 - __main__ - INFO - Loaded 5,082 raw records
2026-02-05 20:20:44,552 - __main__ - INFO - Starting data cleaning for site 08067000...
2026-02-05 20:20:44,554 - __main__ - INFO - Parsing 'date' column to datetime...
2026-02-05 20:20:44,621 - __main__ - INFO - Using discharge column: 00060_Mean
2026-02-05 20:20:44,635 - __main__ - WARNING - Missing discharge values: 2312 (45.49%)
2026-02-05 20:20:44,669 - __main__ - WARNING - Filling 1942 remaining missing values with ffill/bfill
2026-02-05 20:20:44,686 - __main__ - INFO - OK Cleaning complete. Final rows: 5,082 (from original 5,082)
2026-02-05 20:20:44,688 - __main__ - INFO - Adding derived features...
2026-02-05 20:20:44,922 - __main__ - INFO - OK Added 20+ derived features
2026-02-05 20:20:44,925 - __main__ - INFO - Creating flood labels (threshold: 95th percentile)...
2026-02-05 20:20:44,968 - __main__ - INFO - OK Identified 255 flood events (5.02%)
2026-02-05 20:20:44,968 - __main__ - INFO -   Flood threshold: 44,795.00 cfs
2026-02-05 20:20:46,981 - src.utils.helpers - INFO - Saved cleaned flood data for site 08067000: C:\Users\woodn\OneDrive\Desktop\MAPOU_LAB_CAPSTONE\earthquake-flood-alert\data\processed\flood_cleaned_08067000.csv (5082 records)
2026-02-05 20:20:46,983 - __main__ - INFO - 
============================================================
2026-02-05 20:20:46,988 - __main__ - INFO - CLEANING SUMMARY
2026-02-05 20:20:46,992 - __main__ - INFO - ============================================================
2026-02-05 20:20:47,001 - __main__ - INFO - Original records: 5,082
2026-02-05 20:20:47,025 - __main__ - INFO - Cleaned records: 5,082
2026-02-05 20:20:47,029 - __main__ - INFO - Retention rate: 100.0%
2026-02-05 20:20:47,031 - __main__ - INFO - Flood events (>95th percentile): 255
2026-02-05 20:20:47,045 - __main__ - INFO - Date range: 2010-01-01 00:00:00+00:00 to 2024-01-01 00:00:00+00:00
2026-02-05 20:20:47,051 - __main__ - INFO - Discharge range: 954.00 - 124,000.00 cfs
2026-02-05 20:20:47,061 - __main__ - INFO - OK Cleaned data saved to: C:\Users\woodn\OneDrive\Desktop\MAPOU_LAB_CAPSTONE\earthquake-flood-alert\data\processed\flood_cleaned_08067000.csv
2026-02-05 20:20:47,069 - __main__ - INFO - OK Successfully cleaned data for 08067000
2026-02-05 20:20:47,078 - __main__ - INFO - 
============================================================
2026-02-05 20:20:47,080 - __main__ - INFO - Processing site 03374100: White River at Hazleton, IN
2026-02-05 20:20:47,082 - __main__ - INFO - ============================================================
2026-02-05 20:20:47,150 - __main__ - INFO - ============================================================
2026-02-05 20:20:47,152 - __main__ - INFO - FLOOD DATA CLEANING - Site 03374100
2026-02-05 20:20:47,161 - __main__ - INFO - ============================================================
2026-02-05 20:20:47,167 - __main__ - INFO - Project root: C:\Users\woodn\OneDrive\Desktop\MAPOU_LAB_CAPSTONE\earthquake-flood-alert
2026-02-05 20:20:47,181 - __main__ - INFO - Loading data from C:\Users\woodn\OneDrive\Desktop\MAPOU_LAB_CAPSTONE\earthquake-flood-alert\data\raw\floods\03374100_White_River_at_Hazleton_IN_training.csv
2026-02-05 20:20:47,449 - __main__ - INFO - Loaded 4,841 raw records
2026-02-05 20:20:47,560 - __main__ - INFO - Starting data cleaning for site 03374100...
2026-02-05 20:20:47,641 - __main__ - INFO - Parsing 'date' column to datetime...
2026-02-05 20:20:47,859 - __main__ - INFO - Using discharge column: 00060_Mean
2026-02-05 20:20:47,880 - __main__ - INFO - OK Cleaning complete. Final rows: 4,841 (from original 4,841)
2026-02-05 20:20:47,883 - __main__ - INFO - Adding derived features...
2026-02-05 20:20:48,005 - __main__ - INFO - OK Added 20+ derived features
2026-02-05 20:20:48,007 - __main__ - INFO - Creating flood labels (threshold: 95th percentile)...
2026-02-05 20:20:48,058 - __main__ - INFO - OK Identified 242 flood events (5.00%)
2026-02-05 20:20:48,095 - __main__ - INFO -   Flood threshold: 44,900.00 cfs
2026-02-05 20:20:51,368 - src.utils.helpers - INFO - Saved cleaned flood data for site 03374100: C:\Users\woodn\OneDrive\Desktop\MAPOU_LAB_CAPSTONE\earthquake-flood-alert\data\processed\flood_cleaned_03374100.csv (4841 records)
2026-02-05 20:20:51,562 - __main__ - INFO - 
============================================================
2026-02-05 20:20:51,847 - __main__ - INFO - CLEANING SUMMARY
2026-02-05 20:20:51,848 - __main__ - INFO - ============================================================
2026-02-05 20:20:51,850 - __main__ - INFO - Original records: 4,841
2026-02-05 20:20:51,850 - __main__ - INFO - Cleaned records: 4,841
2026-02-05 20:20:51,850 - __main__ - INFO - Retention rate: 100.0%
2026-02-05 20:20:51,852 - __main__ - INFO - Flood events (>95th percentile): 242
2026-02-05 20:20:51,852 - __main__ - INFO - Date range: 2010-10-01 00:00:00+00:00 to 2024-01-01 00:00:00+00:00
2026-02-05 20:20:51,854 - __main__ - INFO - Discharge range: 1,100.00 - 137,000.00 cfs
2026-02-05 20:20:51,856 - __main__ - INFO - OK Cleaned data saved to: C:\Users\woodn\OneDrive\Desktop\MAPOU_LAB_CAPSTONE\earthquake-flood-alert\data\processed\flood_cleaned_03374100.csv
2026-02-05 20:20:51,856 - __main__ - INFO - OK Successfully cleaned data for 03374100
2026-02-05 20:20:51,859 - __main__ - INFO - 
============================================================
2026-02-05 20:20:51,859 - __main__ - INFO - CLEANING COMPLETE: 5/5 sites processed successfully
2026-02-05 20:20:51,859 - __main__ - INFO - ============================================================
2026-02-08 00:35:27,176 - __main__ - INFO - Cleaning data for 5 monitoring sites...
2026-02-08 00:35:27,178 - __main__ - INFO - 
============================================================
2026-02-08 00:35:27,178 - __main__ - INFO - Processing site 07374000: Mississippi River at Baton Rouge, LA
2026-02-08 00:35:27,178 - __main__ - INFO - ============================================================
2026-02-08 00:35:27,206 - __main__ - INFO - ============================================================
2026-02-08 00:35:27,208 - __main__ - INFO - FLOOD DATA CLEANING - Site 07374000
2026-02-08 00:35:27,210 - __main__ - INFO - ============================================================
2026-02-08 00:35:27,216 - __main__ - INFO - Project root: C:\Users\woodn\OneDrive\Desktop\MAPOU_LAB_CAPSTONE\earthquake-flood-alert
2026-02-08 00:35:27,232 - __main__ - INFO - Loading data from C:\Users\woodn\OneDrive\Desktop\MAPOU_LAB_CAPSTONE\earthquake-flood-alert\data\raw\floods\07374000_Mississippi_River_at_Baton_Rouge_LA_training.csv
2026-02-08 00:35:27,349 - __main__ - INFO - Loaded 5,079 raw records
2026-02-08 00:35:27,351 - __main__ - INFO - Starting data cleaning for site 07374000...
2026-02-08 00:35:27,353 - __main__ - INFO - Parsing 'date' column to datetime...
2026-02-08 00:35:27,415 - __main__ - INFO - Using discharge column: 00060_Mean
2026-02-08 00:35:27,433 - __main__ - INFO - OK Cleaning complete. Final rows: 5,079 (from original 5,079)
2026-02-08 00:35:27,434 - __main__ - INFO - Adding derived features...
2026-02-08 00:35:27,532 - __main__ - INFO - OK Added 20+ derived features
2026-02-08 00:35:27,534 - __main__ - INFO - Creating flood labels (threshold: 95th percentile)...
2026-02-08 00:35:27,537 - __main__ - INFO - OK Identified 233 flood events (4.59%)
2026-02-08 00:35:27,537 - __main__ - INFO -   Flood threshold: 1,180,000.00 cfs
2026-02-08 00:35:28,086 - src.utils.helpers - INFO - Saved cleaned flood data for site 07374000: C:\Users\woodn\OneDrive\Desktop\MAPOU_LAB_CAPSTONE\earthquake-flood-alert\data\processed\flood_cleaned_07374000.csv (5079 records)
2026-02-08 00:35:28,094 - __main__ - INFO - 
============================================================
2026-02-08 00:35:28,094 - __main__ - INFO - CLEANING SUMMARY
2026-02-08 00:35:28,094 - __main__ - INFO - ============================================================
2026-02-08 00:35:28,094 - __main__ - INFO - Original records: 5,079
2026-02-08 00:35:28,094 - __main__ - INFO - Cleaned records: 5,079
2026-02-08 00:35:28,094 - __main__ - INFO - Retention rate: 100.0%
2026-02-08 00:35:28,101 - __main__ - INFO - Flood events (>95th percentile): 233
2026-02-08 00:35:28,103 - __main__ - INFO - Date range: 2010-01-01 00:00:00+00:00 to 2024-01-01 00:00:00+00:00
2026-02-08 00:35:28,108 - __main__ - INFO - Discharge range: 131,000.00 - 1,430,000.00 cfs
2026-02-08 00:35:28,108 - __main__ - INFO - OK Cleaned data saved to: C:\Users\woodn\OneDrive\Desktop\MAPOU_LAB_CAPSTONE\earthquake-flood-alert\data\processed\flood_cleaned_07374000.csv
2026-02-08 00:35:28,109 - __main__ - INFO - OK Successfully cleaned data for 07374000
2026-02-08 00:35:28,109 - __main__ - INFO - 
============================================================
2026-02-08 00:35:28,109 - __main__ - INFO - Processing site 01646500: Potomac River at Little Falls, MD
2026-02-08 00:35:28,110 - __main__ - INFO - ============================================================
2026-02-08 00:35:28,128 - __main__ - INFO - ============================================================
2026-02-08 00:35:28,135 - __main__ - INFO - FLOOD DATA CLEANING - Site 01646500
2026-02-08 00:35:28,139 - __main__ - INFO - ============================================================
2026-02-08 00:35:28,139 - __main__ - INFO - Project root: C:\Users\woodn\OneDrive\Desktop\MAPOU_LAB_CAPSTONE\earthquake-flood-alert
2026-02-08 00:35:28,143 - __main__ - INFO - Loading data from C:\Users\woodn\OneDrive\Desktop\MAPOU_LAB_CAPSTONE\earthquake-flood-alert\data\raw\floods\01646500_Potomac_River_at_Little_Falls_MD_training.csv
2026-02-08 00:35:28,183 - __main__ - INFO - Loaded 5,114 raw records
2026-02-08 00:35:28,183 - __main__ - INFO - Starting data cleaning for site 01646500...
2026-02-08 00:35:28,185 - __main__ - INFO - Parsing 'date' column to datetime...
2026-02-08 00:35:28,242 - __main__ - INFO - Using discharge column: 00060_Mean
2026-02-08 00:35:28,253 - __main__ - INFO - OK Cleaning complete. Final rows: 5,114 (from original 5,114)
2026-02-08 00:35:28,257 - __main__ - INFO - Adding derived features...
2026-02-08 00:35:28,370 - __main__ - INFO - OK Added 20+ derived features
2026-02-08 00:35:28,376 - __main__ - INFO - Creating flood labels (threshold: 95th percentile)...
2026-02-08 00:35:28,412 - __main__ - INFO - OK Identified 256 flood events (5.01%)
2026-02-08 00:35:28,426 - __main__ - INFO -   Flood threshold: 37,205.00 cfs
2026-02-08 00:35:29,087 - src.utils.helpers - INFO - Saved cleaned flood data for site 01646500: C:\Users\woodn\OneDrive\Desktop\MAPOU_LAB_CAPSTONE\earthquake-flood-alert\data\processed\flood_cleaned_01646500.csv (5114 records)
2026-02-08 00:35:29,087 - __main__ - INFO - 
============================================================
2026-02-08 00:35:29,089 - __main__ - INFO - CLEANING SUMMARY
2026-02-08 00:35:29,089 - __main__ - INFO - ============================================================
2026-02-08 00:35:29,089 - __main__ - INFO - Original records: 5,114
2026-02-08 00:35:29,089 - __main__ - INFO - Cleaned records: 5,114
2026-02-08 00:35:29,089 - __main__ - INFO - Retention rate: 100.0%
2026-02-08 00:35:29,089 - __main__ - INFO - Flood events (>95th percentile): 256
2026-02-08 00:35:29,089 - __main__ - INFO - Date range: 2010-01-01 00:00:00+00:00 to 2024-01-01 00:00:00+00:00
2026-02-08 00:35:29,095 - __main__ - INFO - Discharge range: 405.00 - 192,000.00 cfs
2026-02-08 00:35:29,095 - __main__ - INFO - OK Cleaned data saved to: C:\Users\woodn\OneDrive\Desktop\MAPOU_LAB_CAPSTONE\earthquake-flood-alert\data\processed\flood_cleaned_01646500.csv
2026-02-08 00:35:29,097 - __main__ - INFO - OK Successfully cleaned data for 01646500
2026-02-08 00:35:29,097 - __main__ - INFO - 
============================================================
2026-02-08 00:35:29,098 - __main__ - INFO - Processing site 14211720: Willamette River at Portland, OR
2026-02-08 00:35:29,098 - __main__ - INFO - ============================================================
2026-02-08 00:35:29,126 - __main__ - INFO - ============================================================
2026-02-08 00:35:29,126 - __main__ - INFO - FLOOD DATA CLEANING - Site 14211720
2026-02-08 00:35:29,126 - __main__ - INFO - ============================================================
2026-02-08 00:35:29,126 - __main__ - INFO - Project root: C:\Users\woodn\OneDrive\Desktop\MAPOU_LAB_CAPSTONE\earthquake-flood-alert
2026-02-08 00:35:29,138 - __main__ - INFO - Loading data from C:\Users\woodn\OneDrive\Desktop\MAPOU_LAB_CAPSTONE\earthquake-flood-alert\data\raw\floods\14211720_Willamette_River_at_Portland_OR_training.csv
2026-02-08 00:35:29,199 - __main__ - INFO - Loaded 5,114 raw records
2026-02-08 00:35:29,199 - __main__ - INFO - Starting data cleaning for site 14211720...
2026-02-08 00:35:29,203 - __main__ - INFO - Parsing 'date' column to datetime...
2026-02-08 00:35:29,244 - __main__ - INFO - Using discharge column: 00060_Mean
2026-02-08 00:35:29,259 - __main__ - INFO - OK Cleaning complete. Final rows: 5,114 (from original 5,114)
2026-02-08 00:35:29,260 - __main__ - INFO - Adding derived features...
2026-02-08 00:35:29,358 - __main__ - INFO - OK Added 20+ derived features
2026-02-08 00:35:29,360 - __main__ - INFO - Creating flood labels (threshold: 95th percentile)...
2026-02-08 00:35:29,378 - __main__ - INFO - OK Identified 254 flood events (4.97%)
2026-02-08 00:35:29,382 - __main__ - INFO -   Flood threshold: 95,700.00 cfs
2026-02-08 00:35:30,072 - src.utils.helpers - INFO - Saved cleaned flood data for site 14211720: C:\Users\woodn\OneDrive\Desktop\MAPOU_LAB_CAPSTONE\earthquake-flood-alert\data\processed\flood_cleaned_14211720.csv (5114 records)
2026-02-08 00:35:30,074 - __main__ - INFO - 
============================================================
2026-02-08 00:35:30,076 - __main__ - INFO - CLEANING SUMMARY
2026-02-08 00:35:30,076 - __main__ - INFO - ============================================================
2026-02-08 00:35:30,076 - __main__ - INFO - Original records: 5,114
2026-02-08 00:35:30,076 - __main__ - INFO - Cleaned records: 5,114
2026-02-08 00:35:30,076 - __main__ - INFO - Retention rate: 100.0%
2026-02-08 00:35:30,079 - __main__ - INFO - Flood events (>95th percentile): 254
2026-02-08 00:35:30,082 - __main__ - INFO - Date range: 2010-01-01 00:00:00+00:00 to 2024-01-01 00:00:00+00:00
2026-02-08 00:35:30,083 - __main__ - INFO - Discharge range: 1,840.00 - 200,000.00 cfs
2026-02-08 00:35:30,084 - __main__ - INFO - OK Cleaned data saved to: C:\Users\woodn\OneDrive\Desktop\MAPOU_LAB_CAPSTONE\earthquake-flood-alert\data\processed\flood_cleaned_14211720.csv
2026-02-08 00:35:30,086 - __main__ - INFO - OK Successfully cleaned data for 14211720
2026-02-08 00:35:30,087 - __main__ - INFO - 
============================================================
2026-02-08 00:35:30,087 - __main__ - INFO - Processing site 08067000: Neches River at Evadale, TX
2026-02-08 00:35:30,088 - __main__ - INFO - ============================================================
2026-02-08 00:35:30,122 - __main__ - INFO - ============================================================
2026-02-08 00:35:30,123 - __main__ - INFO - FLOOD DATA CLEANING - Site 08067000
2026-02-08 00:35:30,124 - __main__ - INFO - ============================================================
2026-02-08 00:35:30,124 - __main__ - INFO - Project root: C:\Users\woodn\OneDrive\Desktop\MAPOU_LAB_CAPSTONE\earthquake-flood-alert
2026-02-08 00:35:30,130 - __main__ - INFO - Loading data from C:\Users\woodn\OneDrive\Desktop\MAPOU_LAB_CAPSTONE\earthquake-flood-alert\data\raw\floods\08067000_Neches_River_at_Evadale_TX_training.csv
2026-02-08 00:35:30,194 - __main__ - INFO - Loaded 5,082 raw records
2026-02-08 00:35:30,194 - __main__ - INFO - Starting data cleaning for site 08067000...
2026-02-08 00:35:30,196 - __main__ - INFO - Parsing 'date' column to datetime...
2026-02-08 00:35:30,259 - __main__ - INFO - Using discharge column: 00060_Mean
2026-02-08 00:35:30,261 - __main__ - WARNING - Missing discharge values: 2312 (45.49%)
2026-02-08 00:35:30,294 - __main__ - WARNING - Filling 1942 remaining missing values with ffill/bfill
2026-02-08 00:35:30,360 - __main__ - INFO - OK Cleaning complete. Final rows: 5,082 (from original 5,082)
2026-02-08 00:35:30,360 - __main__ - INFO - Adding derived features...
2026-02-08 00:35:30,474 - __main__ - INFO - OK Added 20+ derived features
2026-02-08 00:35:30,475 - __main__ - INFO - Creating flood labels (threshold: 95th percentile)...
2026-02-08 00:35:30,502 - __main__ - INFO - OK Identified 255 flood events (5.02%)
2026-02-08 00:35:30,508 - __main__ - INFO -   Flood threshold: 44,795.00 cfs
2026-02-08 00:35:31,243 - src.utils.helpers - INFO - Saved cleaned flood data for site 08067000: C:\Users\woodn\OneDrive\Desktop\MAPOU_LAB_CAPSTONE\earthquake-flood-alert\data\processed\flood_cleaned_08067000.csv (5082 records)
2026-02-08 00:35:31,243 - __main__ - INFO - 
============================================================
2026-02-08 00:35:31,245 - __main__ - INFO - CLEANING SUMMARY
2026-02-08 00:35:31,245 - __main__ - INFO - ============================================================
2026-02-08 00:35:31,247 - __main__ - INFO - Original records: 5,082
2026-02-08 00:35:31,247 - __main__ - INFO - Cleaned records: 5,082
2026-02-08 00:35:31,247 - __main__ - INFO - Retention rate: 100.0%
2026-02-08 00:35:31,252 - __main__ - INFO - Flood events (>95th percentile): 255
2026-02-08 00:35:31,255 - __main__ - INFO - Date range: 2010-01-01 00:00:00+00:00 to 2024-01-01 00:00:00+00:00
2026-02-08 00:35:31,257 - __main__ - INFO - Discharge range: 954.00 - 124,000.00 cfs
2026-02-08 00:35:31,258 - __main__ - INFO - OK Cleaned data saved to: C:\Users\woodn\OneDrive\Desktop\MAPOU_LAB_CAPSTONE\earthquake-flood-alert\data\processed\flood_cleaned_08067000.csv
2026-02-08 00:35:31,258 - __main__ - INFO - OK Successfully cleaned data for 08067000
2026-02-08 00:35:31,259 - __main__ - INFO - 
============================================================
2026-02-08 00:35:31,259 - __main__ - INFO - Processing site 03374100: White River at Hazleton, IN
2026-02-08 00:35:31,260 - __main__ - INFO - ============================================================
2026-02-08 00:35:31,294 - __main__ - INFO - ============================================================
2026-02-08 00:35:31,295 - __main__ - INFO - FLOOD DATA CLEANING - Site 03374100
2026-02-08 00:35:31,296 - __main__ - INFO - ============================================================
2026-02-08 00:35:31,296 - __main__ - INFO - Project root: C:\Users\woodn\OneDrive\Desktop\MAPOU_LAB_CAPSTONE\earthquake-flood-alert
2026-02-08 00:35:31,306 - __main__ - INFO - Loading data from C:\Users\woodn\OneDrive\Desktop\MAPOU_LAB_CAPSTONE\earthquake-flood-alert\data\raw\floods\03374100_White_River_at_Hazleton_IN_training.csv
2026-02-08 00:35:31,384 - __main__ - INFO - Loaded 4,841 raw records
2026-02-08 00:35:31,387 - __main__ - INFO - Starting data cleaning for site 03374100...
2026-02-08 00:35:31,390 - __main__ - INFO - Parsing 'date' column to datetime...
2026-02-08 00:35:31,441 - __main__ - INFO - Using discharge column: 00060_Mean
2026-02-08 00:35:31,455 - __main__ - INFO - OK Cleaning complete. Final rows: 4,841 (from original 4,841)
2026-02-08 00:35:31,455 - __main__ - INFO - Adding derived features...
2026-02-08 00:35:31,557 - __main__ - INFO - OK Added 20+ derived features
2026-02-08 00:35:31,557 - __main__ - INFO - Creating flood labels (threshold: 95th percentile)...
2026-02-08 00:35:31,579 - __main__ - INFO - OK Identified 242 flood events (5.00%)
2026-02-08 00:35:31,582 - __main__ - INFO -   Flood threshold: 44,900.00 cfs
2026-02-08 00:35:32,336 - src.utils.helpers - INFO - Saved cleaned flood data for site 03374100: C:\Users\woodn\OneDrive\Desktop\MAPOU_LAB_CAPSTONE\earthquake-flood-alert\data\processed\flood_cleaned_03374100.csv (4841 records)
2026-02-08 00:35:32,344 - __main__ - INFO - 
============================================================
2026-02-08 00:35:32,350 - __main__ - INFO - CLEANING SUMMARY
2026-02-08 00:35:32,357 - __main__ - INFO - ============================================================
2026-02-08 00:35:32,365 - __main__ - INFO - Original records: 4,841
2026-02-08 00:35:32,371 - __main__ - INFO - Cleaned records: 4,841
2026-02-08 00:35:32,373 - __main__ - INFO - Retention rate: 100.0%
2026-02-08 00:35:32,375 - __main__ - INFO - Flood events (>95th percentile): 242
2026-02-08 00:35:32,378 - __main__ - INFO - Date range: 2010-10-01 00:00:00+00:00 to 2024-01-01 00:00:00+00:00
2026-02-08 00:35:32,379 - __main__ - INFO - Discharge range: 1,100.00 - 137,000.00 cfs
2026-02-08 00:35:32,384 - __main__ - INFO - OK Cleaned data saved to: C:\Users\woodn\OneDrive\Desktop\MAPOU_LAB_CAPSTONE\earthquake-flood-alert\data\processed\flood_cleaned_03374100.csv
2026-02-08 00:35:32,386 - __main__ - INFO - OK Successfully cleaned data for 03374100
2026-02-08 00:35:32,387 - __main__ - INFO - 
============================================================
2026-02-08 00:35:32,388 - __main__ - INFO - CLEANING COMPLETE: 5/5 sites processed successfully
2026-02-08 00:35:32,389 - __main__ - INFO - ============================================================
2026-02-08 11:21:09,603 - __main__ - INFO - Cleaning data for 5 monitoring sites...
2026-02-08 11:21:09,603 - __main__ - INFO - 
============================================================
2026-02-08 11:21:09,603 - __main__ - INFO - Processing site 07374000: Mississippi River at Baton Rouge, LA
2026-02-08 11:21:09,603 - __main__ - INFO - ============================================================
2026-02-08 11:21:09,622 - __main__ - INFO - ============================================================
2026-02-08 11:21:09,622 - __main__ - INFO - FLOOD DATA CLEANING - Site 07374000
2026-02-08 11:21:09,624 - __main__ - INFO - ============================================================
2026-02-08 11:21:09,624 - __main__ - INFO - Project root: C:\Users\woodn\OneDrive\Desktop\MAPOU_LAB_CAPSTONE\earthquake-flood-alert
2026-02-08 11:21:09,628 - __main__ - INFO - Loading data from C:\Users\woodn\OneDrive\Desktop\MAPOU_LAB_CAPSTONE\earthquake-flood-alert\data\raw\floods\07374000_Mississippi_River_at_Baton_Rouge_LA_training.csv
2026-02-08 11:21:09,691 - __main__ - INFO - Loaded 5,079 raw records
2026-02-08 11:21:09,693 - __main__ - INFO - Starting data cleaning for site 07374000...
2026-02-08 11:21:09,701 - __main__ - INFO - Parsing 'date' column to datetime...
2026-02-08 11:21:09,756 - __main__ - INFO - Using discharge column: 00060_Mean
2026-02-08 11:21:09,780 - __main__ - INFO - OK Cleaning complete. Final rows: 5,079 (from original 5,079)
2026-02-08 11:21:09,784 - __main__ - INFO - Adding derived features...
2026-02-08 11:21:09,849 - __main__ - INFO - OK Added 20+ derived features
2026-02-08 11:21:09,849 - __main__ - INFO - Creating flood labels (threshold: 95th percentile)...
2026-02-08 11:21:09,857 - __main__ - INFO - OK Identified 233 flood events (4.59%)
2026-02-08 11:21:09,857 - __main__ - INFO -   Flood threshold: 1,180,000.00 cfs
2026-02-08 11:21:10,294 - src.utils.helpers - INFO - Saved cleaned flood data for site 07374000: C:\Users\woodn\OneDrive\Desktop\MAPOU_LAB_CAPSTONE\earthquake-flood-alert\data\processed\flood_cleaned_07374000.csv (5079 records)
2026-02-08 11:21:10,296 - __main__ - INFO - 
============================================================
2026-02-08 11:21:10,298 - __main__ - INFO - CLEANING SUMMARY
2026-02-08 11:21:10,300 - __main__ - INFO - ============================================================
2026-02-08 11:21:10,303 - __main__ - INFO - Original records: 5,079
2026-02-08 11:21:10,307 - __main__ - INFO - Cleaned records: 5,079
2026-02-08 11:21:10,311 - __main__ - INFO - Retention rate: 100.0%
2026-02-08 11:21:10,315 - __main__ - INFO - Flood events (>95th percentile): 233
2026-02-08 11:21:10,320 - __main__ - INFO - Date range: 2010-01-01 00:00:00+00:00 to 2024-01-01 00:00:00+00:00
2026-02-08 11:21:10,327 - __main__ - INFO - Discharge range: 131,000.00 - 1,430,000.00 cfs
2026-02-08 11:21:10,327 - __main__ - INFO - OK Cleaned data saved to: C:\Users\woodn\OneDrive\Desktop\MAPOU_LAB_CAPSTONE\earthquake-flood-alert\data\processed\flood_cleaned_07374000.csv
2026-02-08 11:21:10,329 - __main__ - INFO - OK Successfully cleaned data for 07374000
2026-02-08 11:21:10,329 - __main__ - INFO - 
============================================================
2026-02-08 11:21:10,331 - __main__ - INFO - Processing site 01646500: Potomac River at Little Falls, MD
2026-02-08 11:21:10,331 - __main__ - INFO - ============================================================
2026-02-08 11:21:10,346 - __main__ - INFO - ============================================================
2026-02-08 11:21:10,346 - __main__ - INFO - FLOOD DATA CLEANING - Site 01646500
2026-02-08 11:21:10,346 - __main__ - INFO - ============================================================
2026-02-08 11:21:10,346 - __main__ - INFO - Project root: C:\Users\woodn\OneDrive\Desktop\MAPOU_LAB_CAPSTONE\earthquake-flood-alert
2026-02-08 11:21:10,351 - __main__ - INFO - Loading data from C:\Users\woodn\OneDrive\Desktop\MAPOU_LAB_CAPSTONE\earthquake-flood-alert\data\raw\floods\01646500_Potomac_River_at_Little_Falls_MD_training.csv
2026-02-08 11:21:10,396 - __main__ - INFO - Loaded 5,114 raw records
2026-02-08 11:21:10,396 - __main__ - INFO - Starting data cleaning for site 01646500...
2026-02-08 11:21:10,396 - __main__ - INFO - Parsing 'date' column to datetime...
2026-02-08 11:21:10,419 - __main__ - INFO - Using discharge column: 00060_Mean
2026-02-08 11:21:10,429 - __main__ - INFO - OK Cleaning complete. Final rows: 5,114 (from original 5,114)
2026-02-08 11:21:10,429 - __main__ - INFO - Adding derived features...
2026-02-08 11:21:10,473 - __main__ - INFO - OK Added 20+ derived features
2026-02-08 11:21:10,473 - __main__ - INFO - Creating flood labels (threshold: 95th percentile)...
2026-02-08 11:21:10,481 - __main__ - INFO - OK Identified 256 flood events (5.01%)
2026-02-08 11:21:10,483 - __main__ - INFO -   Flood threshold: 37,205.00 cfs
2026-02-08 11:26:50,827 - __main__ - INFO - Cleaning data for 5 monitoring sites...
2026-02-08 11:26:50,827 - __main__ - INFO - 
============================================================
2026-02-08 11:26:50,827 - __main__ - INFO - Processing site 07374000: Mississippi River at Baton Rouge, LA
2026-02-08 11:26:50,827 - __main__ - INFO - ============================================================
2026-02-08 11:26:50,840 - __main__ - INFO - ============================================================
2026-02-08 11:26:50,840 - __main__ - INFO - FLOOD DATA CLEANING - Site 07374000
2026-02-08 11:26:50,840 - __main__ - INFO - ============================================================
2026-02-08 11:26:50,842 - __main__ - INFO - Project root: C:\Users\woodn\OneDrive\Desktop\MAPOU_LAB_CAPSTONE\earthquake-flood-alert
2026-02-08 11:26:50,845 - __main__ - INFO - Loading data from C:\Users\woodn\OneDrive\Desktop\MAPOU_LAB_CAPSTONE\earthquake-flood-alert\data\raw\floods\07374000_Mississippi_River_at_Baton_Rouge_LA_training.csv
2026-02-08 11:26:50,890 - __main__ - INFO - Loaded 5,079 raw records
2026-02-08 11:26:50,890 - __main__ - INFO - Starting data cleaning for site 07374000...
2026-02-08 11:26:50,890 - __main__ - INFO - Parsing 'date' column to datetime...
2026-02-08 11:26:50,909 - __main__ - INFO - Using discharge column: 00060_Mean
2026-02-08 11:26:50,928 - __main__ - INFO - OK Cleaning complete. Final rows: 5,079 (from original 5,079)
2026-02-08 11:26:50,930 - __main__ - INFO - Adding derived features...
2026-02-08 11:26:50,973 - __main__ - INFO - OK Added 20+ derived features
2026-02-08 11:26:50,973 - __main__ - INFO - Creating flood labels (threshold: 95th percentile)...
2026-02-08 11:26:50,986 - __main__ - INFO - OK Identified 233 flood events (4.59%)
2026-02-08 11:26:50,989 - __main__ - INFO -   Flood threshold: 1,180,000.00 cfs
2026-02-08 11:26:51,311 - src.utils.helpers - INFO - Saved cleaned flood data for site 07374000: C:\Users\woodn\OneDrive\Desktop\MAPOU_LAB_CAPSTONE\earthquake-flood-alert\data\processed\flood_cleaned_07374000.csv (5079 records)
2026-02-08 11:26:51,311 - __main__ - INFO - 
============================================================
2026-02-08 11:26:51,311 - __main__ - INFO - CLEANING SUMMARY
2026-02-08 11:26:51,311 - __main__ - INFO - ============================================================
2026-02-08 11:26:51,320 - __main__ - INFO - Original records: 5,079
2026-02-08 11:26:51,320 - __main__ - INFO - Cleaned records: 5,079
2026-02-08 11:26:51,320 - __main__ - INFO - Retention rate: 100.0%
2026-02-08 11:26:51,320 - __main__ - INFO - Flood events (>95th percentile): 233
2026-02-08 11:26:51,322 - __main__ - INFO - Date range: 2010-01-01 00:00:00+00:00 to 2024-01-01 00:00:00+00:00
2026-02-08 11:26:51,322 - __main__ - INFO - Discharge range: 131,000.00 - 1,430,000.00 cfs
2026-02-08 11:26:51,324 - __main__ - INFO - OK Cleaned data saved to: C:\Users\woodn\OneDrive\Desktop\MAPOU_LAB_CAPSTONE\earthquake-flood-alert\data\processed\flood_cleaned_07374000.csv
2026-02-08 11:26:51,325 - __main__ - INFO - OK Successfully cleaned data for 07374000
2026-02-08 11:26:51,327 - __main__ - INFO - 
============================================================
2026-02-08 11:26:51,328 - __main__ - INFO - Processing site 01646500: Potomac River at Little Falls, MD
2026-02-08 11:26:51,329 - __main__ - INFO - ============================================================
2026-02-08 11:26:51,358 - __main__ - INFO - ============================================================
2026-02-08 11:26:51,358 - __main__ - INFO - FLOOD DATA CLEANING - Site 01646500
2026-02-08 11:26:51,358 - __main__ - INFO - ============================================================
2026-02-08 11:26:51,358 - __main__ - INFO - Project root: C:\Users\woodn\OneDrive\Desktop\MAPOU_LAB_CAPSTONE\earthquake-flood-alert
2026-02-08 11:26:51,358 - __main__ - INFO - Loading data from C:\Users\woodn\OneDrive\Desktop\MAPOU_LAB_CAPSTONE\earthquake-flood-alert\data\raw\floods\01646500_Potomac_River_at_Little_Falls_MD_training.csv
2026-02-08 11:26:51,390 - __main__ - INFO - Loaded 5,114 raw records
2026-02-08 11:26:51,390 - __main__ - INFO - Starting data cleaning for site 01646500...
2026-02-08 11:26:51,390 - __main__ - INFO - Parsing 'date' column to datetime...
2026-02-08 11:26:51,432 - __main__ - INFO - Using discharge column: 00060_Mean
2026-02-08 11:26:51,456 - __main__ - INFO - OK Cleaning complete. Final rows: 5,114 (from original 5,114)
2026-02-08 11:26:51,495 - __main__ - INFO - Adding derived features...
2026-02-08 11:26:51,600 - __main__ - INFO - OK Added 20+ derived features
2026-02-08 11:26:51,602 - __main__ - INFO - Creating flood labels (threshold: 95th percentile)...
2026-02-08 11:26:51,606 - __main__ - INFO - OK Identified 256 flood events (5.01%)
2026-02-08 11:26:51,606 - __main__ - INFO -   Flood threshold: 37,205.00 cfs
2026-02-08 11:27:04,790 - __main__ - INFO - Cleaning data for 5 monitoring sites...
2026-02-08 11:27:04,790 - __main__ - INFO - 
============================================================
2026-02-08 11:27:04,790 - __main__ - INFO - Processing site 07374000: Mississippi River at Baton Rouge, LA
2026-02-08 11:27:04,790 - __main__ - INFO - ============================================================
2026-02-08 11:27:04,811 - __main__ - INFO - ============================================================
2026-02-08 11:27:04,813 - __main__ - INFO - FLOOD DATA CLEANING - Site 07374000
2026-02-08 11:27:04,816 - __main__ - INFO - ============================================================
2026-02-08 11:27:04,820 - __main__ - INFO - Project root: C:\Users\woodn\OneDrive\Desktop\MAPOU_LAB_CAPSTONE\earthquake-flood-alert
2026-02-08 11:27:04,832 - __main__ - INFO - Loading data from C:\Users\woodn\OneDrive\Desktop\MAPOU_LAB_CAPSTONE\earthquake-flood-alert\data\raw\floods\07374000_Mississippi_River_at_Baton_Rouge_LA_training.csv
2026-02-08 11:27:04,880 - __main__ - INFO - Loaded 5,079 raw records
2026-02-08 11:27:04,880 - __main__ - INFO - Starting data cleaning for site 07374000...
2026-02-08 11:27:04,880 - __main__ - INFO - Parsing 'date' column to datetime...
2026-02-08 11:27:04,907 - __main__ - INFO - Using discharge column: 00060_Mean
2026-02-08 11:27:04,915 - __main__ - INFO - OK Cleaning complete. Final rows: 5,079 (from original 5,079)
2026-02-08 11:27:04,915 - __main__ - INFO - Adding derived features...
2026-02-08 11:27:04,950 - __main__ - INFO - OK Added 20+ derived features
2026-02-08 11:27:04,952 - __main__ - INFO - Creating flood labels (threshold: 95th percentile)...
2026-02-08 11:27:04,960 - __main__ - INFO - OK Identified 233 flood events (4.59%)
2026-02-08 11:27:04,960 - __main__ - INFO -   Flood threshold: 1,180,000.00 cfs
2026-02-08 11:27:05,288 - src.utils.helpers - INFO - Saved cleaned flood data for site 07374000: C:\Users\woodn\OneDrive\Desktop\MAPOU_LAB_CAPSTONE\earthquake-flood-alert\data\processed\flood_cleaned_07374000.csv (5079 records)
2026-02-08 11:27:05,298 - __main__ - INFO - 
============================================================
2026-02-08 11:27:05,298 - __main__ - INFO - CLEANING SUMMARY
2026-02-08 11:27:05,300 - __main__ - INFO - ============================================================
2026-02-08 11:27:05,300 - __main__ - INFO - Original records: 5,079
2026-02-08 11:27:05,300 - __main__ - INFO - Cleaned records: 5,079
2026-02-08 11:27:05,300 - __main__ - INFO - Retention rate: 100.0%
2026-02-08 11:27:05,302 - __main__ - INFO - Flood events (>95th percentile): 233
2026-02-08 11:27:05,305 - __main__ - INFO - Date range: 2010-01-01 00:00:00+00:00 to 2024-01-01 00:00:00+00:00
2026-02-08 11:27:05,306 - __main__ - INFO - Discharge range: 131,000.00 - 1,430,000.00 cfs
2026-02-08 11:27:05,306 - __main__ - INFO - OK Cleaned data saved to: C:\Users\woodn\OneDrive\Desktop\MAPOU_LAB_CAPSTONE\earthquake-flood-alert\data\processed\flood_cleaned_07374000.csv
2026-02-08 11:27:05,308 - __main__ - INFO - OK Successfully cleaned data for 07374000
2026-02-08 11:27:05,308 - __main__ - INFO - 
============================================================
2026-02-08 11:27:05,310 - __main__ - INFO - Processing site 01646500: Potomac River at Little Falls, MD
2026-02-08 11:27:05,310 - __main__ - INFO - ============================================================
2026-02-08 11:27:05,331 - __main__ - INFO - ============================================================
2026-02-08 11:27:05,331 - __main__ - INFO - FLOOD DATA CLEANING - Site 01646500
2026-02-08 11:27:05,331 - __main__ - INFO - ============================================================
2026-02-08 11:27:05,331 - __main__ - INFO - Project root: C:\Users\woodn\OneDrive\Desktop\MAPOU_LAB_CAPSTONE\earthquake-flood-alert
2026-02-08 11:27:05,338 - __main__ - INFO - Loading data from C:\Users\woodn\OneDrive\Desktop\MAPOU_LAB_CAPSTONE\earthquake-flood-alert\data\raw\floods\01646500_Potomac_River_at_Little_Falls_MD_training.csv
2026-02-08 11:27:05,368 - __main__ - INFO - Loaded 5,114 raw records
2026-02-08 11:27:05,368 - __main__ - INFO - Starting data cleaning for site 01646500...
2026-02-08 11:27:05,368 - __main__ - INFO - Parsing 'date' column to datetime...
2026-02-08 11:27:05,400 - __main__ - INFO - Using discharge column: 00060_Mean
2026-02-08 11:27:05,405 - __main__ - INFO - OK Cleaning complete. Final rows: 5,114 (from original 5,114)
2026-02-08 11:27:05,409 - __main__ - INFO - Adding derived features...
2026-02-08 11:27:05,453 - __main__ - INFO - OK Added 20+ derived features
2026-02-08 11:27:05,453 - __main__ - INFO - Creating flood labels (threshold: 95th percentile)...
2026-02-08 11:27:05,460 - __main__ - INFO - OK Identified 256 flood events (5.01%)
2026-02-08 11:27:05,460 - __main__ - INFO -   Flood threshold: 37,205.00 cfs
2026-02-08 12:45:40,908 - __main__ - INFO - Saved to C:\Users\woodn\OneDrive\Desktop\MAPOU_LAB_CAPSTONE\earthquake-flood-alert\data\processed\flood_cleaned_07374000.csv
2026-02-08 12:48:10,745 - __main__ - INFO - Saved to C:\Users\woodn\OneDrive\Desktop\MAPOU_LAB_CAPSTONE\earthquake-flood-alert\data\processed\flood_cleaned_07374000.csv
2026-02-08 12:49:21,925 - __main__ - INFO - Saved to C:\Users\woodn\OneDrive\Desktop\MAPOU_LAB_CAPSTONE\earthquake-flood-alert\data\processed\flood_cleaned_07374000.csv
2026-02-08 12:49:23,319 - __main__ - INFO - Saved to C:\Users\woodn\OneDrive\Desktop\MAPOU_LAB_CAPSTONE\earthquake-flood-alert\data\processed\flood_cleaned_01646500.csv
2026-02-08 12:49:25,406 - __main__ - INFO - Saved to C:\Users\woodn\OneDrive\Desktop\MAPOU_LAB_CAPSTONE\earthquake-flood-alert\data\processed\flood_cleaned_14211720.csv
2026-02-08 12:49:27,543 - __main__ - INFO - Saved to C:\Users\woodn\OneDrive\Desktop\MAPOU_LAB_CAPSTONE\earthquake-flood-alert\data\processed\flood_cleaned_08067000.csv
2026-02-08 12:49:28,534 - __main__ - INFO - Saved to C:\Users\woodn\OneDrive\Desktop\MAPOU_LAB_CAPSTONE\earthquake-flood-alert\data\processed\flood_cleaned_03374100.csv
2026-02-11 13:22:46,389 - __main__ - INFO - Saved to C:\Users\woodn\OneDrive\Desktop\MAPOU_LAB_CAPSTONE\earthquake-flood-alert\data\processed\flood_cleaned_07374000.csv
2026-02-11 13:22:47,301 - __main__ - INFO - Saved to C:\Users\woodn\OneDrive\Desktop\MAPOU_LAB_CAPSTONE\earthquake-flood-alert\data\processed\flood_cleaned_01646500.csv
2026-02-11 13:22:48,151 - __main__ - INFO - Saved to C:\Users\woodn\OneDrive\Desktop\MAPOU_LAB_CAPSTONE\earthquake-flood-alert\data\processed\flood_cleaned_14211720.csv
2026-02-11 13:22:49,300 - __main__ - INFO - Saved to C:\Users\woodn\OneDrive\Desktop\MAPOU_LAB_CAPSTONE\earthquake-flood-alert\data\processed\flood_cleaned_08067000.csv
2026-02-11 13:22:50,743 - __main__ - INFO - Saved to C:\Users\woodn\OneDrive\Desktop\MAPOU_LAB_CAPSTONE\earthquake-flood-alert\data\processed\flood_cleaned_03374100.csv
