2026-02-05 13:34:24,476 - __main__ - INFO - Engineering features for 5 monitoring sites...
2026-02-05 13:34:24,479 - __main__ - INFO - 
============================================================
2026-02-05 13:34:24,481 - __main__ - INFO - Processing site 07374000: Mississippi River at Baton Rouge, LA
2026-02-05 13:34:24,483 - __main__ - INFO - ============================================================
2026-02-05 13:34:24,520 - __main__ - INFO - ============================================================
2026-02-05 13:34:24,529 - __main__ - INFO - FLOOD FEATURE ENGINEERING - Site 07374000
2026-02-05 13:34:24,531 - __main__ - INFO - ============================================================
2026-02-05 13:34:24,531 - __main__ - INFO - Project root: C:\Users\woodn\OneDrive\Desktop\MAPOU_LAB_CAPSTONE\earthquake-flood-alert
2026-02-05 13:34:24,533 - __main__ - INFO - Loading data from C:\Users\woodn\OneDrive\Desktop\MAPOU_LAB_CAPSTONE\earthquake-flood-alert\data\processed\flood_cleaned_07374000.csv
2026-02-05 13:34:24,908 - __main__ - INFO - Loaded 5,081 cleaned records
2026-02-05 13:34:24,913 - __main__ - INFO - Creating temporal features...
2026-02-05 13:34:24,977 - __main__ - INFO - Creating statistical features...
2026-02-05 13:34:25,125 - __main__ - INFO - Creating trend features...
2026-02-05 13:34:25,363 - __main__ - INFO - Creating extreme event features...
2026-02-05 13:34:25,501 - __main__ - INFO - Creating target variable (window: 7 days)...
2026-02-05 13:34:25,656 - __main__ - INFO - Dropped 81 rows with NaN values (1.6%)
2026-02-05 13:34:25,662 - __main__ - INFO - Final dataset shape: (5000, 70) (5,000 samples, 70 features)
2026-02-05 13:34:28,578 - __main__ - INFO - 
============================================================
2026-02-05 13:34:28,580 - __main__ - INFO - FEATURE SUMMARY
2026-02-05 13:34:28,595 - __main__ - INFO - ============================================================
2026-02-05 13:34:28,597 - __main__ - INFO - Total features (including target): 70
2026-02-05 13:34:28,610 - __main__ - INFO - Target distribution:
2026-02-05 13:34:28,623 - __main__ - INFO - target_flood_next_7d
0    4712
1     288
2026-02-05 13:34:28,627 - __main__ - INFO - Target positive rate: 0.058
2026-02-05 13:34:28,629 - __main__ - INFO - 
Top 10 feature columns:
2026-02-05 13:34:28,641 - __main__ - INFO -   - date
2026-02-05 13:34:28,654 - __main__ - INFO -   - site_no
2026-02-05 13:34:28,677 - __main__ - INFO -   - discharge
2026-02-05 13:34:28,692 - __main__ - INFO -   - 00060_Mean_cd
2026-02-05 13:34:28,693 - __main__ - INFO -   - 00065_Maximum
2026-02-05 13:34:28,695 - __main__ - INFO -   - 00065_Maximum_cd
2026-02-05 13:34:28,705 - __main__ - INFO -   - 00065_Minimum
2026-02-05 13:34:28,708 - __main__ - INFO -   - 00065_Minimum_cd
2026-02-05 13:34:28,709 - __main__ - INFO -   - 00065_Mean
2026-02-05 13:34:28,722 - __main__ - INFO -   - 00065_Mean_cd
2026-02-05 13:34:28,775 - __main__ - INFO - 
============================================================
2026-02-05 13:34:28,777 - __main__ - INFO - Processing site 01646500: Potomac River at Little Falls, MD
2026-02-05 13:34:28,787 - __main__ - INFO - ============================================================
2026-02-05 13:34:28,906 - __main__ - INFO - ============================================================
2026-02-05 13:34:28,924 - __main__ - INFO - FLOOD FEATURE ENGINEERING - Site 01646500
2026-02-05 13:34:28,989 - __main__ - INFO - ============================================================
2026-02-05 13:34:28,996 - __main__ - INFO - Project root: C:\Users\woodn\OneDrive\Desktop\MAPOU_LAB_CAPSTONE\earthquake-flood-alert
2026-02-05 13:34:29,029 - __main__ - INFO - Loading data from C:\Users\woodn\OneDrive\Desktop\MAPOU_LAB_CAPSTONE\earthquake-flood-alert\data\processed\flood_cleaned_01646500.csv
2026-02-05 13:34:29,592 - __main__ - INFO - Loaded 5,114 cleaned records
2026-02-05 13:34:29,910 - __main__ - INFO - Creating temporal features...
2026-02-05 13:34:30,557 - __main__ - INFO - Creating statistical features...
2026-02-05 13:34:30,808 - __main__ - INFO - Creating trend features...
2026-02-05 13:34:31,405 - __main__ - INFO - Creating extreme event features...
2026-02-05 13:34:32,097 - __main__ - INFO - Creating target variable (window: 7 days)...
2026-02-05 13:34:33,019 - __main__ - INFO - Dropped 30 rows with NaN values (0.6%)
2026-02-05 13:34:33,066 - __main__ - INFO - Final dataset shape: (5084, 64) (5,084 samples, 64 features)
2026-02-05 13:34:36,317 - __main__ - INFO - 
============================================================
2026-02-05 13:34:36,335 - __main__ - INFO - FEATURE SUMMARY
2026-02-05 13:34:36,337 - __main__ - INFO - ============================================================
2026-02-05 13:34:36,383 - __main__ - INFO - Total features (including target): 64
2026-02-05 13:34:36,399 - __main__ - INFO - Target distribution:
2026-02-05 13:34:36,407 - __main__ - INFO - target_flood_next_7d
0    4438
1     646
2026-02-05 13:34:36,419 - __main__ - INFO - Target positive rate: 0.127
2026-02-05 13:34:36,436 - __main__ - INFO - 
Top 10 feature columns:
2026-02-05 13:34:36,480 - __main__ - INFO -   - date
2026-02-05 13:34:36,484 - __main__ - INFO -   - site_no
2026-02-05 13:34:36,510 - __main__ - INFO -   - discharge
2026-02-05 13:34:36,535 - __main__ - INFO -   - 00060_Mean_cd
2026-02-05 13:34:36,545 - __main__ - INFO -   - site_name
2026-02-05 13:34:36,564 - __main__ - INFO -   - site_id
2026-02-05 13:34:36,585 - __main__ - INFO -   - year
2026-02-05 13:34:36,635 - __main__ - INFO -   - month
2026-02-05 13:34:36,648 - __main__ - INFO -   - day
2026-02-05 13:34:36,669 - __main__ - INFO -   - day_of_week
2026-02-05 13:34:36,753 - __main__ - INFO - 
============================================================
2026-02-05 13:34:36,765 - __main__ - INFO - Processing site 14211720: Willamette River at Portland, OR
2026-02-05 13:34:36,767 - __main__ - INFO - ============================================================
2026-02-05 13:34:36,828 - __main__ - INFO - ============================================================
2026-02-05 13:34:36,830 - __main__ - INFO - FLOOD FEATURE ENGINEERING - Site 14211720
2026-02-05 13:34:36,831 - __main__ - INFO - ============================================================
2026-02-05 13:34:36,833 - __main__ - INFO - Project root: C:\Users\woodn\OneDrive\Desktop\MAPOU_LAB_CAPSTONE\earthquake-flood-alert
2026-02-05 13:34:36,852 - __main__ - INFO - Loading data from C:\Users\woodn\OneDrive\Desktop\MAPOU_LAB_CAPSTONE\earthquake-flood-alert\data\processed\flood_cleaned_14211720.csv
2026-02-05 13:34:37,218 - __main__ - INFO - Loaded 5,114 cleaned records
2026-02-05 13:34:37,220 - __main__ - INFO - Creating temporal features...
2026-02-05 13:34:37,514 - __main__ - INFO - Creating statistical features...
2026-02-05 13:34:38,015 - __main__ - INFO - Creating trend features...
2026-02-05 13:34:38,116 - __main__ - INFO - Creating extreme event features...
2026-02-05 13:34:38,237 - __main__ - INFO - Creating target variable (window: 7 days)...
2026-02-05 13:34:38,395 - __main__ - INFO - Dropped 30 rows with NaN values (0.6%)
2026-02-05 13:34:38,396 - __main__ - INFO - Final dataset shape: (5084, 64) (5,084 samples, 64 features)
2026-02-05 13:34:40,485 - __main__ - INFO - 
============================================================
2026-02-05 13:34:40,499 - __main__ - INFO - FEATURE SUMMARY
2026-02-05 13:34:40,517 - __main__ - INFO - ============================================================
2026-02-05 13:34:40,532 - __main__ - INFO - Total features (including target): 64
2026-02-05 13:34:40,549 - __main__ - INFO - Target distribution:
2026-02-05 13:34:40,567 - __main__ - INFO - target_flood_next_7d
0    4614
1     470
2026-02-05 13:34:40,584 - __main__ - INFO - Target positive rate: 0.092
2026-02-05 13:34:40,593 - __main__ - INFO - 
Top 10 feature columns:
2026-02-05 13:34:40,609 - __main__ - INFO -   - date
2026-02-05 13:34:40,615 - __main__ - INFO -   - site_no
2026-02-05 13:34:40,618 - __main__ - INFO -   - discharge
2026-02-05 13:34:40,634 - __main__ - INFO -   - 00060_Mean_cd
2026-02-05 13:34:40,641 - __main__ - INFO -   - site_name
2026-02-05 13:34:40,651 - __main__ - INFO -   - site_id
2026-02-05 13:34:40,660 - __main__ - INFO -   - year
2026-02-05 13:34:40,662 - __main__ - INFO -   - month
2026-02-05 13:34:40,683 - __main__ - INFO -   - day
2026-02-05 13:34:40,684 - __main__ - INFO -   - day_of_week
2026-02-05 13:34:40,746 - __main__ - INFO - 
============================================================
2026-02-05 13:34:40,747 - __main__ - INFO - Processing site 08067000: Neches River at Evadale, TX
2026-02-05 13:34:40,748 - __main__ - INFO - ============================================================
2026-02-05 13:34:40,810 - __main__ - INFO - ============================================================
2026-02-05 13:34:40,811 - __main__ - INFO - FLOOD FEATURE ENGINEERING - Site 08067000
2026-02-05 13:34:40,812 - __main__ - INFO - ============================================================
2026-02-05 13:34:40,813 - __main__ - INFO - Project root: C:\Users\woodn\OneDrive\Desktop\MAPOU_LAB_CAPSTONE\earthquake-flood-alert
2026-02-05 13:34:40,814 - __main__ - ERROR - Cleaned data not found: C:\Users\woodn\OneDrive\Desktop\MAPOU_LAB_CAPSTONE\earthquake-flood-alert\data\processed\flood_cleaned_08067000.csv
2026-02-05 13:34:40,815 - __main__ - ERROR - Run src/data_processing/flood_cleaner.py first to generate cleaned data
2026-02-05 13:34:40,845 - __main__ - INFO - 
============================================================
2026-02-05 13:34:40,846 - __main__ - INFO - Processing site 03374100: White River at Hazleton, IN
2026-02-05 13:34:40,846 - __main__ - INFO - ============================================================
2026-02-05 13:34:40,914 - __main__ - INFO - ============================================================
2026-02-05 13:34:40,915 - __main__ - INFO - FLOOD FEATURE ENGINEERING - Site 03374100
2026-02-05 13:34:40,915 - __main__ - INFO - ============================================================
2026-02-05 13:34:40,916 - __main__ - INFO - Project root: C:\Users\woodn\OneDrive\Desktop\MAPOU_LAB_CAPSTONE\earthquake-flood-alert
2026-02-05 13:34:40,917 - __main__ - ERROR - Cleaned data not found: C:\Users\woodn\OneDrive\Desktop\MAPOU_LAB_CAPSTONE\earthquake-flood-alert\data\processed\flood_cleaned_03374100.csv
2026-02-05 13:34:40,917 - __main__ - ERROR - Run src/data_processing/flood_cleaner.py first to generate cleaned data
2026-02-05 13:34:40,929 - __main__ - INFO - 
============================================================
2026-02-05 13:34:40,932 - __main__ - INFO - FEATURE ENGINEERING COMPLETE: 3/5 sites processed successfully
2026-02-05 13:34:40,934 - __main__ - INFO - ============================================================
2026-02-05 19:51:28,802 - __main__ - INFO - Engineering features for 5 monitoring sites...
2026-02-05 19:51:28,807 - __main__ - INFO - 
============================================================
2026-02-05 19:51:28,808 - __main__ - INFO - Processing site 07374000: Mississippi River at Baton Rouge, LA
2026-02-05 19:51:28,809 - __main__ - INFO - ============================================================
2026-02-05 19:51:28,840 - __main__ - INFO - ============================================================
2026-02-05 19:51:28,841 - __main__ - INFO - FLOOD FEATURE ENGINEERING - Site 07374000
2026-02-05 19:51:28,844 - __main__ - INFO - ============================================================
2026-02-05 19:51:28,846 - __main__ - INFO - Project root: C:\Users\woodn\OneDrive\Desktop\MAPOU_LAB_CAPSTONE\earthquake-flood-alert
2026-02-05 19:51:28,854 - __main__ - INFO - Loading data from C:\Users\woodn\OneDrive\Desktop\MAPOU_LAB_CAPSTONE\earthquake-flood-alert\data\processed\flood_cleaned_07374000.csv
2026-02-05 19:51:29,197 - __main__ - INFO - Loaded 5,081 cleaned records
2026-02-05 19:51:29,200 - __main__ - INFO - Creating temporal features...
2026-02-05 19:51:29,288 - __main__ - INFO - Creating statistical features...
2026-02-05 19:51:29,402 - __main__ - INFO - Creating trend features...
2026-02-05 19:51:29,508 - __main__ - INFO - Creating extreme event features...
2026-02-05 19:51:29,669 - __main__ - INFO - Creating target variable (window: 7 days)...
2026-02-05 19:51:29,783 - __main__ - INFO - Dropped 81 rows with NaN values (1.6%)
2026-02-05 19:51:29,786 - __main__ - INFO - Final dataset shape: (5000, 70) (5,000 samples, 70 features)
2026-02-05 19:51:31,381 - __main__ - INFO - 
============================================================
2026-02-05 19:51:31,389 - __main__ - INFO - FEATURE SUMMARY
2026-02-05 19:51:31,393 - __main__ - INFO - ============================================================
2026-02-05 19:51:31,396 - __main__ - INFO - Total features (including target): 70
2026-02-05 19:51:31,397 - __main__ - INFO - Target distribution:
2026-02-05 19:51:31,417 - __main__ - INFO - target_flood_next_7d
0    4712
1     288
2026-02-05 19:51:31,418 - __main__ - INFO - Target positive rate: 0.058
2026-02-05 19:51:31,422 - __main__ - INFO - 
Top 10 feature columns:
2026-02-05 19:51:31,426 - __main__ - INFO -   - date
2026-02-05 19:51:31,427 - __main__ - INFO -   - site_no
2026-02-05 19:51:31,430 - __main__ - INFO -   - discharge
2026-02-05 19:51:31,432 - __main__ - INFO -   - 00060_Mean_cd
2026-02-05 19:51:31,435 - __main__ - INFO -   - 00065_Maximum
2026-02-05 19:51:31,437 - __main__ - INFO -   - 00065_Maximum_cd
2026-02-05 19:51:31,439 - __main__ - INFO -   - 00065_Minimum
2026-02-05 19:51:31,441 - __main__ - INFO -   - 00065_Minimum_cd
2026-02-05 19:51:31,443 - __main__ - INFO -   - 00065_Mean
2026-02-05 19:51:31,444 - __main__ - INFO -   - 00065_Mean_cd
2026-02-05 19:51:31,464 - __main__ - INFO - 
============================================================
2026-02-05 19:51:31,465 - __main__ - INFO - Processing site 01646500: Potomac River at Little Falls, MD
2026-02-05 19:51:31,470 - __main__ - INFO - ============================================================
2026-02-05 19:51:31,523 - __main__ - INFO - ============================================================
2026-02-05 19:51:31,524 - __main__ - INFO - FLOOD FEATURE ENGINEERING - Site 01646500
2026-02-05 19:51:31,525 - __main__ - INFO - ============================================================
2026-02-05 19:51:31,526 - __main__ - INFO - Project root: C:\Users\woodn\OneDrive\Desktop\MAPOU_LAB_CAPSTONE\earthquake-flood-alert
2026-02-05 19:51:31,527 - __main__ - INFO - Loading data from C:\Users\woodn\OneDrive\Desktop\MAPOU_LAB_CAPSTONE\earthquake-flood-alert\data\processed\flood_cleaned_01646500.csv
2026-02-05 19:51:31,816 - __main__ - INFO - Loaded 5,114 cleaned records
2026-02-05 19:51:31,818 - __main__ - INFO - Creating temporal features...
2026-02-05 19:51:31,921 - __main__ - INFO - Creating statistical features...
2026-02-05 19:51:31,983 - __main__ - INFO - Creating trend features...
2026-02-05 19:51:32,026 - __main__ - INFO - Creating extreme event features...
2026-02-05 19:51:32,109 - __main__ - INFO - Creating target variable (window: 7 days)...
2026-02-05 19:51:32,189 - __main__ - INFO - Dropped 30 rows with NaN values (0.6%)
2026-02-05 19:51:32,190 - __main__ - INFO - Final dataset shape: (5084, 64) (5,084 samples, 64 features)
2026-02-05 19:51:33,749 - __main__ - INFO - 
============================================================
2026-02-05 19:51:33,750 - __main__ - INFO - FEATURE SUMMARY
2026-02-05 19:51:33,750 - __main__ - INFO - ============================================================
2026-02-05 19:51:33,753 - __main__ - INFO - Total features (including target): 64
2026-02-05 19:51:33,756 - __main__ - INFO - Target distribution:
2026-02-05 19:51:33,774 - __main__ - INFO - target_flood_next_7d
0    4438
1     646
2026-02-05 19:51:33,779 - __main__ - INFO - Target positive rate: 0.127
2026-02-05 19:51:33,784 - __main__ - INFO - 
Top 10 feature columns:
2026-02-05 19:51:33,785 - __main__ - INFO -   - date
2026-02-05 19:51:33,786 - __main__ - INFO -   - site_no
2026-02-05 19:51:33,787 - __main__ - INFO -   - discharge
2026-02-05 19:51:33,789 - __main__ - INFO -   - 00060_Mean_cd
2026-02-05 19:51:33,791 - __main__ - INFO -   - site_name
2026-02-05 19:51:33,791 - __main__ - INFO -   - site_id
2026-02-05 19:51:33,803 - __main__ - INFO -   - year
2026-02-05 19:51:33,805 - __main__ - INFO -   - month
2026-02-05 19:51:33,805 - __main__ - INFO -   - day
2026-02-05 19:51:33,806 - __main__ - INFO -   - day_of_week
2026-02-05 19:51:33,824 - __main__ - INFO - 
============================================================
2026-02-05 19:51:33,824 - __main__ - INFO - Processing site 14211720: Willamette River at Portland, OR
2026-02-05 19:51:33,835 - __main__ - INFO - ============================================================
2026-02-05 19:51:33,886 - __main__ - INFO - ============================================================
2026-02-05 19:51:33,889 - __main__ - INFO - FLOOD FEATURE ENGINEERING - Site 14211720
2026-02-05 19:51:33,903 - __main__ - INFO - ============================================================
2026-02-05 19:51:33,905 - __main__ - INFO - Project root: C:\Users\woodn\OneDrive\Desktop\MAPOU_LAB_CAPSTONE\earthquake-flood-alert
2026-02-05 19:51:33,922 - __main__ - INFO - Loading data from C:\Users\woodn\OneDrive\Desktop\MAPOU_LAB_CAPSTONE\earthquake-flood-alert\data\processed\flood_cleaned_14211720.csv
2026-02-05 19:51:34,286 - __main__ - INFO - Loaded 5,114 cleaned records
2026-02-05 19:51:34,286 - __main__ - INFO - Creating temporal features...
2026-02-05 19:51:34,337 - __main__ - INFO - Creating statistical features...
2026-02-05 19:51:34,415 - __main__ - INFO - Creating trend features...
2026-02-05 19:51:34,506 - __main__ - INFO - Creating extreme event features...
2026-02-05 19:51:34,627 - __main__ - INFO - Creating target variable (window: 7 days)...
2026-02-05 19:51:34,747 - __main__ - INFO - Dropped 30 rows with NaN values (0.6%)
2026-02-05 19:51:34,752 - __main__ - INFO - Final dataset shape: (5084, 64) (5,084 samples, 64 features)
2026-02-05 19:51:36,354 - __main__ - INFO - 
============================================================
2026-02-05 19:51:36,356 - __main__ - INFO - FEATURE SUMMARY
2026-02-05 19:51:36,366 - __main__ - INFO - ============================================================
2026-02-05 19:51:36,371 - __main__ - INFO - Total features (including target): 64
2026-02-05 19:51:36,378 - __main__ - INFO - Target distribution:
2026-02-05 19:51:36,401 - __main__ - INFO - target_flood_next_7d
0    4614
1     470
2026-02-05 19:51:36,405 - __main__ - INFO - Target positive rate: 0.092
2026-02-05 19:51:36,408 - __main__ - INFO - 
Top 10 feature columns:
2026-02-05 19:51:36,416 - __main__ - INFO -   - date
2026-02-05 19:51:36,418 - __main__ - INFO -   - site_no
2026-02-05 19:51:36,421 - __main__ - INFO -   - discharge
2026-02-05 19:51:36,422 - __main__ - INFO -   - 00060_Mean_cd
2026-02-05 19:51:36,423 - __main__ - INFO -   - site_name
2026-02-05 19:51:36,423 - __main__ - INFO -   - site_id
2026-02-05 19:51:36,426 - __main__ - INFO -   - year
2026-02-05 19:51:36,427 - __main__ - INFO -   - month
2026-02-05 19:51:36,427 - __main__ - INFO -   - day
2026-02-05 19:51:36,434 - __main__ - INFO -   - day_of_week
2026-02-05 19:51:36,453 - __main__ - INFO - 
============================================================
2026-02-05 19:51:36,453 - __main__ - INFO - Processing site 08067000: Neches River at Evadale, TX
2026-02-05 19:51:36,455 - __main__ - INFO - ============================================================
2026-02-05 19:51:36,556 - __main__ - INFO - ============================================================
2026-02-05 19:51:36,682 - __main__ - INFO - FLOOD FEATURE ENGINEERING - Site 08067000
2026-02-05 19:51:36,746 - __main__ - INFO - ============================================================
2026-02-05 19:51:36,798 - __main__ - INFO - Project root: C:\Users\woodn\OneDrive\Desktop\MAPOU_LAB_CAPSTONE\earthquake-flood-alert
2026-02-05 19:51:36,833 - __main__ - ERROR - Cleaned data not found: C:\Users\woodn\OneDrive\Desktop\MAPOU_LAB_CAPSTONE\earthquake-flood-alert\data\processed\flood_cleaned_08067000.csv
2026-02-05 19:51:36,892 - __main__ - ERROR - Run src/data_processing/flood_cleaner.py first to generate cleaned data
2026-02-05 19:51:37,600 - __main__ - INFO - 
============================================================
2026-02-05 19:51:37,604 - __main__ - INFO - Processing site 03374100: White River at Hazleton, IN
2026-02-05 19:51:37,627 - __main__ - INFO - ============================================================
2026-02-05 19:51:37,722 - __main__ - INFO - ============================================================
2026-02-05 19:51:37,732 - __main__ - INFO - FLOOD FEATURE ENGINEERING - Site 03374100
2026-02-05 19:51:37,735 - __main__ - INFO - ============================================================
2026-02-05 19:51:37,742 - __main__ - INFO - Project root: C:\Users\woodn\OneDrive\Desktop\MAPOU_LAB_CAPSTONE\earthquake-flood-alert
2026-02-05 19:51:37,751 - __main__ - ERROR - Cleaned data not found: C:\Users\woodn\OneDrive\Desktop\MAPOU_LAB_CAPSTONE\earthquake-flood-alert\data\processed\flood_cleaned_03374100.csv
2026-02-05 19:51:37,759 - __main__ - ERROR - Run src/data_processing/flood_cleaner.py first to generate cleaned data
2026-02-05 19:51:37,826 - __main__ - INFO - 
============================================================
2026-02-05 19:51:37,837 - __main__ - INFO - FEATURE ENGINEERING COMPLETE: 3/5 sites processed successfully
2026-02-05 19:51:37,853 - __main__ - INFO - ============================================================
2026-02-05 20:21:55,385 - __main__ - INFO - Engineering features for 5 monitoring sites...
2026-02-05 20:21:55,450 - __main__ - INFO - 
============================================================
2026-02-05 20:21:55,450 - __main__ - INFO - Processing site 07374000: Mississippi River at Baton Rouge, LA
2026-02-05 20:21:55,450 - __main__ - INFO - ============================================================
2026-02-05 20:21:55,468 - __main__ - INFO - ============================================================
2026-02-05 20:21:55,471 - __main__ - INFO - FLOOD FEATURE ENGINEERING - Site 07374000
2026-02-05 20:21:55,474 - __main__ - INFO - ============================================================
2026-02-05 20:21:55,478 - __main__ - INFO - Project root: C:\Users\woodn\OneDrive\Desktop\MAPOU_LAB_CAPSTONE\earthquake-flood-alert
2026-02-05 20:21:55,479 - __main__ - INFO - Loading data from C:\Users\woodn\OneDrive\Desktop\MAPOU_LAB_CAPSTONE\earthquake-flood-alert\data\processed\flood_cleaned_07374000.csv
2026-02-05 20:21:55,674 - __main__ - INFO - Loaded 5,081 cleaned records
2026-02-05 20:21:55,674 - __main__ - INFO - Creating temporal features...
2026-02-05 20:21:55,725 - __main__ - INFO - Creating statistical features...
2026-02-05 20:21:55,794 - __main__ - INFO - Creating trend features...
2026-02-05 20:21:55,864 - __main__ - INFO - Creating extreme event features...
2026-02-05 20:21:55,952 - __main__ - INFO - Creating target variable (window: 7 days)...
2026-02-05 20:21:56,047 - __main__ - INFO - Dropped 81 rows with NaN values (1.6%)
2026-02-05 20:21:56,049 - __main__ - INFO - Final dataset shape: (5000, 70) (5,000 samples, 70 features)
2026-02-05 20:21:57,129 - __main__ - INFO - 
============================================================
2026-02-05 20:21:57,136 - __main__ - INFO - FEATURE SUMMARY
2026-02-05 20:21:57,140 - __main__ - INFO - ============================================================
2026-02-05 20:21:57,144 - __main__ - INFO - Total features (including target): 70
2026-02-05 20:21:57,151 - __main__ - INFO - Target distribution:
2026-02-05 20:21:57,162 - __main__ - INFO - target_flood_next_7d
0    4712
1     288
2026-02-05 20:21:57,171 - __main__ - INFO - Target positive rate: 0.058
2026-02-05 20:21:57,174 - __main__ - INFO - 
Top 10 feature columns:
2026-02-05 20:21:57,181 - __main__ - INFO -   - date
2026-02-05 20:21:57,183 - __main__ - INFO -   - site_no
2026-02-05 20:21:57,190 - __main__ - INFO -   - discharge
2026-02-05 20:21:57,194 - __main__ - INFO -   - 00060_Mean_cd
2026-02-05 20:21:57,198 - __main__ - INFO -   - 00065_Maximum
2026-02-05 20:21:57,199 - __main__ - INFO -   - 00065_Maximum_cd
2026-02-05 20:21:57,201 - __main__ - INFO -   - 00065_Minimum
2026-02-05 20:21:57,201 - __main__ - INFO -   - 00065_Minimum_cd
2026-02-05 20:21:57,201 - __main__ - INFO -   - 00065_Mean
2026-02-05 20:21:57,203 - __main__ - INFO -   - 00065_Mean_cd
2026-02-05 20:21:57,234 - __main__ - INFO - 
============================================================
2026-02-05 20:21:57,236 - __main__ - INFO - Processing site 01646500: Potomac River at Little Falls, MD
2026-02-05 20:21:57,236 - __main__ - INFO - ============================================================
2026-02-05 20:21:57,353 - __main__ - INFO - ============================================================
2026-02-05 20:21:57,401 - __main__ - INFO - FLOOD FEATURE ENGINEERING - Site 01646500
2026-02-05 20:21:57,459 - __main__ - INFO - ============================================================
2026-02-05 20:21:57,518 - __main__ - INFO - Project root: C:\Users\woodn\OneDrive\Desktop\MAPOU_LAB_CAPSTONE\earthquake-flood-alert
2026-02-05 20:21:57,660 - __main__ - INFO - Loading data from C:\Users\woodn\OneDrive\Desktop\MAPOU_LAB_CAPSTONE\earthquake-flood-alert\data\processed\flood_cleaned_01646500.csv
2026-02-05 20:21:57,996 - __main__ - INFO - Loaded 5,114 cleaned records
2026-02-05 20:21:57,996 - __main__ - INFO - Creating temporal features...
2026-02-05 20:21:58,023 - __main__ - INFO - Creating statistical features...
2026-02-05 20:21:58,083 - __main__ - INFO - Creating trend features...
2026-02-05 20:21:58,186 - __main__ - INFO - Creating extreme event features...
2026-02-05 20:21:58,281 - __main__ - INFO - Creating target variable (window: 7 days)...
2026-02-05 20:21:58,374 - __main__ - INFO - Dropped 30 rows with NaN values (0.6%)
2026-02-05 20:21:58,374 - __main__ - INFO - Final dataset shape: (5084, 64) (5,084 samples, 64 features)
2026-02-05 20:21:59,872 - __main__ - INFO - 
============================================================
2026-02-05 20:21:59,874 - __main__ - INFO - FEATURE SUMMARY
2026-02-05 20:21:59,874 - __main__ - INFO - ============================================================
2026-02-05 20:21:59,874 - __main__ - INFO - Total features (including target): 64
2026-02-05 20:21:59,876 - __main__ - INFO - Target distribution:
2026-02-05 20:21:59,879 - __main__ - INFO - target_flood_next_7d
0    4438
1     646
2026-02-05 20:21:59,879 - __main__ - INFO - Target positive rate: 0.127
2026-02-05 20:21:59,879 - __main__ - INFO - 
Top 10 feature columns:
2026-02-05 20:21:59,879 - __main__ - INFO -   - date
2026-02-05 20:21:59,887 - __main__ - INFO -   - site_no
2026-02-05 20:21:59,887 - __main__ - INFO -   - discharge
2026-02-05 20:21:59,887 - __main__ - INFO -   - 00060_Mean_cd
2026-02-05 20:21:59,887 - __main__ - INFO -   - site_name
2026-02-05 20:21:59,887 - __main__ - INFO -   - site_id
2026-02-05 20:21:59,893 - __main__ - INFO -   - year
2026-02-05 20:21:59,895 - __main__ - INFO -   - month
2026-02-05 20:21:59,897 - __main__ - INFO -   - day
2026-02-05 20:21:59,897 - __main__ - INFO -   - day_of_week
2026-02-05 20:21:59,914 - __main__ - INFO - 
============================================================
2026-02-05 20:21:59,914 - __main__ - INFO - Processing site 14211720: Willamette River at Portland, OR
2026-02-05 20:21:59,917 - __main__ - INFO - ============================================================
2026-02-05 20:21:59,981 - __main__ - INFO - ============================================================
2026-02-05 20:21:59,983 - __main__ - INFO - FLOOD FEATURE ENGINEERING - Site 14211720
2026-02-05 20:21:59,983 - __main__ - INFO - ============================================================
2026-02-05 20:21:59,991 - __main__ - INFO - Project root: C:\Users\woodn\OneDrive\Desktop\MAPOU_LAB_CAPSTONE\earthquake-flood-alert
2026-02-05 20:21:59,994 - __main__ - INFO - Loading data from C:\Users\woodn\OneDrive\Desktop\MAPOU_LAB_CAPSTONE\earthquake-flood-alert\data\processed\flood_cleaned_14211720.csv
2026-02-05 20:22:00,293 - __main__ - INFO - Loaded 5,114 cleaned records
2026-02-05 20:22:00,296 - __main__ - INFO - Creating temporal features...
2026-02-05 20:22:00,311 - __main__ - INFO - Creating statistical features...
2026-02-05 20:22:00,399 - __main__ - INFO - Creating trend features...
2026-02-05 20:22:00,456 - __main__ - INFO - Creating extreme event features...
2026-02-05 20:22:00,547 - __main__ - INFO - Creating target variable (window: 7 days)...
2026-02-05 20:22:00,639 - __main__ - INFO - Dropped 30 rows with NaN values (0.6%)
2026-02-05 20:22:00,639 - __main__ - INFO - Final dataset shape: (5084, 64) (5,084 samples, 64 features)
2026-02-05 20:22:01,760 - __main__ - INFO - 
============================================================
2026-02-05 20:22:01,760 - __main__ - INFO - FEATURE SUMMARY
2026-02-05 20:22:01,760 - __main__ - INFO - ============================================================
2026-02-05 20:22:01,760 - __main__ - INFO - Total features (including target): 64
2026-02-05 20:22:01,760 - __main__ - INFO - Target distribution:
2026-02-05 20:22:01,768 - __main__ - INFO - target_flood_next_7d
0    4614
1     470
2026-02-05 20:22:01,770 - __main__ - INFO - Target positive rate: 0.092
2026-02-05 20:22:01,770 - __main__ - INFO - 
Top 10 feature columns:
2026-02-05 20:22:01,773 - __main__ - INFO -   - date
2026-02-05 20:22:01,773 - __main__ - INFO -   - site_no
2026-02-05 20:22:01,773 - __main__ - INFO -   - discharge
2026-02-05 20:22:01,773 - __main__ - INFO -   - 00060_Mean_cd
2026-02-05 20:22:01,773 - __main__ - INFO -   - site_name
2026-02-05 20:22:01,773 - __main__ - INFO -   - site_id
2026-02-05 20:22:01,773 - __main__ - INFO -   - year
2026-02-05 20:22:01,773 - __main__ - INFO -   - month
2026-02-05 20:22:01,773 - __main__ - INFO -   - day
2026-02-05 20:22:01,773 - __main__ - INFO -   - day_of_week
2026-02-05 20:22:01,781 - __main__ - INFO - 
============================================================
2026-02-05 20:22:01,785 - __main__ - INFO - Processing site 08067000: Neches River at Evadale, TX
2026-02-05 20:22:01,787 - __main__ - INFO - ============================================================
2026-02-05 20:22:01,817 - __main__ - INFO - ============================================================
2026-02-05 20:22:01,819 - __main__ - INFO - FLOOD FEATURE ENGINEERING - Site 08067000
2026-02-05 20:22:01,819 - __main__ - INFO - ============================================================
2026-02-05 20:22:01,822 - __main__ - INFO - Project root: C:\Users\woodn\OneDrive\Desktop\MAPOU_LAB_CAPSTONE\earthquake-flood-alert
2026-02-05 20:22:01,822 - __main__ - INFO - Loading data from C:\Users\woodn\OneDrive\Desktop\MAPOU_LAB_CAPSTONE\earthquake-flood-alert\data\processed\flood_cleaned_08067000.csv
2026-02-05 20:22:01,991 - __main__ - INFO - Loaded 5,082 cleaned records
2026-02-05 20:22:01,991 - __main__ - INFO - Creating temporal features...
2026-02-05 20:22:02,025 - __main__ - INFO - Creating statistical features...
2026-02-05 20:22:02,059 - __main__ - INFO - Creating trend features...
2026-02-05 20:22:02,076 - __main__ - INFO - Creating extreme event features...
2026-02-05 20:22:02,130 - __main__ - INFO - Creating target variable (window: 7 days)...
2026-02-05 20:22:02,173 - __main__ - INFO - Dropped 2,322 rows with NaN values (45.7%)
2026-02-05 20:22:02,173 - __main__ - INFO - Final dataset shape: (2760, 66) (2,760 samples, 66 features)
2026-02-05 20:22:02,721 - __main__ - INFO - 
============================================================
2026-02-05 20:22:02,723 - __main__ - INFO - FEATURE SUMMARY
2026-02-05 20:22:02,723 - __main__ - INFO - ============================================================
2026-02-05 20:22:02,723 - __main__ - INFO - Total features (including target): 66
2026-02-05 20:22:02,726 - __main__ - INFO - Target distribution:
2026-02-05 20:22:02,726 - __main__ - INFO - target_flood_next_7d
0    2414
1     346
2026-02-05 20:22:02,726 - __main__ - INFO - Target positive rate: 0.125
2026-02-05 20:22:02,726 - __main__ - INFO - 
Top 10 feature columns:
2026-02-05 20:22:02,726 - __main__ - INFO -   - date
2026-02-05 20:22:02,732 - __main__ - INFO -   - site_no
2026-02-05 20:22:02,732 - __main__ - INFO -   - discharge
2026-02-05 20:22:02,733 - __main__ - INFO -   - 00060_Mean_cd
2026-02-05 20:22:02,733 - __main__ - INFO -   - 00065_Mean
2026-02-05 20:22:02,733 - __main__ - INFO -   - 00065_Mean_cd
2026-02-05 20:22:02,733 - __main__ - INFO -   - site_name
2026-02-05 20:22:02,733 - __main__ - INFO -   - site_id
2026-02-05 20:22:02,736 - __main__ - INFO -   - year
2026-02-05 20:22:02,739 - __main__ - INFO -   - month
2026-02-05 20:22:02,753 - __main__ - INFO - 
============================================================
2026-02-05 20:22:02,759 - __main__ - INFO - Processing site 03374100: White River at Hazleton, IN
2026-02-05 20:22:02,759 - __main__ - INFO - ============================================================
2026-02-05 20:22:02,788 - __main__ - INFO - ============================================================
2026-02-05 20:22:02,790 - __main__ - INFO - FLOOD FEATURE ENGINEERING - Site 03374100
2026-02-05 20:22:02,790 - __main__ - INFO - ============================================================
2026-02-05 20:22:02,790 - __main__ - INFO - Project root: C:\Users\woodn\OneDrive\Desktop\MAPOU_LAB_CAPSTONE\earthquake-flood-alert
2026-02-05 20:22:02,790 - __main__ - INFO - Loading data from C:\Users\woodn\OneDrive\Desktop\MAPOU_LAB_CAPSTONE\earthquake-flood-alert\data\processed\flood_cleaned_03374100.csv
2026-02-05 20:22:02,937 - __main__ - INFO - Loaded 4,841 cleaned records
2026-02-05 20:22:02,937 - __main__ - INFO - Creating temporal features...
2026-02-05 20:22:02,956 - __main__ - INFO - Creating statistical features...
2026-02-05 20:22:02,992 - __main__ - INFO - Creating trend features...
2026-02-05 20:22:03,016 - __main__ - INFO - Creating extreme event features...
2026-02-05 20:22:03,075 - __main__ - INFO - Creating target variable (window: 7 days)...
2026-02-05 20:22:03,129 - __main__ - INFO - Dropped 30 rows with NaN values (0.6%)
2026-02-05 20:22:03,134 - __main__ - INFO - Final dataset shape: (4811, 64) (4,811 samples, 64 features)
2026-02-05 20:22:04,186 - __main__ - INFO - 
============================================================
2026-02-05 20:22:04,194 - __main__ - INFO - FEATURE SUMMARY
2026-02-05 20:22:04,194 - __main__ - INFO - ============================================================
2026-02-05 20:22:04,194 - __main__ - INFO - Total features (including target): 64
2026-02-05 20:22:04,196 - __main__ - INFO - Target distribution:
2026-02-05 20:22:04,200 - __main__ - INFO - target_flood_next_7d
0    4407
1     404
2026-02-05 20:22:04,204 - __main__ - INFO - Target positive rate: 0.084
2026-02-05 20:22:04,205 - __main__ - INFO - 
Top 10 feature columns:
2026-02-05 20:22:04,205 - __main__ - INFO -   - date
2026-02-05 20:22:04,205 - __main__ - INFO -   - site_no
2026-02-05 20:22:04,208 - __main__ - INFO -   - discharge
2026-02-05 20:22:04,208 - __main__ - INFO -   - 00060_Mean_cd
2026-02-05 20:22:04,209 - __main__ - INFO -   - site_name
2026-02-05 20:22:04,209 - __main__ - INFO -   - site_id
2026-02-05 20:22:04,209 - __main__ - INFO -   - year
2026-02-05 20:22:04,209 - __main__ - INFO -   - month
2026-02-05 20:22:04,209 - __main__ - INFO -   - day
2026-02-05 20:22:04,209 - __main__ - INFO -   - day_of_week
2026-02-05 20:22:04,220 - __main__ - INFO - 
============================================================
2026-02-05 20:22:04,220 - __main__ - INFO - FEATURE ENGINEERING COMPLETE: 5/5 sites processed successfully
2026-02-05 20:22:04,220 - __main__ - INFO - ============================================================
2026-02-08 00:38:06,421 - __main__ - INFO - Engineering features for 5 monitoring sites...
2026-02-08 00:38:06,427 - __main__ - INFO - 
============================================================
2026-02-08 00:38:06,429 - __main__ - INFO - Processing site 07374000: Mississippi River at Baton Rouge, LA
2026-02-08 00:38:06,431 - __main__ - INFO - ============================================================
2026-02-08 00:38:06,490 - __main__ - INFO - ============================================================
2026-02-08 00:38:06,511 - __main__ - INFO - FLOOD FEATURE ENGINEERING - Site 07374000
2026-02-08 00:38:06,523 - __main__ - INFO - ============================================================
2026-02-08 00:38:06,529 - __main__ - INFO - Project root: C:\Users\woodn\OneDrive\Desktop\MAPOU_LAB_CAPSTONE\earthquake-flood-alert
2026-02-08 00:38:06,539 - __main__ - INFO - Loading data from C:\Users\woodn\OneDrive\Desktop\MAPOU_LAB_CAPSTONE\earthquake-flood-alert\data\processed\flood_cleaned_07374000.csv
2026-02-08 00:38:06,973 - __main__ - INFO - Loaded 5,079 cleaned records
2026-02-08 00:38:06,997 - __main__ - INFO - Creating temporal features...
2026-02-08 00:38:07,644 - __main__ - INFO - Creating statistical features...
2026-02-08 00:38:08,044 - __main__ - INFO - Creating trend features...
2026-02-08 00:38:08,752 - __main__ - INFO - Creating extreme event features...
2026-02-08 00:38:09,423 - __main__ - INFO - Creating target variable (window: 7 days)...
2026-02-08 00:38:10,101 - __main__ - INFO - Dropped 81 rows with NaN values (1.6%)
2026-02-08 00:38:10,122 - __main__ - INFO - Final dataset shape: (4998, 70) (4,998 samples, 70 features)
2026-02-08 00:38:12,653 - __main__ - INFO - 
============================================================
2026-02-08 00:38:12,684 - __main__ - INFO - FEATURE SUMMARY
2026-02-08 00:38:12,739 - __main__ - INFO - ============================================================
2026-02-08 00:38:12,804 - __main__ - INFO - Total features (including target): 70
2026-02-08 00:38:12,869 - __main__ - INFO - Target distribution:
2026-02-08 00:38:12,914 - __main__ - INFO - target_flood_next_7d
0    4710
1     288
2026-02-08 00:38:12,951 - __main__ - INFO - Target positive rate: 0.058
2026-02-08 00:38:13,017 - __main__ - INFO - 
Top 10 feature columns:
2026-02-08 00:38:13,065 - __main__ - INFO -   - date
2026-02-08 00:38:13,133 - __main__ - INFO -   - site_no
2026-02-08 00:38:13,236 - __main__ - INFO -   - discharge
2026-02-08 00:38:13,344 - __main__ - INFO -   - 00060_Mean_cd
2026-02-08 00:38:13,394 - __main__ - INFO -   - 00065_Maximum
2026-02-08 00:38:13,422 - __main__ - INFO -   - 00065_Maximum_cd
2026-02-08 00:38:13,453 - __main__ - INFO -   - 00065_Minimum
2026-02-08 00:38:13,467 - __main__ - INFO -   - 00065_Minimum_cd
2026-02-08 00:38:13,485 - __main__ - INFO -   - 00065_Mean
2026-02-08 00:38:13,517 - __main__ - INFO -   - 00065_Mean_cd
2026-02-08 00:38:13,599 - __main__ - INFO - 
============================================================
2026-02-08 00:38:13,618 - __main__ - INFO - Processing site 01646500: Potomac River at Little Falls, MD
2026-02-08 00:38:13,626 - __main__ - INFO - ============================================================
2026-02-08 00:38:13,705 - __main__ - INFO - ============================================================
2026-02-08 00:38:13,715 - __main__ - INFO - FLOOD FEATURE ENGINEERING - Site 01646500
2026-02-08 00:38:13,732 - __main__ - INFO - ============================================================
2026-02-08 00:38:13,746 - __main__ - INFO - Project root: C:\Users\woodn\OneDrive\Desktop\MAPOU_LAB_CAPSTONE\earthquake-flood-alert
2026-02-08 00:38:13,753 - __main__ - INFO - Loading data from C:\Users\woodn\OneDrive\Desktop\MAPOU_LAB_CAPSTONE\earthquake-flood-alert\data\processed\flood_cleaned_01646500.csv
2026-02-08 00:38:14,129 - __main__ - INFO - Loaded 5,114 cleaned records
2026-02-08 00:38:14,132 - __main__ - INFO - Creating temporal features...
2026-02-08 00:38:14,188 - __main__ - INFO - Creating statistical features...
2026-02-08 00:38:14,300 - __main__ - INFO - Creating trend features...
2026-02-08 00:38:14,402 - __main__ - INFO - Creating extreme event features...
2026-02-08 00:38:14,496 - __main__ - INFO - Creating target variable (window: 7 days)...
2026-02-08 00:38:14,646 - __main__ - INFO - Dropped 30 rows with NaN values (0.6%)
2026-02-08 00:38:14,646 - __main__ - INFO - Final dataset shape: (5084, 64) (5,084 samples, 64 features)
2026-02-08 00:38:15,701 - __main__ - INFO - 
============================================================
2026-02-08 00:38:15,701 - __main__ - INFO - FEATURE SUMMARY
2026-02-08 00:38:15,701 - __main__ - INFO - ============================================================
2026-02-08 00:38:15,710 - __main__ - INFO - Total features (including target): 64
2026-02-08 00:38:15,718 - __main__ - INFO - Target distribution:
2026-02-08 00:38:15,723 - __main__ - INFO - target_flood_next_7d
0    4438
1     646
2026-02-08 00:38:15,726 - __main__ - INFO - Target positive rate: 0.127
2026-02-08 00:38:15,728 - __main__ - INFO - 
Top 10 feature columns:
2026-02-08 00:38:15,767 - __main__ - INFO -   - date
2026-02-08 00:38:15,784 - __main__ - INFO -   - site_no
2026-02-08 00:38:15,794 - __main__ - INFO -   - discharge
2026-02-08 00:38:15,797 - __main__ - INFO -   - 00060_Mean_cd
2026-02-08 00:38:15,800 - __main__ - INFO -   - site_name
2026-02-08 00:38:15,807 - __main__ - INFO -   - site_id
2026-02-08 00:38:15,817 - __main__ - INFO -   - year
2026-02-08 00:38:15,833 - __main__ - INFO -   - month
2026-02-08 00:38:15,850 - __main__ - INFO -   - day
2026-02-08 00:38:15,853 - __main__ - INFO -   - day_of_week
2026-02-08 00:38:16,051 - __main__ - INFO - 
============================================================
2026-02-08 00:38:16,070 - __main__ - INFO - Processing site 14211720: Willamette River at Portland, OR
2026-02-08 00:38:16,083 - __main__ - INFO - ============================================================
2026-02-08 00:38:16,142 - __main__ - INFO - ============================================================
2026-02-08 00:38:16,146 - __main__ - INFO - FLOOD FEATURE ENGINEERING - Site 14211720
2026-02-08 00:38:16,148 - __main__ - INFO - ============================================================
2026-02-08 00:38:16,150 - __main__ - INFO - Project root: C:\Users\woodn\OneDrive\Desktop\MAPOU_LAB_CAPSTONE\earthquake-flood-alert
2026-02-08 00:38:16,155 - __main__ - INFO - Loading data from C:\Users\woodn\OneDrive\Desktop\MAPOU_LAB_CAPSTONE\earthquake-flood-alert\data\processed\flood_cleaned_14211720.csv
2026-02-08 00:38:16,418 - __main__ - INFO - Loaded 5,114 cleaned records
2026-02-08 00:38:16,420 - __main__ - INFO - Creating temporal features...
2026-02-08 00:38:16,449 - __main__ - INFO - Creating statistical features...
2026-02-08 00:38:16,534 - __main__ - INFO - Creating trend features...
2026-02-08 00:38:16,580 - __main__ - INFO - Creating extreme event features...
2026-02-08 00:38:16,657 - __main__ - INFO - Creating target variable (window: 7 days)...
2026-02-08 00:38:16,735 - __main__ - INFO - Dropped 30 rows with NaN values (0.6%)
2026-02-08 00:38:16,743 - __main__ - INFO - Final dataset shape: (5084, 64) (5,084 samples, 64 features)
2026-02-08 00:38:17,610 - __main__ - INFO - 
============================================================
2026-02-08 00:38:17,610 - __main__ - INFO - FEATURE SUMMARY
2026-02-08 00:38:17,610 - __main__ - INFO - ============================================================
2026-02-08 00:38:17,618 - __main__ - INFO - Total features (including target): 64
2026-02-08 00:38:17,620 - __main__ - INFO - Target distribution:
2026-02-08 00:38:17,626 - __main__ - INFO - target_flood_next_7d
0    4614
1     470
2026-02-08 00:38:17,628 - __main__ - INFO - Target positive rate: 0.092
2026-02-08 00:38:17,630 - __main__ - INFO - 
Top 10 feature columns:
2026-02-08 00:38:17,630 - __main__ - INFO -   - date
2026-02-08 00:38:17,634 - __main__ - INFO -   - site_no
2026-02-08 00:38:17,635 - __main__ - INFO -   - discharge
2026-02-08 00:38:17,636 - __main__ - INFO -   - 00060_Mean_cd
2026-02-08 00:38:17,639 - __main__ - INFO -   - site_name
2026-02-08 00:38:17,642 - __main__ - INFO -   - site_id
2026-02-08 00:38:17,645 - __main__ - INFO -   - year
2026-02-08 00:38:17,646 - __main__ - INFO -   - month
2026-02-08 00:38:17,646 - __main__ - INFO -   - day
2026-02-08 00:38:17,648 - __main__ - INFO -   - day_of_week
2026-02-08 00:38:17,659 - __main__ - INFO - 
============================================================
2026-02-08 00:38:17,660 - __main__ - INFO - Processing site 08067000: Neches River at Evadale, TX
2026-02-08 00:38:17,661 - __main__ - INFO - ============================================================
2026-02-08 00:38:17,693 - __main__ - INFO - ============================================================
2026-02-08 00:38:17,693 - __main__ - INFO - FLOOD FEATURE ENGINEERING - Site 08067000
2026-02-08 00:38:17,693 - __main__ - INFO - ============================================================
2026-02-08 00:38:17,693 - __main__ - INFO - Project root: C:\Users\woodn\OneDrive\Desktop\MAPOU_LAB_CAPSTONE\earthquake-flood-alert
2026-02-08 00:38:17,693 - __main__ - INFO - Loading data from C:\Users\woodn\OneDrive\Desktop\MAPOU_LAB_CAPSTONE\earthquake-flood-alert\data\processed\flood_cleaned_08067000.csv
2026-02-08 00:38:18,038 - __main__ - INFO - Loaded 5,082 cleaned records
2026-02-08 00:38:18,053 - __main__ - INFO - Creating temporal features...
2026-02-08 00:38:18,394 - __main__ - INFO - Creating statistical features...
2026-02-08 00:38:18,604 - __main__ - INFO - Creating trend features...
2026-02-08 00:38:18,750 - __main__ - INFO - Creating extreme event features...
2026-02-08 00:38:18,834 - __main__ - INFO - Creating target variable (window: 7 days)...
2026-02-08 00:38:19,079 - __main__ - INFO - Dropped 2,322 rows with NaN values (45.7%)
2026-02-08 00:38:19,115 - __main__ - INFO - Final dataset shape: (2760, 66) (2,760 samples, 66 features)
2026-02-08 00:38:19,729 - __main__ - INFO - 
============================================================
2026-02-08 00:38:19,730 - __main__ - INFO - FEATURE SUMMARY
2026-02-08 00:38:19,731 - __main__ - INFO - ============================================================
2026-02-08 00:38:19,737 - __main__ - INFO - Total features (including target): 66
2026-02-08 00:38:19,747 - __main__ - INFO - Target distribution:
2026-02-08 00:38:19,756 - __main__ - INFO - target_flood_next_7d
0    2414
1     346
2026-02-08 00:38:19,762 - __main__ - INFO - Target positive rate: 0.125
2026-02-08 00:38:19,763 - __main__ - INFO - 
Top 10 feature columns:
2026-02-08 00:38:19,766 - __main__ - INFO -   - date
2026-02-08 00:38:19,781 - __main__ - INFO -   - site_no
2026-02-08 00:38:19,783 - __main__ - INFO -   - discharge
2026-02-08 00:38:19,793 - __main__ - INFO -   - 00060_Mean_cd
2026-02-08 00:38:19,794 - __main__ - INFO -   - 00065_Mean
2026-02-08 00:38:19,795 - __main__ - INFO -   - 00065_Mean_cd
2026-02-08 00:38:19,796 - __main__ - INFO -   - site_name
2026-02-08 00:38:19,796 - __main__ - INFO -   - site_id
2026-02-08 00:38:19,798 - __main__ - INFO -   - year
2026-02-08 00:38:19,798 - __main__ - INFO -   - month
2026-02-08 00:38:19,817 - __main__ - INFO - 
============================================================
2026-02-08 00:38:19,826 - __main__ - INFO - Processing site 03374100: White River at Hazleton, IN
2026-02-08 00:38:19,827 - __main__ - INFO - ============================================================
2026-02-08 00:38:19,861 - __main__ - INFO - ============================================================
2026-02-08 00:38:19,866 - __main__ - INFO - FLOOD FEATURE ENGINEERING - Site 03374100
2026-02-08 00:38:19,878 - __main__ - INFO - ============================================================
2026-02-08 00:38:19,883 - __main__ - INFO - Project root: C:\Users\woodn\OneDrive\Desktop\MAPOU_LAB_CAPSTONE\earthquake-flood-alert
2026-02-08 00:38:19,906 - __main__ - INFO - Loading data from C:\Users\woodn\OneDrive\Desktop\MAPOU_LAB_CAPSTONE\earthquake-flood-alert\data\processed\flood_cleaned_03374100.csv
2026-02-08 00:38:20,209 - __main__ - INFO - Loaded 4,841 cleaned records
2026-02-08 00:38:20,209 - __main__ - INFO - Creating temporal features...
2026-02-08 00:38:20,360 - __main__ - INFO - Creating statistical features...
2026-02-08 00:38:20,419 - __main__ - INFO - Creating trend features...
2026-02-08 00:38:20,461 - __main__ - INFO - Creating extreme event features...
2026-02-08 00:38:20,548 - __main__ - INFO - Creating target variable (window: 7 days)...
2026-02-08 00:38:20,655 - __main__ - INFO - Dropped 30 rows with NaN values (0.6%)
2026-02-08 00:38:20,657 - __main__ - INFO - Final dataset shape: (4811, 64) (4,811 samples, 64 features)
2026-02-08 00:38:21,526 - __main__ - INFO - 
============================================================
2026-02-08 00:38:21,530 - __main__ - INFO - FEATURE SUMMARY
2026-02-08 00:38:21,533 - __main__ - INFO - ============================================================
2026-02-08 00:38:21,536 - __main__ - INFO - Total features (including target): 64
2026-02-08 00:38:21,537 - __main__ - INFO - Target distribution:
2026-02-08 00:38:21,539 - __main__ - INFO - target_flood_next_7d
0    4407
1     404
2026-02-08 00:38:21,540 - __main__ - INFO - Target positive rate: 0.084
2026-02-08 00:38:21,540 - __main__ - INFO - 
Top 10 feature columns:
2026-02-08 00:38:21,542 - __main__ - INFO -   - date
2026-02-08 00:38:21,543 - __main__ - INFO -   - site_no
2026-02-08 00:38:21,543 - __main__ - INFO -   - discharge
2026-02-08 00:38:21,544 - __main__ - INFO -   - 00060_Mean_cd
2026-02-08 00:38:21,544 - __main__ - INFO -   - site_name
2026-02-08 00:38:21,545 - __main__ - INFO -   - site_id
2026-02-08 00:38:21,545 - __main__ - INFO -   - year
2026-02-08 00:38:21,546 - __main__ - INFO -   - month
2026-02-08 00:38:21,546 - __main__ - INFO -   - day
2026-02-08 00:38:21,547 - __main__ - INFO -   - day_of_week
2026-02-08 00:38:21,557 - __main__ - INFO - 
============================================================
2026-02-08 00:38:21,559 - __main__ - INFO - FEATURE ENGINEERING COMPLETE: 5/5 sites processed successfully
2026-02-08 00:38:21,559 - __main__ - INFO - ============================================================
