2026-02-05 21:30:51,772 - __main__ - INFO - Loading prediction models...
2026-02-05 21:30:51,918 - __main__ - WARNING - Earthquake model not found - will use rule-based alerts only
2026-02-05 21:30:52,010 - __main__ - WARNING - Flood model not found for site 07374000 - will use rule-based alerts only
2026-02-05 21:30:52,110 - __main__ - WARNING - Flood model not found for site 01646500 - will use rule-based alerts only
2026-02-05 21:30:52,218 - __main__ - WARNING - Flood model not found for site 14211720 - will use rule-based alerts only
2026-02-05 21:30:52,424 - __main__ - WARNING - Flood model not found for site 08067000 - will use rule-based alerts only
2026-02-05 21:30:52,808 - __main__ - WARNING - Flood model not found for site 03374100 - will use rule-based alerts only
2026-02-05 21:30:52,989 - __main__ - INFO - OK Disaster Monitoring System initialized
2026-02-05 21:30:53,156 - __main__ - INFO - ============================================================
2026-02-05 21:30:53,288 - __main__ - INFO - STARTING CONTINUOUS DISASTER MONITORING SYSTEM
2026-02-05 21:30:53,338 - __main__ - INFO - ============================================================
2026-02-05 21:30:53,388 - __main__ - INFO - Monitoring interval: 1 hour(s)
2026-02-05 21:30:53,450 - __main__ - INFO - Press Ctrl+C to stop
2026-02-05 21:30:53,487 - __main__ - INFO - ============================================================
2026-02-05 21:30:53,558 - __main__ - INFO - STARTING MONITORING CYCLE - 2026-02-05 21:30:53.558440
2026-02-05 21:30:53,621 - __main__ - INFO - ============================================================
2026-02-05 21:30:53,717 - __main__ - INFO - Monitoring earthquakes...
2026-02-05 21:30:53,834 - src.collectors.usgs_earthquake - INFO - Fetching real-time earthquakes from last day...
2026-02-05 21:31:18,854 - __main__ - INFO - Fetched 43 recent earthquakes
2026-02-05 21:31:18,948 - src.alert_system.alert_manager - INFO - Generated earthquake alert: Alert(earthquake, MODERATE, 57 km ESE of Mawlaik, Burma (Myanmar), 52.00%)
2026-02-05 21:31:19,099 - src.alert_system.alert_manager - INFO - Saved alert: EQ-20260205213118-2
2026-02-05 21:31:19,116 - src.alert_system.alert_manager - INFO - Generated earthquake alert: Alert(earthquake, MODERATE, 5 km S of Dinagat, Philippines, 50.00%)
2026-02-05 21:31:19,837 - src.alert_system.alert_manager - INFO - Saved alert: EQ-20260205213119-2
2026-02-05 21:31:19,887 - src.alert_system.alert_manager - INFO - Generated earthquake alert: Alert(earthquake, MODERATE, 94 km SW of Trenggalek, Indonesia, 58.00%)
2026-02-05 21:31:20,454 - src.alert_system.alert_manager - INFO - Saved alert: EQ-20260205213119-2
2026-02-05 21:31:20,581 - __main__ - INFO - Generated 3 earthquake alerts
2026-02-05 21:31:20,642 - __main__ - INFO - Monitoring flood conditions...
2026-02-05 21:31:20,706 - __main__ - INFO - Checking site 07374000: Mississippi River at Baton Rouge, LA
2026-02-05 21:31:20,714 - src.collectors.usgs_flood - INFO - Fetching real-time data for site 07374000 (30 days)
2026-02-05 21:31:40,279 - __main__ - WARNING - No discharge column found for site 07374000
2026-02-05 21:31:40,279 - __main__ - INFO - Checking site 01646500: Potomac River at Little Falls, MD
2026-02-05 21:31:40,279 - src.collectors.usgs_flood - INFO - Fetching real-time data for site 01646500 (30 days)
2026-02-05 21:31:54,241 - __main__ - WARNING - No discharge column found for site 01646500
2026-02-05 21:31:54,241 - __main__ - INFO - Checking site 14211720: Willamette River at Portland, OR
2026-02-05 21:31:54,241 - src.collectors.usgs_flood - INFO - Fetching real-time data for site 14211720 (30 days)
2026-02-05 21:32:33,029 - __main__ - WARNING - No discharge column found for site 14211720
2026-02-05 21:32:33,029 - __main__ - INFO - Checking site 08067000: Neches River at Evadale, TX
2026-02-05 21:32:33,029 - src.collectors.usgs_flood - INFO - Fetching real-time data for site 08067000 (30 days)
2026-02-05 21:32:49,497 - __main__ - WARNING - No discharge column found for site 08067000
2026-02-05 21:32:49,497 - __main__ - INFO - Checking site 03374100: White River at Hazleton, IN
2026-02-05 21:32:49,497 - src.collectors.usgs_flood - INFO - Fetching real-time data for site 03374100 (30 days)
2026-02-05 21:32:54,839 - __main__ - WARNING - No discharge column found for site 03374100
2026-02-05 21:32:54,839 - __main__ - INFO - Generated 0 flood alerts
2026-02-05 21:32:54,839 - __main__ - INFO - ============================================================
2026-02-05 21:32:54,839 - __main__ - INFO - MONITORING CYCLE COMPLETE
2026-02-05 21:32:54,839 - __main__ - INFO - Total alerts generated: 3
2026-02-05 21:32:54,839 - __main__ - INFO -   Severe: 0
2026-02-05 21:32:54,839 - __main__ - INFO -   High: 0
2026-02-05 21:32:54,846 - __main__ - INFO - ============================================================
2026-02-05 23:01:45,566 - __main__ - INFO - Loading prediction models...
2026-02-05 23:01:45,572 - __main__ - WARNING - Earthquake model not found - using rule-based alerts
2026-02-05 23:01:53,244 - __main__ - INFO - OK Flood model loaded for 07374000: flood_risk_model_07374000_20260205_210942.pkl
2026-02-05 23:01:53,421 - __main__ - INFO - OK Flood model loaded for 01646500: flood_risk_model_01646500_20260205_210944.pkl
2026-02-05 23:01:53,556 - __main__ - INFO - OK Flood model loaded for 14211720: flood_risk_model_14211720_20260205_210946.pkl
2026-02-05 23:01:53,684 - __main__ - INFO - OK Flood model loaded for 03374100: flood_risk_model_03374100_20260205_210959.pkl
2026-02-05 23:01:53,684 - __main__ - INFO - OK Disaster Monitoring System initialized
2026-02-05 23:01:53,684 - __main__ - INFO - ============================================================
2026-02-05 23:01:53,684 - __main__ - INFO - STARTING CONTINUOUS MONITORING
2026-02-05 23:01:53,684 - __main__ - INFO - Interval: 1 hour(s)
2026-02-05 23:01:53,684 - __main__ - INFO - Press Ctrl+C to stop
2026-02-05 23:01:53,684 - __main__ - INFO - ============================================================
2026-02-05 23:01:53,684 - __main__ - INFO - ============================================================
2026-02-05 23:01:53,684 - __main__ - INFO - MONITORING CYCLE START - 2026-02-05 23:01:53.684502
2026-02-05 23:01:53,684 - __main__ - INFO - ============================================================
2026-02-05 23:01:53,684 - src.collectors.usgs_earthquake - INFO - Fetching real-time earthquakes from last day...
2026-02-05 23:01:58,854 - src.alert_system.alert_manager - INFO - Generated earthquake alert: Alert(earthquake, LOW, 94 km SW of Trenggalek, Indonesia, 30.00%)
2026-02-05 23:01:58,888 - src.alert_system.alert_manager - INFO - Saved alert: EQ-20260205230158-1
2026-02-05 23:06:32,030 - __main__ - INFO - Loading prediction models...
2026-02-05 23:06:35,747 - __main__ - INFO - OK Earthquake model loaded: earthquake_risk_model_20260205_230441.pkl
2026-02-05 23:06:35,904 - __main__ - INFO - OK Flood model loaded for 07374000: flood_risk_model_07374000_20260205_210942.pkl
2026-02-05 23:06:35,985 - __main__ - INFO - OK Flood model loaded for 01646500: flood_risk_model_01646500_20260205_210944.pkl
2026-02-05 23:06:36,072 - __main__ - INFO - OK Flood model loaded for 14211720: flood_risk_model_14211720_20260205_210946.pkl
2026-02-05 23:06:36,169 - __main__ - INFO - OK Flood model loaded for 03374100: flood_risk_model_03374100_20260205_210959.pkl
2026-02-05 23:06:36,169 - __main__ - INFO - OK Disaster Monitoring System initialized
2026-02-05 23:06:36,172 - __main__ - INFO - ============================================================
2026-02-05 23:06:36,172 - __main__ - INFO - STARTING CONTINUOUS MONITORING
2026-02-05 23:06:36,172 - __main__ - INFO - Interval: 1 hour(s)
2026-02-05 23:06:36,172 - __main__ - INFO - Press Ctrl+C to stop
2026-02-05 23:06:36,172 - __main__ - INFO - ============================================================
2026-02-05 23:06:36,172 - __main__ - INFO - ============================================================
2026-02-05 23:06:36,172 - __main__ - INFO - MONITORING CYCLE START - 2026-02-05 23:06:36.172453
2026-02-05 23:06:36,178 - __main__ - INFO - ============================================================
2026-02-05 23:06:36,180 - src.collectors.usgs_earthquake - INFO - Fetching real-time earthquakes from last day...
2026-02-05 23:06:38,408 - src.alert_system.alert_manager - INFO - Generated earthquake alert: Alert(earthquake, LOW, 94 km SW of Trenggalek, Indonesia, 30.00%)
2026-02-05 23:06:38,468 - src.alert_system.alert_manager - INFO - Saved alert: EQ-20260205230638-1
2026-02-06 01:16:03,651 - __main__ - INFO - Loading prediction models...
2026-02-06 01:17:08,325 - __main__ - INFO - Earthquake model loaded: earthquake_risk_model_20260205_230441.pkl
2026-02-06 01:17:08,433 - __main__ - INFO - Flood model loaded for 07374000: flood_risk_model_07374000_20260205_210942.pkl
2026-02-06 01:17:08,545 - __main__ - INFO - Flood model loaded for 01646500: flood_risk_model_01646500_20260205_210944.pkl
2026-02-06 01:17:08,646 - __main__ - INFO - Flood model loaded for 14211720: flood_risk_model_14211720_20260205_210946.pkl
2026-02-06 01:17:08,763 - __main__ - INFO - Flood model loaded for 03374100: flood_risk_model_03374100_20260205_210959.pkl
2026-02-06 01:17:08,767 - __main__ - INFO - Disaster Monitoring System initialized
2026-02-06 01:17:08,767 - __main__ - INFO - ============================================================
2026-02-06 01:17:08,767 - __main__ - INFO - STARTING CONTINUOUS MONITORING
2026-02-06 01:17:08,767 - __main__ - INFO - Interval: 1 hour(s)
2026-02-06 01:17:08,767 - __main__ - INFO - Press Ctrl+C to stop
2026-02-06 01:17:08,767 - __main__ - INFO - ============================================================
2026-02-06 01:17:08,767 - __main__ - INFO - ============================================================
2026-02-06 01:17:08,767 - __main__ - INFO - MONITORING CYCLE START_2026-02-06 01:17:08.767552
2026-02-06 01:17:08,767 - __main__ - INFO - ============================================================
2026-02-06 01:17:08,767 - src.collectors.usgs_earthquake - INFO - Fetching real-time earthquakes from last day...
2026-02-06 01:17:09,622 - src.alert_system.alert_manager - INFO - Generated earthquake alert: Alert(earthquake, LOW, 94 km SW of Trenggalek, Indonesia, 30.00%)
2026-02-06 01:17:09,732 - src.alert_system.alert_manager - INFO - Saved alert: EQ-20260206011709-1
2026-02-06 01:17:27,196 - __main__ - INFO - Loading prediction models...
2026-02-06 01:17:30,907 - __main__ - INFO - Earthquake model loaded: earthquake_risk_model_20260205_230441.pkl
2026-02-06 01:17:31,005 - __main__ - INFO - Flood model loaded for 07374000: flood_risk_model_07374000_20260205_210942.pkl
2026-02-06 01:17:31,107 - __main__ - INFO - Flood model loaded for 01646500: flood_risk_model_01646500_20260205_210944.pkl
2026-02-06 01:17:31,191 - __main__ - INFO - Flood model loaded for 14211720: flood_risk_model_14211720_20260205_210946.pkl
2026-02-06 01:17:31,287 - __main__ - INFO - Flood model loaded for 03374100: flood_risk_model_03374100_20260205_210959.pkl
2026-02-06 01:17:31,288 - __main__ - INFO - Disaster Monitoring System initialized
2026-02-06 01:17:31,288 - __main__ - INFO - ============================================================
2026-02-06 01:17:31,289 - __main__ - INFO - STARTING CONTINUOUS MONITORING
2026-02-06 01:17:31,289 - __main__ - INFO - Interval: 1 hour(s)
2026-02-06 01:17:31,289 - __main__ - INFO - Press Ctrl+C to stop
2026-02-06 01:17:31,295 - __main__ - INFO - ============================================================
2026-02-06 01:17:31,296 - __main__ - INFO - ============================================================
2026-02-06 01:17:31,300 - __main__ - INFO - MONITORING CYCLE START_2026-02-06 01:17:31.300388
2026-02-06 01:17:31,302 - __main__ - INFO - ============================================================
2026-02-06 01:17:31,302 - src.collectors.usgs_earthquake - INFO - Fetching real-time earthquakes from last day...
2026-02-06 01:17:33,024 - src.alert_system.alert_manager - INFO - Generated earthquake alert: Alert(earthquake, LOW, 94 km SW of Trenggalek, Indonesia, 30.00%)
2026-02-06 01:17:33,074 - src.alert_system.alert_manager - INFO - Saved alert: EQ-20260206011733-1
2026-02-07 09:27:56,539 - src.alert_system.monitoring - INFO - Loading prediction models...
2026-02-07 09:28:24,341 - src.alert_system.monitoring - INFO - Earthquake model loaded: earthquake_risk_model_20260205_230441.pkl
2026-02-07 09:28:24,537 - src.alert_system.monitoring - INFO - Flood model loaded for 07374000: flood_risk_model_07374000_20260205_210942.pkl
2026-02-07 09:28:24,706 - src.alert_system.monitoring - INFO - Flood model loaded for 01646500: flood_risk_model_01646500_20260205_210944.pkl
2026-02-07 09:28:24,861 - src.alert_system.monitoring - INFO - Flood model loaded for 14211720: flood_risk_model_14211720_20260205_210946.pkl
2026-02-07 09:28:25,048 - src.alert_system.monitoring - INFO - Flood model loaded for 03374100: flood_risk_model_03374100_20260205_210959.pkl
2026-02-07 09:28:25,048 - src.alert_system.monitoring - INFO - Disaster Monitoring System initialized
2026-02-07 09:28:25,052 - src.alert_system.monitoring - INFO - ============================================================
2026-02-07 09:28:25,052 - src.alert_system.monitoring - INFO - MONITORING CYCLE START_2026-02-07 09:28:25.052356
2026-02-07 09:28:25,052 - src.alert_system.monitoring - INFO - ============================================================
2026-02-07 09:28:25,052 - src.collectors.usgs_earthquake - INFO - Fetching real-time earthquakes from last day...
2026-02-07 09:28:28,944 - src.alert_system.alert_manager - INFO - Generated earthquake alert: Alert(earthquake, LOW, Pulau Pulau Tanimbar, Indonesia, 31.67%)
2026-02-07 09:28:29,404 - src.alert_system.alert_manager - INFO - Saved alert: EQ-20260207092828-1
2026-02-07 09:48:50,635 - __main__ - INFO - Loading prediction models...
2026-02-07 09:48:55,657 - __main__ - INFO - Earthquake model loaded: earthquake_risk_model_20260205_230441.pkl
2026-02-07 09:48:55,762 - __main__ - INFO - Flood model loaded for 07374000: flood_risk_model_07374000_20260205_210942.pkl
2026-02-07 09:48:55,883 - __main__ - INFO - Flood model loaded for 01646500: flood_risk_model_01646500_20260205_210944.pkl
2026-02-07 09:48:55,975 - __main__ - INFO - Flood model loaded for 14211720: flood_risk_model_14211720_20260205_210946.pkl
2026-02-07 09:48:56,077 - __main__ - INFO - Flood model loaded for 03374100: flood_risk_model_03374100_20260205_210959.pkl
2026-02-07 09:48:56,077 - __main__ - INFO - Disaster Monitoring System initialized
2026-02-07 09:48:56,079 - __main__ - INFO - ============================================================
2026-02-07 09:48:56,079 - __main__ - INFO - STARTING CONTINUOUS MONITORING
2026-02-07 09:48:56,079 - __main__ - INFO - Interval: 1 hour(s)
2026-02-07 09:48:56,079 - __main__ - INFO - Press Ctrl+C to stop
2026-02-07 09:48:56,079 - __main__ - INFO - ============================================================
2026-02-07 09:48:56,079 - __main__ - INFO - ============================================================
2026-02-07 09:48:56,085 - __main__ - INFO - MONITORING CYCLE START_2026-02-07 09:48:56.085430
2026-02-07 09:48:56,085 - __main__ - INFO - ============================================================
2026-02-07 09:48:56,085 - src.collectors.usgs_earthquake - INFO - Fetching real-time earthquakes from last day...
2026-02-07 09:49:00,373 - src.alert_system.alert_manager - INFO - Generated earthquake alert: Alert(earthquake, LOW, Pulau Pulau Tanimbar, Indonesia, 31.67%)
2026-02-07 09:49:00,396 - src.alert_system.alert_manager - INFO - Saved alert: EQ-20260207094900-1
2026-02-11 15:35:39,245 - __main__ - INFO - Loading prediction models...
2026-02-11 15:36:05,996 - __main__ - INFO - Earthquake model loaded: earthquake_risk_model_20260211_151132.pkl
2026-02-11 15:36:07,476 - __main__ - INFO - Flood model loaded for 07374000: flood_risk_model_07374000_20260211_151136.pkl
2026-02-11 15:36:09,040 - __main__ - INFO - Flood model loaded for 01646500: flood_risk_model_01646500_20260211_151138.pkl
2026-02-11 15:36:10,008 - __main__ - INFO - Flood model loaded for 14211720: flood_risk_model_14211720_20260211_151140.pkl
2026-02-11 15:36:10,397 - __main__ - INFO - Flood model loaded for 08067000: flood_risk_model_08067000_20260211_151143.pkl
2026-02-11 15:36:10,682 - __main__ - INFO - Flood model loaded for 03374100: flood_risk_model_03374100_20260211_151145.pkl
2026-02-11 15:36:10,692 - __main__ - INFO - Disaster Monitoring System initialized
2026-02-11 15:36:10,733 - __main__ - INFO - 
STARTING CONTINUOUS MONITORING
2026-02-11 15:36:10,790 - __main__ - INFO - Interval: 1 hour(s)
2026-02-11 15:36:10,822 - __main__ - INFO - Press Ctrl+C to stop
2026-02-11 15:36:10,873 - __main__ - INFO - ============================================================
2026-02-11 15:36:10,903 - __main__ - INFO - MONITORING CYCLE START: 2026-02-11 15:36:10.903876
2026-02-11 15:36:10,934 - __main__ - INFO - ============================================================
2026-02-11 15:36:10,970 - src.collectors.usgs_earthquake - INFO - Fetching real-time earthquakes from last day...
2026-02-11 15:36:12,250 - src.collectors.usgs_earthquake - INFO - Fetched 43 earthquakes (mag >= 2.5)
2026-02-11 15:36:12,303 - src.alert_system.alert_manager - INFO - Generated earthquake alert: Alert(earthquake, LOW, Fiji region, 36.67%)
2026-02-11 15:36:12,536 - src.alert_system.alert_manager - INFO - Saved alert: EQ-20260211153612-1
2026-02-11 16:13:54,846 - src.alert_system.monitoring - INFO - Loading prediction models...
2026-02-11 16:14:06,100 - src.alert_system.monitoring - INFO - Earthquake model loaded: earthquake_risk_model_20260211_151132.pkl
2026-02-11 16:14:06,218 - src.alert_system.monitoring - INFO - Flood model loaded for 07374000: flood_risk_model_07374000_20260211_151136.pkl
2026-02-11 16:14:06,559 - src.alert_system.monitoring - INFO - Flood model loaded for 01646500: flood_risk_model_01646500_20260211_151138.pkl
2026-02-11 16:14:06,693 - src.alert_system.monitoring - INFO - Flood model loaded for 14211720: flood_risk_model_14211720_20260211_151140.pkl
2026-02-11 16:14:06,800 - src.alert_system.monitoring - INFO - Flood model loaded for 08067000: flood_risk_model_08067000_20260211_151143.pkl
2026-02-11 16:14:06,916 - src.alert_system.monitoring - INFO - Flood model loaded for 03374100: flood_risk_model_03374100_20260211_151145.pkl
2026-02-11 16:14:06,916 - src.alert_system.monitoring - INFO - Disaster Monitoring System initialized
2026-02-11 16:14:06,916 - src.alert_system.monitoring - INFO - MONITORING CYCLE START: 2026-02-11 16:14:06.916151
2026-02-11 16:14:06,916 - src.collectors.usgs_earthquake - INFO - Fetching real-time earthquakes from last day...
2026-02-11 16:14:07,707 - src.collectors.usgs_earthquake - INFO - Fetched 39 earthquakes (mag >= 2.5)
2026-02-11 16:14:07,717 - src.alert_system.monitoring - INFO - Generated 0 earthquake alerts
2026-02-11 16:23:26,893 - __main__ - INFO - Loading prediction models...
2026-02-11 16:23:34,628 - __main__ - INFO - Earthquake model loaded: earthquake_risk_model_20260211_151132.pkl
2026-02-11 16:23:34,715 - __main__ - INFO - Flood model loaded for 07374000: flood_risk_model_07374000_20260211_151136.pkl
2026-02-11 16:23:34,902 - __main__ - INFO - Flood model loaded for 01646500: flood_risk_model_01646500_20260211_151138.pkl
2026-02-11 16:23:34,992 - __main__ - INFO - Flood model loaded for 14211720: flood_risk_model_14211720_20260211_151140.pkl
2026-02-11 16:23:35,160 - __main__ - INFO - Flood model loaded for 08067000: flood_risk_model_08067000_20260211_151143.pkl
2026-02-11 16:23:35,346 - __main__ - INFO - Flood model loaded for 03374100: flood_risk_model_03374100_20260211_151145.pkl
2026-02-11 16:23:35,354 - __main__ - INFO - Disaster Monitoring System initialized
2026-02-11 16:23:35,355 - __main__ - INFO - 
STARTING CONTINUOUS MONITORING
2026-02-11 16:23:35,355 - __main__ - INFO - Interval: 1 hour(s)
2026-02-11 16:23:35,355 - __main__ - INFO - Press Ctrl+C to stop
2026-02-11 16:23:35,360 - __main__ - INFO - MONITORING CYCLE START: 2026-02-11 16:23:35.360768
2026-02-11 16:23:35,362 - src.collectors.usgs_earthquake - INFO - Fetching real-time earthquakes from last day...
2026-02-11 16:23:36,212 - src.collectors.usgs_earthquake - INFO - Fetched 38 earthquakes (mag >= 2.5)
2026-02-11 16:23:36,227 - __main__ - INFO - Generated 0 earthquake alerts
2026-02-11 16:23:36,227 - src.collectors.usgs_flood - INFO - Fetching daily values for site 07374000: 2026-01-12 to 2026-02-11
2026-02-11 16:23:38,488 - src.collectors.usgs_flood - INFO - Fetched 30 daily records
2026-02-11 16:23:38,488 - src.collectors.usgs_flood - INFO - Fetching daily values for site 01646500: 2026-01-12 to 2026-02-11
2026-02-11 16:23:41,110 - src.collectors.usgs_flood - INFO - Fetched 30 daily records
2026-02-11 16:23:41,110 - src.collectors.usgs_flood - INFO - Fetching daily values for site 14211720: 2026-01-12 to 2026-02-11
2026-02-11 16:23:42,965 - src.collectors.usgs_flood - INFO - Fetched 30 daily records
2026-02-11 16:23:42,965 - src.collectors.usgs_flood - INFO - Fetching daily values for site 08067000: 2026-01-12 to 2026-02-11
2026-02-11 16:23:44,843 - src.collectors.usgs_flood - INFO - Fetched 30 daily records
2026-02-11 16:23:44,843 - src.alert_system.alert_manager - INFO - Generated flood alert: Alert(flood, MODERATE, Neches River at Evadale, TX, 52.60%)
2026-02-11 16:23:44,905 - src.alert_system.alert_manager - INFO - Saved alert: FL-20260211162344-2
2026-02-11 16:24:01,206 - src.alert_system.monitoring - INFO - Loading prediction models...
2026-02-11 16:24:08,235 - src.alert_system.monitoring - INFO - Earthquake model loaded: earthquake_risk_model_20260211_151132.pkl
2026-02-11 16:24:08,314 - src.alert_system.monitoring - INFO - Flood model loaded for 07374000: flood_risk_model_07374000_20260211_151136.pkl
2026-02-11 16:24:08,506 - src.alert_system.monitoring - INFO - Flood model loaded for 01646500: flood_risk_model_01646500_20260211_151138.pkl
2026-02-11 16:24:08,594 - src.alert_system.monitoring - INFO - Flood model loaded for 14211720: flood_risk_model_14211720_20260211_151140.pkl
2026-02-11 16:24:08,678 - src.alert_system.monitoring - INFO - Flood model loaded for 08067000: flood_risk_model_08067000_20260211_151143.pkl
2026-02-11 16:24:08,762 - src.alert_system.monitoring - INFO - Flood model loaded for 03374100: flood_risk_model_03374100_20260211_151145.pkl
2026-02-11 16:24:08,764 - src.alert_system.monitoring - INFO - Disaster Monitoring System initialized
2026-02-11 16:24:08,764 - src.alert_system.monitoring - INFO - MONITORING CYCLE START: 2026-02-11 16:24:08.764272
2026-02-11 16:24:08,764 - src.collectors.usgs_earthquake - INFO - Fetching real-time earthquakes from last day...
2026-02-11 16:24:09,301 - src.collectors.usgs_earthquake - INFO - Fetched 38 earthquakes (mag >= 2.5)
2026-02-11 16:24:09,305 - src.alert_system.monitoring - INFO - Generated 0 earthquake alerts
2026-02-11 16:24:09,305 - src.collectors.usgs_flood - INFO - Fetching daily values for site 07374000: 2026-01-12 to 2026-02-11
2026-02-11 16:24:11,300 - src.collectors.usgs_flood - INFO - Fetched 30 daily records
2026-02-11 16:24:11,300 - src.collectors.usgs_flood - INFO - Fetching daily values for site 01646500: 2026-01-12 to 2026-02-11
2026-02-11 16:24:13,038 - src.collectors.usgs_flood - INFO - Fetched 30 daily records
2026-02-11 16:24:13,038 - src.collectors.usgs_flood - INFO - Fetching daily values for site 14211720: 2026-01-12 to 2026-02-11
2026-02-11 16:24:14,702 - src.collectors.usgs_flood - INFO - Fetched 30 daily records
2026-02-11 16:24:14,704 - src.collectors.usgs_flood - INFO - Fetching daily values for site 08067000: 2026-01-12 to 2026-02-11
2026-02-11 16:24:16,336 - src.collectors.usgs_flood - INFO - Fetched 30 daily records
2026-02-11 16:24:16,338 - src.alert_system.alert_manager - INFO - Generated flood alert: Alert(flood, MODERATE, Neches River at Evadale, TX, 52.60%)
2026-02-11 16:24:16,406 - src.alert_system.alert_manager - INFO - Saved alert: FL-20260211162416-2
2026-02-11 16:54:37,362 - src.alert_system.monitoring - INFO - Loading prediction models...
2026-02-11 16:54:45,412 - src.alert_system.monitoring - INFO - Earthquake model loaded: earthquake_risk_model_20260211_151132.pkl
2026-02-11 16:54:45,516 - src.alert_system.monitoring - INFO - Flood model loaded for 07374000: flood_risk_model_07374000_20260211_151136.pkl
2026-02-11 16:54:45,738 - src.alert_system.monitoring - INFO - Flood model loaded for 01646500: flood_risk_model_01646500_20260211_151138.pkl
2026-02-11 16:54:45,837 - src.alert_system.monitoring - INFO - Flood model loaded for 14211720: flood_risk_model_14211720_20260211_151140.pkl
2026-02-11 16:54:45,945 - src.alert_system.monitoring - INFO - Flood model loaded for 08067000: flood_risk_model_08067000_20260211_151143.pkl
2026-02-11 16:54:46,031 - src.alert_system.monitoring - INFO - Flood model loaded for 03374100: flood_risk_model_03374100_20260211_151145.pkl
2026-02-11 16:54:46,031 - src.alert_system.monitoring - INFO - Disaster Monitoring System initialized
2026-02-11 16:54:46,031 - src.alert_system.monitoring - INFO - MONITORING CYCLE START: 2026-02-11 16:54:46.031618
2026-02-11 16:54:46,031 - src.collectors.usgs_earthquake - INFO - Fetching real-time earthquakes from last day...
2026-02-11 16:54:47,421 - src.collectors.usgs_earthquake - INFO - Fetched 38 earthquakes (mag >= 2.5)
2026-02-11 16:54:47,439 - src.alert_system.monitoring - INFO - Generated 0 earthquake alerts
2026-02-11 16:54:47,439 - src.collectors.usgs_flood - INFO - Fetching daily values for site 07374000: 2026-01-12 to 2026-02-11
2026-02-11 16:54:51,283 - src.collectors.usgs_flood - INFO - Fetched 30 daily records
2026-02-11 16:54:51,299 - src.collectors.usgs_flood - INFO - Fetching daily values for site 01646500: 2026-01-12 to 2026-02-11
2026-02-11 16:55:01,061 - src.collectors.usgs_flood - INFO - Fetched 30 daily records
2026-02-11 16:55:01,061 - src.collectors.usgs_flood - INFO - Fetching daily values for site 14211720: 2026-01-12 to 2026-02-11
2026-02-11 16:55:03,167 - src.collectors.usgs_flood - INFO - Fetched 30 daily records
2026-02-11 16:55:03,167 - src.collectors.usgs_flood - INFO - Fetching daily values for site 08067000: 2026-01-12 to 2026-02-11
2026-02-11 16:55:05,337 - src.collectors.usgs_flood - INFO - Fetched 30 daily records
2026-02-11 16:55:05,341 - src.alert_system.alert_manager - INFO - Generated flood alert: Alert(flood, MODERATE, Neches River at Evadale, TX, 52.60%)
2026-02-11 16:55:05,394 - src.alert_system.alert_manager - INFO - Saved alert: FL-20260211165505-2
