2026-02-05 12:50:26,743 - src.utils.helpers - INFO - Starting flood exploration notebook
2026-02-05 12:50:26,751 - src.utils.helpers - INFO - Project root: c:\Users\woodn\OneDrive\Desktop\MAPOU_LAB_CAPSTONE\earthquake-flood-alert
2026-02-05 12:50:27,547 - src.utils.helpers - INFO - Loaded existing flood data from c:\Users\woodn\OneDrive\Desktop\MAPOU_LAB_CAPSTONE\earthquake-flood-alert\data\raw\floods\07374000_Mississippi_River_at_Baton_Rouge_LA_training.csv
2026-02-05 12:50:27,554 - src.utils.helpers - INFO - Parsing datetime column 'date' with robust handling...
2026-02-05 12:51:38,477 - src.utils.helpers - INFO - Visualization saved to c:\Users\woodn\OneDrive\Desktop\MAPOU_LAB_CAPSTONE\earthquake-flood-alert\data\flood_exploration.png
2026-02-05 12:51:38,494 - src.utils.helpers - INFO - Summary saved to c:\Users\woodn\OneDrive\Desktop\MAPOU_LAB_CAPSTONE\earthquake-flood-alert\data\processed\flood_summary.json
2026-02-05 12:51:49,712 - src.utils.helpers - INFO - Flood exploration completed successfully
2026-02-05 20:08:09,081 - src.utils.helpers - INFO - Starting flood exploration notebook
2026-02-05 20:08:09,097 - src.utils.helpers - INFO - Project root: c:\Users\woodn\OneDrive\Desktop\MAPOU_LAB_CAPSTONE\earthquake-flood-alert
2026-02-05 20:08:10,287 - src.utils.helpers - INFO - Loaded existing flood data from c:\Users\woodn\OneDrive\Desktop\MAPOU_LAB_CAPSTONE\earthquake-flood-alert\data\raw\floods\07374000_Mississippi_River_at_Baton_Rouge_LA_training.csv
2026-02-05 20:08:10,298 - src.utils.helpers - INFO - Parsing datetime column 'date' with robust handling...
2026-02-05 20:08:38,713 - src.utils.helpers - ERROR - Unhandled exception during flood exploration: bad allocation
Traceback (most recent call last):
  File "C:\Users\woodn\AppData\Local\Temp\ipykernel_28800\390549365.py", line 463, in <module>
    df = explore_flood_data()
         ^^^^^^^^^^^^^^^^^^^^
  File "C:\Users\woodn\AppData\Local\Temp\ipykernel_28800\390549365.py", line 422, in explore_flood_data
    plt.savefig(viz_path, dpi=300, bbox_inches='tight')
  File "c:\Users\woodn\AppData\Local\Programs\Python\Python312\Lib\site-packages\matplotlib\pyplot.py", line 1250, in savefig
    res = fig.savefig(*args, **kwargs)  # type: ignore[func-returns-value]
          ^^^^^^^^^^^^^^^^^^^^^^^^^^^^
  File "c:\Users\woodn\AppData\Local\Programs\Python\Python312\Lib\site-packages\matplotlib\figure.py", line 3490, in savefig
    self.canvas.print_figure(fname, **kwargs)
  File "c:\Users\woodn\AppData\Local\Programs\Python\Python312\Lib\site-packages\matplotlib\backend_bases.py", line 2149, in print_figure
    renderer = _get_renderer(
               ^^^^^^^^^^^^^^
  File "c:\Users\woodn\AppData\Local\Programs\Python\Python312\Lib\site-packages\matplotlib\backend_bases.py", line 1574, in _get_renderer
    print_method(io.BytesIO())
  File "c:\Users\woodn\AppData\Local\Programs\Python\Python312\Lib\site-packages\matplotlib\backend_bases.py", line 2042, in <lambda>
    print_method = functools.wraps(meth)(lambda *args, **kwargs: meth(
                                                                 ^^^^^
  File "c:\Users\woodn\AppData\Local\Programs\Python\Python312\Lib\site-packages\matplotlib\backends\backend_agg.py", line 481, in print_png
    self._print_pil(filename_or_obj, "png", pil_kwargs, metadata)
  File "c:\Users\woodn\AppData\Local\Programs\Python\Python312\Lib\site-packages\matplotlib\backends\backend_agg.py", line 429, in _print_pil
    FigureCanvasAgg.draw(self)
  File "c:\Users\woodn\AppData\Local\Programs\Python\Python312\Lib\site-packages\matplotlib\backends\backend_agg.py", line 377, in draw
    self.renderer = self.get_renderer()
                    ^^^^^^^^^^^^^^^^^^^
  File "c:\Users\woodn\AppData\Local\Programs\Python\Python312\Lib\site-packages\matplotlib\backends\backend_agg.py", line 392, in get_renderer
    self.renderer = RendererAgg(w, h, self.figure.dpi)
                    ^^^^^^^^^^^^^^^^^^^^^^^^^^^^^^^^^^
  File "c:\Users\woodn\AppData\Local\Programs\Python\Python312\Lib\site-packages\matplotlib\backends\backend_agg.py", line 69, in __init__
    self._renderer = _RendererAgg(int(width), int(height), dpi)
                     ^^^^^^^^^^^^^^^^^^^^^^^^^^^^^^^^^^^^^^^^^^
MemoryError: bad allocation
2026-02-05 20:16:46,496 - src.utils.helpers - INFO - Starting flood exploration notebook
2026-02-05 20:16:46,504 - src.utils.helpers - INFO - Project root: c:\Users\woodn\OneDrive\Desktop\MAPOU_LAB_CAPSTONE\earthquake-flood-alert
2026-02-05 20:16:46,724 - src.utils.helpers - INFO - Loaded existing flood data from c:\Users\woodn\OneDrive\Desktop\MAPOU_LAB_CAPSTONE\earthquake-flood-alert\data\raw\floods\07374000_Mississippi_River_at_Baton_Rouge_LA_training.csv
2026-02-05 20:16:46,728 - src.utils.helpers - INFO - Parsing datetime column 'date' with robust handling...
2026-02-05 20:18:21,444 - src.utils.helpers - INFO - Starting flood exploration notebook
2026-02-05 20:18:21,448 - src.utils.helpers - INFO - Project root: c:\Users\woodn\OneDrive\Desktop\MAPOU_LAB_CAPSTONE\earthquake-flood-alert
2026-02-05 20:18:21,625 - src.utils.helpers - INFO - Loaded existing flood data from c:\Users\woodn\OneDrive\Desktop\MAPOU_LAB_CAPSTONE\earthquake-flood-alert\data\raw\floods\07374000_Mississippi_River_at_Baton_Rouge_LA_training.csv
2026-02-05 20:18:21,627 - src.utils.helpers - INFO - Parsing datetime column 'date' with robust handling...
2026-02-05 20:18:49,127 - src.utils.helpers - INFO - Visualization saved to c:\Users\woodn\OneDrive\Desktop\MAPOU_LAB_CAPSTONE\earthquake-flood-alert\data\flood_exploration.png
2026-02-05 20:18:49,148 - src.utils.helpers - INFO - Summary saved to c:\Users\woodn\OneDrive\Desktop\MAPOU_LAB_CAPSTONE\earthquake-flood-alert\data\processed\flood_summary.json
2026-02-05 20:18:58,226 - src.utils.helpers - INFO - Flood exploration completed successfully
2026-02-07 22:55:38,354 - src.utils.helpers - INFO - Starting flood exploration notebook
2026-02-07 22:55:38,375 - src.utils.helpers - INFO - Project root: c:\Users\woodn\OneDrive\Desktop\MAPOU_LAB_CAPSTONE\earthquake-flood-alert
2026-02-07 22:55:41,357 - src.utils.helpers - INFO - Loaded existing flood data from c:\Users\woodn\OneDrive\Desktop\MAPOU_LAB_CAPSTONE\earthquake-flood-alert\data\raw\floods\07374000_Mississippi_River_at_Baton_Rouge_LA_training.csv
2026-02-07 22:55:41,369 - src.utils.helpers - INFO - Parsing datetime column 'date' with robust handling...
2026-02-07 22:56:56,551 - src.utils.helpers - INFO - Visualization saved to c:\Users\woodn\OneDrive\Desktop\MAPOU_LAB_CAPSTONE\earthquake-flood-alert\data\flood_exploration.png
2026-02-07 22:56:56,569 - src.utils.helpers - INFO - Summary saved to c:\Users\woodn\OneDrive\Desktop\MAPOU_LAB_CAPSTONE\earthquake-flood-alert\data\processed\flood_summary.json
2026-02-07 22:57:27,986 - src.utils.helpers - INFO - Flood exploration completed successfully
2026-02-07 23:01:47,245 - src.utils.helpers - INFO - Config loaded successfully from c:\Users\woodn\OneDrive\Desktop\MAPOU_LAB_CAPSTONE\earthquake-flood-alert\config\config.yaml
2026-02-07 23:01:57,282 - src.utils.helpers - INFO - Config loaded successfully from c:\Users\woodn\OneDrive\Desktop\MAPOU_LAB_CAPSTONE\earthquake-flood-alert\config\config.yaml
2026-02-07 23:04:12,453 - src.utils.helpers - INFO - Loaded existing flood data from c:\Users\woodn\OneDrive\Desktop\MAPOU_LAB_CAPSTONE\earthquake-flood-alert\data\raw\floods\07374000_Mississippi_River_at_Baton_Rouge_LA_training.csv
2026-02-07 23:04:12,458 - src.utils.helpers - INFO - Parsing datetime column 'date' with robust handling...
2026-02-07 23:10:27,963 - src.utils.helpers - INFO - Loaded existing flood data from c:\Users\woodn\OneDrive\Desktop\MAPOU_LAB_CAPSTONE\earthquake-flood-alert\data\raw\floods\07374000_Mississippi_River_at_Baton_Rouge_LA_training.csv
2026-02-07 23:10:50,288 - src.utils.helpers - INFO - Visualization saved to c:\Users\woodn\OneDrive\Desktop\MAPOU_LAB_CAPSTONE\earthquake-flood-alert\data\flood_exploration.png
2026-02-07 23:10:50,299 - src.utils.helpers - INFO - Summary saved to c:\Users\woodn\OneDrive\Desktop\MAPOU_LAB_CAPSTONE\earthquake-flood-alert\data\processed\flood_summary.json
2026-02-07 23:10:57,172 - src.utils.helpers - INFO - Flood exploration completed successfully
2026-02-07 23:21:56,498 - src.utils.helpers - INFO - Loaded existing flood data from c:\Users\woodn\OneDrive\Desktop\MAPOU_LAB_CAPSTONE\earthquake-flood-alert\data\raw\floods\07374000_Mississippi_River_at_Baton_Rouge_LA_training.csv
2026-02-07 23:24:11,496 - src.utils.helpers - INFO - Loaded existing flood data from c:\Users\woodn\OneDrive\Desktop\MAPOU_LAB_CAPSTONE\earthquake-flood-alert\data\raw\floods\07374000_Mississippi_River_at_Baton_Rouge_LA_training.csv
2026-02-07 23:25:19,331 - src.utils.helpers - INFO - Config loaded successfully from c:\Users\woodn\OneDrive\Desktop\MAPOU_LAB_CAPSTONE\earthquake-flood-alert\config\config.yaml
