2026-02-05 11:25:21,273 - __main__ - INFO - Fetching real-time earthquakes from last day...
2026-02-05 11:25:25,391 - __main__ - INFO - Fetching earthquakes for region: lat[32.5,42.0], lon[-124.5,-114.0]
2026-02-05 11:40:32,036 - __main__ - INFO - Fetching real-time earthquakes from last day...
2026-02-05 11:40:33,254 - __main__ - INFO - Fetching earthquakes for region: lat[32.5,42.0], lon[-124.5,-114.0]
2026-02-05 11:43:39,824 - __main__ - INFO - Fetching data for Mississippi River at Baton Rouge, LA...
2026-02-05 11:43:39,824 - __main__ - INFO - Fetching daily values for site 07374000: 2010-01-01 to 2024-01-01
2026-02-05 11:43:43,923 - __main__ - INFO - Fetching data for Potomac River at Little Falls, MD...
2026-02-05 11:43:43,927 - __main__ - INFO - Fetching daily values for site 01646500: 2010-01-01 to 2024-01-01
2026-02-05 11:43:48,432 - __main__ - INFO - Fetching data for Willamette River at Portland, OR...
2026-02-05 11:43:48,432 - __main__ - INFO - Fetching daily values for site 14211720: 2010-01-01 to 2024-01-01
2026-02-05 11:43:51,659 - __main__ - INFO - Fetching data for Neches River at Evadale, TX...
2026-02-05 11:43:51,659 - __main__ - INFO - Fetching daily values for site 08067000: 2010-01-01 to 2024-01-01
2026-02-05 11:43:55,134 - __main__ - INFO - Fetching data for White River at Hazleton, IN...
2026-02-05 11:43:55,134 - __main__ - INFO - Fetching daily values for site 03374100: 2010-01-01 to 2024-01-01
2026-02-05 22:01:18,997 - __main__ - INFO - Loading prediction models...
2026-02-05 22:01:19,004 - __main__ - WARNING - Earthquake model not found
2026-02-05 22:01:19,010 - __main__ - WARNING - Flood model not found for site 07374000
2026-02-05 22:01:19,016 - __main__ - WARNING - Flood model not found for site 01646500
2026-02-05 22:01:19,019 - __main__ - WARNING - Flood model not found for site 14211720
2026-02-05 22:01:19,022 - __main__ - WARNING - Flood model not found for site 08067000
2026-02-05 22:01:19,024 - __main__ - WARNING - Flood model not found for site 03374100
2026-02-05 22:01:19,066 - __main__ - INFO - ============================================================
2026-02-05 22:01:19,078 - __main__ - INFO - STARTING CONTINUOUS DISASTER MONITORING SYSTEM
2026-02-05 22:01:19,082 - __main__ - INFO - ============================================================
2026-02-05 22:01:19,082 - __main__ - INFO - Monitoring interval: 1 hour(s)
2026-02-05 22:01:19,084 - __main__ - INFO - Press Ctrl+C to stop
2026-02-05 22:01:19,090 - __main__ - INFO - ============================================================
2026-02-05 22:01:19,098 - __main__ - INFO - STARTING MONITORING CYCLE - 2026-02-05 22:01:19.098152
2026-02-05 22:01:19,100 - __main__ - INFO - ============================================================
2026-02-05 22:01:19,100 - __main__ - INFO - Monitoring earthquakes...
2026-02-05 22:01:19,106 - __main__ - WARNING - Earthquake model not loaded, skipping monitoring
2026-02-05 22:01:19,110 - __main__ - INFO - Monitoring flood conditions...
2026-02-05 22:01:19,112 - __main__ - WARNING - Flood models not loaded, skipping monitoring
2026-02-05 22:01:19,114 - __main__ - INFO - ============================================================
2026-02-05 22:01:19,116 - __main__ - INFO - MONITORING CYCLE COMPLETE
2026-02-05 22:01:19,118 - __main__ - INFO - Total alerts generated: 0
2026-02-05 22:01:19,125 - __main__ - INFO - ============================================================
2026-02-05 22:52:15,357 - __main__ - INFO - Loading prediction models...
2026-02-05 22:52:15,366 - __main__ - WARNING - Earthquake model not found
2026-02-05 22:52:15,366 - __main__ - WARNING - Flood model not found for site 07374000
2026-02-05 22:52:15,366 - __main__ - WARNING - Flood model not found for site 01646500
2026-02-05 22:52:15,366 - __main__ - WARNING - Flood model not found for site 14211720
2026-02-05 22:52:15,370 - __main__ - WARNING - Flood model not found for site 08067000
2026-02-05 22:52:15,372 - __main__ - WARNING - Flood model not found for site 03374100
2026-02-05 22:52:15,386 - __main__ - INFO - ============================================================
2026-02-05 22:52:15,388 - __main__ - INFO - STARTING CONTINUOUS DISASTER MONITORING SYSTEM
2026-02-05 22:52:15,388 - __main__ - INFO - ============================================================
2026-02-05 22:52:15,388 - __main__ - INFO - Monitoring interval: 1 hour(s)
2026-02-05 22:52:15,388 - __main__ - INFO - Press Ctrl+C to stop
2026-02-05 22:52:15,388 - __main__ - INFO - ============================================================
2026-02-05 22:52:15,388 - __main__ - INFO - STARTING MONITORING CYCLE - 2026-02-05 22:52:15.388830
2026-02-05 22:52:15,388 - __main__ - INFO - ============================================================
2026-02-05 22:52:15,388 - __main__ - INFO - Monitoring earthquakes...
2026-02-05 22:52:15,388 - __main__ - WARNING - Earthquake model not loaded, skipping monitoring
2026-02-05 22:52:15,388 - __main__ - INFO - Monitoring flood conditions...
2026-02-05 22:52:15,388 - __main__ - WARNING - Flood models not loaded, skipping monitoring
2026-02-05 22:52:15,388 - __main__ - INFO - ============================================================
2026-02-05 22:52:15,388 - __main__ - INFO - MONITORING CYCLE COMPLETE
2026-02-05 22:52:15,396 - __main__ - INFO - Total alerts generated: 0
2026-02-05 22:52:15,396 - __main__ - INFO - ============================================================
2026-02-05 23:45:49,046 - src.alert_system.alert_manager - INFO - Generated earthquake alert: Alert(earthquake, HIGH, San Francisco Bay Area, California, 85.00%)
2026-02-06 00:02:53,649 - src.alert_system.alert_manager - INFO - Generated earthquake alert: Alert(earthquake, HIGH, San Francisco Bay Area, California, 85.00%)
2026-02-06 00:02:57,438 - src.alert_system.notifier - INFO - Email alert sent to 1 recipients
2026-02-06 00:33:26,551 - src.alert_system.alert_manager - INFO - Generated earthquake alert: Alert(earthquake, HIGH, San Francisco Bay Area, California, 85.00%)
2026-02-06 01:09:59,795 - src.alert_system.alert_manager - INFO - Generated earthquake alert: Alert(earthquake, HIGH, San Francisco Bay Area, California, 85.00%)
2026-02-06 01:11:45,496 - src.alert_system.alert_manager - INFO - Generated earthquake alert: Alert(earthquake, HIGH, San Francisco Bay Area, California, 85.00%)
2026-02-06 01:11:49,371 - src.alert_system.notifier - INFO - Email alert sent to 1 recipients
2026-02-06 01:13:40,886 - src.alert_system.alert_manager - INFO - Generated earthquake alert: Alert(earthquake, HIGH, San Francisco Bay Area, California, 85.00%)
2026-02-06 01:13:44,146 - src.alert_system.notifier - INFO - Email alert sent to 1 recipients
2026-02-06 01:32:00,561 - src.alert_system.alert_manager - INFO - Generated earthquake alert: Alert(earthquake, HIGH, San Francisco Bay Area, California, 85.00%)
2026-02-06 01:34:32,081 - src.alert_system.alert_manager - INFO - Generated earthquake alert: Alert(earthquake, HIGH, San Francisco Bay Area, California, 85.00%)
2026-02-06 01:34:40,156 - src.alert_system.notifier - INFO - Email alert sent to 1 recipients
2026-02-06 01:50:27,305 - src.alert_system.alert_manager - INFO - Generated earthquake alert: Alert(earthquake, HIGH, Los Angeles, California, 72.00%)
2026-02-06 01:50:27,309 - src.alert_system.alert_manager - INFO - Generated flood alert: Alert(flood, HIGH, Mississippi River at Baton Rouge, LA, 88.00%)
2026-02-06 01:50:28,114 - src.alert_system.alert_manager - INFO - Generated earthquake alert: Alert(earthquake, HIGH, San Francisco Bay Area, California, 85.00%)
2026-02-06 01:50:38,921 - src.alert_system.notifier - INFO - Email alert sent to 1 recipients
2026-02-06 02:10:43,162 - src.alert_system.alert_manager - INFO - Generated earthquake alert: Alert(earthquake, HIGH, San Francisco Bay Area, California, 85.00%)
2026-02-06 02:10:55,747 - src.alert_system.notifier - INFO - Email alert sent to 1 recipients
2026-02-06 02:14:45,330 - src.alert_system.alert_manager - INFO - Generated earthquake alert: Alert(earthquake, HIGH, San Francisco Bay Area, California, 85.00%)
2026-02-06 02:14:47,841 - src.alert_system.notifier - ERROR - Failed to send email alert: 'list' object has no attribute 'encode'
2026-02-07 09:32:05,350 - src.alert_system.alert_manager - INFO - Generated earthquake alert: Alert(earthquake, HIGH, San Francisco Bay Area, California, 85.00%)
2026-02-07 09:33:49,210 - src.alert_system.alert_manager - INFO - Generated earthquake alert: Alert(earthquake, HIGH, San Francisco Bay Area, California, 85.00%)
2026-02-07 09:33:59,158 - src.alert_system.notifier - INFO - Email alert sent to 1 recipients
2026-02-07 09:51:12,160 - src.alert_system.alert_manager - INFO - Generated earthquake alert: Alert(earthquake, HIGH, San Francisco Bay Area, California, 85.00%)
2026-02-07 09:59:24,612 - src.alert_system.alert_manager - INFO - Generated earthquake alert: Alert(earthquake, HIGH, San Francisco Bay Area, California, 85.00%)
2026-02-07 10:00:16,579 - src.alert_system.alert_manager - INFO - Generated earthquake alert: Alert(earthquake, HIGH, San Francisco Bay Area, California, 85.00%)
2026-02-07 10:00:27,185 - src.alert_system.notifier - INFO - Email alert sent to 1 recipient(s)
2026-02-07 21:36:24,097 - __main__ - INFO - Fetching data for Mississippi River at Baton Rouge, LA...
2026-02-07 21:36:24,097 - __main__ - INFO - Fetching daily values for site 07374000: 2010-01-01 to 2024-01-01
2026-02-07 21:36:37,024 - __main__ - INFO - Fetched 5079 daily records
2026-02-07 21:36:38,030 - __main__ - INFO - Fetching data for Potomac River at Little Falls, MD...
2026-02-07 21:36:38,042 - __main__ - INFO - Fetching daily values for site 01646500: 2010-01-01 to 2024-01-01
2026-02-07 21:36:41,678 - __main__ - INFO - Fetched 5114 daily records
2026-02-07 21:36:42,683 - __main__ - INFO - Fetching data for Willamette River at Portland, OR...
2026-02-07 21:36:42,685 - __main__ - INFO - Fetching daily values for site 14211720: 2010-01-01 to 2024-01-01
2026-02-07 21:36:46,590 - __main__ - INFO - Fetched 5114 daily records
2026-02-07 21:36:47,596 - __main__ - INFO - Fetching data for Neches River at Evadale, TX...
2026-02-07 21:36:47,598 - __main__ - INFO - Fetching daily values for site 08067000: 2010-01-01 to 2024-01-01
2026-02-07 21:37:03,587 - __main__ - INFO - Fetched 5082 daily records
2026-02-07 21:37:04,592 - __main__ - INFO - Fetching data for White River at Hazleton, IN...
2026-02-07 21:37:04,592 - __main__ - INFO - Fetching daily values for site 03374100: 2010-01-01 to 2024-01-01
2026-02-07 21:37:08,526 - __main__ - INFO - Fetched 4841 daily records
2026-02-07 21:37:09,529 - __main__ - INFO - Fetched data for 5 sites
2026-02-07 21:37:09,670 - __main__ - INFO - Saved to data/raw/floods/07374000_Mississippi_River_at_Baton_Rouge_LA_training.csv
2026-02-07 21:38:02,766 - __main__ - INFO - Fetching data for Mississippi River at Baton Rouge, LA...
2026-02-07 21:38:02,769 - __main__ - INFO - Fetching daily values for site 07374000: 2010-01-01 to 2024-01-01
2026-02-07 21:38:08,599 - __main__ - INFO - Fetched 5079 daily records
2026-02-07 21:38:09,602 - __main__ - INFO - Fetching data for Potomac River at Little Falls, MD...
2026-02-07 21:38:09,603 - __main__ - INFO - Fetching daily values for site 01646500: 2010-01-01 to 2024-01-01
2026-02-07 21:38:12,414 - __main__ - INFO - Fetched 5114 daily records
2026-02-07 21:38:13,427 - __main__ - INFO - Fetching data for Willamette River at Portland, OR...
2026-02-07 21:38:13,438 - __main__ - INFO - Fetching daily values for site 14211720: 2010-01-01 to 2024-01-01
2026-02-07 21:38:15,887 - __main__ - INFO - Fetched 5114 daily records
2026-02-07 21:38:16,891 - __main__ - INFO - Fetching data for Neches River at Evadale, TX...
2026-02-07 21:38:16,893 - __main__ - INFO - Fetching daily values for site 08067000: 2010-01-01 to 2024-01-01
2026-02-07 21:38:23,068 - __main__ - INFO - Fetched 5082 daily records
2026-02-07 21:38:24,071 - __main__ - INFO - Fetching data for White River at Hazleton, IN...
2026-02-07 21:38:24,072 - __main__ - INFO - Fetching daily values for site 03374100: 2010-01-01 to 2024-01-01
2026-02-07 21:38:27,255 - __main__ - INFO - Fetched 4841 daily records
2026-02-07 21:38:28,259 - __main__ - INFO - Fetched data for 5 sites
2026-02-07 21:38:28,400 - __main__ - INFO - Saved to data/raw/floods/07374000_Mississippi_River_at_Baton_Rouge_LA_training.csv
2026-02-07 21:38:28,503 - __main__ - INFO - Saved to data/raw/floods/01646500_Potomac_River_at_Little_Falls_MD_training.csv
2026-02-07 21:38:28,622 - __main__ - INFO - Saved to data/raw/floods/14211720_Willamette_River_at_Portland_OR_training.csv
2026-02-07 21:38:28,729 - __main__ - INFO - Saved to data/raw/floods/08067000_Neches_River_at_Evadale_TX_training.csv
2026-02-07 21:38:28,826 - __main__ - INFO - Saved to data/raw/floods/03374100_White_River_at_Hazleton_IN_training.csv
2026-02-07 21:42:33,452 - __main__ - INFO - Fetching data for Mississippi River at Baton Rouge, LA...
2026-02-07 21:42:33,455 - __main__ - INFO - Fetching daily values for site 07374000: 2010-01-01 to 2024-01-01
2026-02-07 21:42:39,312 - __main__ - INFO - Fetched 5079 daily records
2026-02-07 21:42:40,322 - __main__ - INFO - Fetching data for Potomac River at Little Falls, MD...
2026-02-07 21:42:40,324 - __main__ - INFO - Fetching daily values for site 01646500: 2010-01-01 to 2024-01-01
2026-02-07 21:42:43,104 - __main__ - INFO - Fetched 5114 daily records
2026-02-07 21:42:44,108 - __main__ - INFO - Fetching data for Willamette River at Portland, OR...
2026-02-07 21:42:44,110 - __main__ - INFO - Fetching daily values for site 14211720: 2010-01-01 to 2024-01-01
2026-02-07 21:42:46,898 - __main__ - INFO - Fetched 5114 daily records
2026-02-07 21:42:47,901 - __main__ - INFO - Fetching data for Neches River at Evadale, TX...
2026-02-07 21:42:47,903 - __main__ - INFO - Fetching daily values for site 08067000: 2010-01-01 to 2024-01-01
2026-02-07 21:42:50,395 - __main__ - INFO - Fetched 5082 daily records
2026-02-07 21:42:51,398 - __main__ - INFO - Fetching data for White River at Hazleton, IN...
2026-02-07 21:42:51,400 - __main__ - INFO - Fetching daily values for site 03374100: 2010-01-01 to 2024-01-01
2026-02-07 21:42:56,416 - __main__ - INFO - Fetched 4841 daily records
2026-02-07 21:42:57,419 - __main__ - INFO - Completed data collection: 5/5 sites fetched successfully
2026-02-07 21:42:57,562 - __main__ - INFO - Saved to data/raw/floods/07374000_Mississippi_River_at_Baton_Rouge_LA_training.csv
2026-02-07 21:42:57,669 - __main__ - INFO - Saved to data/raw/floods/01646500_Potomac_River_at_Little_Falls_MD_training.csv
2026-02-07 21:42:57,768 - __main__ - INFO - Saved to data/raw/floods/14211720_Willamette_River_at_Portland_OR_training.csv
2026-02-07 21:42:57,873 - __main__ - INFO - Saved to data/raw/floods/08067000_Neches_River_at_Evadale_TX_training.csv
2026-02-07 21:42:57,968 - __main__ - INFO - Saved to data/raw/floods/03374100_White_River_at_Hazleton_IN_training.csv
